Component: ARM Compiler 5.06 update 4 (build 422) Tool: armlink [4d35d2]

==============================================================================

Section Cross References

    main.o(i.SpiInit) refers to main.o(i.nrf_gpio_cfg_output) for nrf_gpio_cfg_output
    main.o(i.SpiInit) refers to main.o(i.nrf_gpio_pin_clear) for nrf_gpio_pin_clear
    main.o(i.SpiInit) refers to main.o(i.nrf_gpio_pin_set) for nrf_gpio_pin_set
    main.o(i.SpiInit) refers to nrf_drv_spi.o(i.nrf_drv_spi_init) for nrf_drv_spi_init
    main.o(i.SpiInit) refers to app_error_handler_keil.o(.emb_text) for app_error_handler
    main.o(i.SpiInit) refers to main.o(.constdata) for .constdata
    main.o(i.SpiInit) refers to main.o(i.spi_event_handler) for spi_event_handler
    main.o(i.SpiRead) refers to main.o(i.nrf_gpio_pin_clear) for nrf_gpio_pin_clear
    main.o(i.SpiRead) refers to main.o(i.nrf_drv_spi_transfer) for nrf_drv_spi_transfer
    main.o(i.SpiRead) refers to main.o(i.nrfx_coredep_delay_us) for nrfx_coredep_delay_us
    main.o(i.SpiRead) refers to main.o(i.nrf_gpio_pin_set) for nrf_gpio_pin_set
    main.o(i.SpiRead) refers to printf5.o(i.__0printf$5) for __2printf
    main.o(i.SpiRead) refers to main.o(.constdata) for .constdata
    main.o(i.SpiWrite) refers to main.o(i.nrf_gpio_pin_clear) for nrf_gpio_pin_clear
    main.o(i.SpiWrite) refers to main.o(i.nrf_drv_spi_transfer) for nrf_drv_spi_transfer
    main.o(i.SpiWrite) refers to main.o(i.nrfx_coredep_delay_us) for nrfx_coredep_delay_us
    main.o(i.SpiWrite) refers to main.o(i.nrf_gpio_pin_set) for nrf_gpio_pin_set
    main.o(i.SpiWrite) refers to printf5.o(i.__0printf$5) for __2printf
    main.o(i.SpiWrite) refers to main.o(.constdata) for .constdata
    main.o(i.advertising_init) refers to memseta.o(.text) for __aeabi_memclr4
    main.o(i.advertising_init) refers to ble_advertising.o(i.ble_advertising_init) for ble_advertising_init
    main.o(i.advertising_init) refers to app_error_handler_keil.o(.emb_text) for app_error_handler
    main.o(i.advertising_init) refers to ble_advertising.o(i.ble_advertising_conn_cfg_tag_set) for ble_advertising_conn_cfg_tag_set
    main.o(i.advertising_init) refers to main.o(.data) for .data
    main.o(i.advertising_init) refers to main.o(i.on_adv_evt) for on_adv_evt
    main.o(i.advertising_init) refers to main.o(.bss) for .bss
    main.o(i.advertising_init) refers to main.o(i.main) for i.main
    main.o(i.assert_nrf_callback) refers to app_error_handler_keil.o(.emb_text) for app_error_handler
    main.o(i.ble_evt_handler) refers to nrf_log_frontend.o(i.nrf_log_frontend_std_0) for nrf_log_frontend_std_0
    main.o(i.ble_evt_handler) refers to app_error_handler_keil.o(.emb_text) for app_error_handler
    main.o(i.ble_evt_handler) refers to main.o(i.nrf_gpio_pin_clear) for nrf_gpio_pin_clear
    main.o(i.ble_evt_handler) refers to bsp.o(i.bsp_indication_set) for bsp_indication_set
    main.o(i.ble_evt_handler) refers to nrf_log_frontend.o(i.nrf_log_frontend_std_1) for nrf_log_frontend_std_1
    main.o(i.ble_evt_handler) refers to nrf_ble_qwr.o(i.nrf_ble_qwr_conn_handle_assign) for nrf_ble_qwr_conn_handle_assign
    main.o(i.ble_evt_handler) refers to main.o(i.nrf_gpio_pin_set) for nrf_gpio_pin_set
    main.o(i.ble_evt_handler) refers to main.o(.data) for .data
    main.o(i.ble_evt_handler) refers to nrf_log_frontend.o(log_dynamic_data) for m_nrf_log_app_logs_data_dynamic
    main.o(i.ble_evt_handler) refers to main.o(.constdata) for .constdata
    main.o(i.ble_evt_handler) refers to main.o(.bss) for .bss
    main.o(i.ble_stack_init) refers to nrf_sdh.o(i.nrf_sdh_enable_request) for nrf_sdh_enable_request
    main.o(i.ble_stack_init) refers to app_error_handler_keil.o(.emb_text) for app_error_handler
    main.o(i.ble_stack_init) refers to nrf_sdh_ble.o(i.nrf_sdh_ble_default_cfg_set) for nrf_sdh_ble_default_cfg_set
    main.o(i.ble_stack_init) refers to nrf_sdh_ble.o(i.nrf_sdh_ble_enable) for nrf_sdh_ble_enable
    main.o(i.ble_stack_init) refers to main.o(i.main) for i.main
    main.o(i.bsp_event_handler) refers to main.o(i.sleep_mode_enter) for sleep_mode_enter
    main.o(i.bsp_event_handler) refers to ble_advertising.o(i.ble_advertising_restart_without_whitelist) for ble_advertising_restart_without_whitelist
    main.o(i.bsp_event_handler) refers to app_error_handler_keil.o(.emb_text) for app_error_handler
    main.o(i.bsp_event_handler) refers to main.o(.data) for .data
    main.o(i.bsp_event_handler) refers to main.o(.bss) for .bss
    main.o(i.conn_params_error_handler) refers to app_error_handler_keil.o(.emb_text) for app_error_handler
    main.o(i.gap_params_init) refers to app_error_handler_keil.o(.emb_text) for app_error_handler
    main.o(i.gap_params_init) refers to main.o(i.main) for i.main
    main.o(i.gatt_evt_handler) refers to nrf_log_frontend.o(i.nrf_log_frontend_std_2) for nrf_log_frontend_std_2
    main.o(i.gatt_evt_handler) refers to main.o(.data) for .data
[...]
    _clock_init                               - Undefined Weak Reference
    _microlib_exit                            - Undefined Weak Reference
    fs_data$$Base                             - Undefined Reference
    fs_data$$Limit                            - Undefined Reference
    pwr_mgmt_data0$$Base                      - Undefined Reference
    pwr_mgmt_data0$$Limit                     - Undefined Reference
    pwr_mgmt_data1$$Base                      - Undefined Reference
    pwr_mgmt_data1$$Limit                     - Undefined Reference
    pwr_mgmt_data2$$Base                      - Undefined Reference
    pwr_mgmt_data2$$Limit                     - Undefined Reference
    sdh_req_observers1$$Base                  - Undefined Reference
    sdh_req_observers1$$Limit                 - Undefined Reference
    sdh_stack_observers1$$Base                - Undefined Reference
    sdh_stack_observers1$$Limit               - Undefined Reference
    sdh_state_observers1$$Base                - Undefined Reference
    sdh_state_observers1$$Limit               - Undefined Reference
    __Vectors_Size                           0x00000200   Number         0  arm_startup_nrf52.o ABSOLUTE
    __Vectors                                0x00026000   Data           4  arm_startup_nrf52.o(RESET)
    __Vectors_End                            0x00026200   Data           0  arm_startup_nrf52.o(RESET)
    __main                                   0x00026201   Thumb Code     0  entry.o(.ARM.Collect$$$$00000000)
    _main_stk                                0x00026201   Thumb Code     0  entry2.o(.ARM.Collect$$$$00000001)
    _main_scatterload                        0x00026205   Thumb Code     0  entry5.o(.ARM.Collect$$$$00000004)
    __main_after_scatterload                 0x00026209   Thumb Code     0  entry5.o(.ARM.Collect$$$$00000004)
    _main_clock                              0x00026209   Thumb Code     0  entry7b.o(.ARM.Collect$$$$00000008)
    _main_cpp_init                           0x00026209   Thumb Code     0  entry8b.o(.ARM.Collect$$$$0000000A)
    _main_init                               0x00026209   Thumb Code     0  entry9a.o(.ARM.Collect$$$$0000000B)
    __rt_final_cpp                           0x00026211   Thumb Code     0  entry10a.o(.ARM.Collect$$$$0000000D)
    __rt_final_exit                          0x00026211   Thumb Code     0  entry11a.o(.ARM.Collect$$$$0000000F)
    app_error_handler                        0x00026215   Thumb Code    26  app_error_handler_keil.o(.emb_text)
    __asm___12_nrf_atfifo_c_51f461e1__nrf_atfifo_wspace_req 0x00026231   Thumb Code    56  nrf_atfifo.o(.emb_text)
    __asm___12_nrf_atfifo_c_51f461e1__nrf_atfifo_wspace_close 0x00026269   Thumb Code    18  nrf_atfifo.o(.emb_text)
    __asm___12_nrf_atfifo_c_51f461e1__nrf_atfifo_rspace_req 0x0002627b   Thumb Code    58  nrf_atfifo.o(.emb_text)
    __asm___12_nrf_atfifo_c_51f461e1__nrf_atfifo_rspace_close 0x000262b5   Thumb Code    18  nrf_atfifo.o(.emb_text)
    __asm___12_nrf_atfifo_c_51f461e1__nrf_atfifo_space_clear 0x000262c7   Thumb Code    50  nrf_atfifo.o(.emb_text)
    __asm___12_nrf_atomic_c_85ca2469__nrf_atomic_internal_mov 0x000262f9   Thumb Code    24  nrf_atomic.o(.emb_text)
    __asm___12_nrf_atomic_c_85ca2469__nrf_atomic_internal_orr 0x00026311   Thumb Code    26  nrf_atomic.o(.emb_text)
    __asm___12_nrf_atomic_c_85ca2469__nrf_atomic_internal_and 0x0002632b   Thumb Code    26  nrf_atomic.o(.emb_text)
    __asm___12_nrf_atomic_c_85ca2469__nrf_atomic_internal_eor 0x00026345   Thumb Code    26  nrf_atomic.o(.emb_text)
    __asm___12_nrf_atomic_c_85ca2469__nrf_atomic_internal_add 0x0002635f   Thumb Code    26  nrf_atomic.o(.emb_text)
    __asm___12_nrf_atomic_c_85ca2469__nrf_atomic_internal_sub 0x00026379   Thumb Code    26  nrf_atomic.o(.emb_text)
    __asm___12_nrf_atomic_c_85ca2469__nrf_atomic_internal_cmp_exch 0x00026393   Thumb Code    42  nrf_atomic.o(.emb_text)
    __asm___12_nrf_atomic_c_85ca2469__nrf_atomic_internal_sub_hs 0x000263bd   Thumb Code    30  nrf_atomic.o(.emb_text)
    Reset_Handler                            0x000263dd   Thumb Code     8  arm_startup_nrf52.o(.text)
    NMI_Handler                              0x000263e5   Thumb Code     2  arm_startup_nrf52.o(.text)
    HardFault_Handler                        0x000263e7   Thumb Code     2  arm_startup_nrf52.o(.text)
    MemoryManagement_Handler                 0x000263e9   Thumb Code     2  arm_startup_nrf52.o(.text)
    BusFault_Handler                         0x000263eb   Thumb Code     2  arm_startup_nrf52.o(.text)
    UsageFault_Handler                       0x000263ed   Thumb Code     2  arm_startup_nrf52.o(.text)
    SVC_Handler                              0x000263ef   Thumb Code     2  arm_startup_nrf52.o(.text)
    DebugMon_Handler                         0x000263f1   Thumb Code     2  arm_startup_nrf52.o(.text)
    PendSV_Handler                           0x000263f3   Thumb Code     2  arm_startup_nrf52.o(.text)
    SysTick_Handler                          0x000263f5   Thumb Code     2  arm_startup_nrf52.o(.text)
    CCM_AAR_IRQHandler                       0x000263f7   Thumb Code     0  arm_startup_nrf52.o(.text)
    COMP_LPCOMP_IRQHandler                   0x000263f7   Thumb Code     0  arm_startup_nrf52.o(.text)
    ECB_IRQHandler                           0x000263f7   Thumb Code     0  arm_startup_nrf52.o(.text)
    FPU_IRQHandler                           0x000263f7   Thumb Code     0  arm_startup_nrf52.o(.text)
    I2S_IRQHandler                           0x000263f7   Thumb Code     0  arm_startup_nrf52.o(.text)
    MWU_IRQHandler                           0x000263f7   Thumb Code     0  arm_startup_nrf52.o(.text)
    NFCT_IRQHandler                          0x000263f7   Thumb Code     0  arm_startup_nrf52.o(.text)
    PDM_IRQHandler                           0x000263f7   Thumb Code     0  arm_startup_nrf52.o(.text)
    PWM0_IRQHandler                          0x000263f7   Thumb Code     0  arm_startup_nrf52.o(.text)
    PWM1_IRQHandler                          0x000263f7   Thumb Code     0  arm_startup_nrf52.o(.text)
    PWM2_IRQHandler                          0x000263f7   Thumb Code     0  arm_startup_nrf52.o(.text)
    QDEC_IRQHandler                          0x000263f7   Thumb Code     0  arm_startup_nrf52.o(.text)
    RADIO_IRQHandler                         0x000263f7   Thumb Code     0  arm_startup_nrf52.o(.text)
    RNG_IRQHandler                           0x000263f7   Thumb Code     0  arm_startup_nrf52.o(.text)
    RTC0_IRQHandler                          0x000263f7   Thumb Code     0  arm_startup_nrf52.o(.text)
    RTC2_IRQHandler                          0x000263f7   Thumb Code     0  arm_startup_nrf52.o(.text)
    SPIM1_SPIS1_TWIM1_TWIS1_SPI1_TWI1_IRQHandler 0x000263f7   Thumb Code     0  arm_startup_nrf52.o(.text)
    SPIM2_SPIS2_SPI2_IRQHandler              0x000263f7   Thumb Code     0  arm_startup_nrf52.o(.text)
    SWI1_EGU1_IRQHandler                     0x000263f7   Thumb Code     0  arm_startup_nrf52.o(.text)
    SWI3_EGU3_IRQHandler                     0x000263f7   Thumb Code     0  arm_startup_nrf52.o(.text)
    SWI4_EGU4_IRQHandler                     0x000263f7   Thumb Code     0  arm_startup_nrf52.o(.text)
    SWI5_EGU5_IRQHandler                     0x000263f7   Thumb Code     0  arm_startup_nrf52.o(.text)
    TEMP_IRQHandler                          0x000263f7   Thumb Code     0  arm_startup_nrf52.o(.text)
    TIMER0_IRQHandler                        0x000263f7   Thumb Code     0  arm_startup_nrf52.o(.text)
    TIMER1_IRQHandler                        0x000263f7   Thumb Code     0  arm_startup_nrf52.o(.text)
    TIMER2_IRQHandler                        0x000263f7   Thumb Code     0  arm_startup_nrf52.o(.text)
    TIMER3_IRQHandler                        0x000263f7   Thumb Code     0  arm_startup_nrf52.o(.text)
    TIMER4_IRQHandler                        0x000263f7   Thumb Code     0  arm_startup_nrf52.o(.text)
    WDT_IRQHandler                           0x000263f7   Thumb Code     0  arm_startup_nrf52.o(.text)
    __aeabi_uldivmod                         0x00026401   Thumb Code    98  uldiv.o(.text)
    __aeabi_llsl                             0x00026463   Thumb Code    30  llshl.o(.text)
    _ll_shift_l                              0x00026463   Thumb Code     0  llshl.o(.text)
    __rt_ctype_table                         0x00026481   Thumb Code     4  ctype_o.o(.text)
    __aeabi_memcpy                           0x00026489   Thumb Code    36  memcpya.o(.text)
    __aeabi_memcpy4                          0x00026489   Thumb Code     0  memcpya.o(.text)
    __aeabi_memcpy8                          0x00026489   Thumb Code     0  memcpya.o(.text)
    __aeabi_memset                           0x000264ad   Thumb Code    14  memseta.o(.text)
    __aeabi_memset4                          0x000264ad   Thumb Code     0  memseta.o(.text)
    __aeabi_memset8                          0x000264ad   Thumb Code     0  memseta.o(.text)
    __aeabi_memclr                           0x000264bb   Thumb Code     4  memseta.o(.text)
    __aeabi_memclr4                          0x000264bb   Thumb Code     0  memseta.o(.text)
    __aeabi_memclr8                          0x000264bb   Thumb Code     0  memseta.o(.text)
    _memset$wrapper                          0x000264bf   Thumb Code    18  memseta.o(.text)
    strlen                                   0x000264d1   Thumb Code    14  strlen.o(.text)
    strcpy                                   0x000264df   Thumb Code    18  strcpy.o(.text)
    __aeabi_llsr                             0x000264f1   Thumb Code    32  llushr.o(.text)
    _ll_ushift_r                             0x000264f1   Thumb Code     0  llushr.o(.text)
    __scatterload                            0x00026511   Thumb Code    28  init.o(.text)
    __scatterload_rt2                        0x00026511   Thumb Code     0  init.o(.text)
    __decompress                             0x00026535   Thumb Code     0  __dczerorl2.o(.text)
    __decompress1                            0x00026535   Thumb Code    86  __dczerorl2.o(.text)
    GPIOTE_IRQHandler                        0x0002658d   Thumb Code   346  nrfx_gpiote.o(i.GPIOTE_IRQHandler)
    POWER_CLOCK_IRQHandler                   0x00026755   Thumb Code    82  nrfx_clock.o(i.POWER_CLOCK_IRQHandler)
    RTC1_IRQHandler                          0x000267ad   Thumb Code    32  app_timer.o(i.RTC1_IRQHandler)
    SAADC_IRQHandler                         0x000267d1   Thumb Code   320  nrfx_saadc.o(i.SAADC_IRQHandler)
    SEGGER_RTT_Init                          0x00026919   Thumb Code     4  segger_rtt.o(i.SEGGER_RTT_Init)
    SEGGER_RTT_WriteNoLock                   0x0002691d   Thumb Code    86  segger_rtt.o(i.SEGGER_RTT_WriteNoLock)
    SPIM0_SPIS0_TWIM0_TWIS0_SPI0_TWI0_IRQHandler 0x00026979   Thumb Code    76  nrfx_spim.o(i.SPIM0_SPIS0_TWIM0_TWIS0_SPI0_TWI0_IRQHandler)
    SWI0_EGU0_IRQHandler                     0x000269cd   Thumb Code     4  app_timer.o(i.SWI0_EGU0_IRQHandler)
    SWI2_EGU2_IRQHandler                     0x000269d1   Thumb Code     4  nrf_sdh.o(i.SWI2_EGU2_IRQHandler)
    SpiInit                                  0x000269d5   Thumb Code   120  main.o(i.SpiInit)
    SpiRead                                  0x00026a65   Thumb Code    56  main.o(i.SpiRead)
    SystemInit                               0x00026ab1   Thumb Code   726  system_nrf52.o(i.SystemInit)
    UARTE0_UART0_IRQHandler                  0x00026dcd   Thumb Code     6  nrfx_prs.o(i.UARTE0_UART0_IRQHandler)
    __0printf$5                              0x00026ef5   Thumb Code    22  printf5.o(i.__0printf$5)
    __1printf$5                              0x00026ef5   Thumb Code     0  printf5.o(i.__0printf$5)
    __2printf                                0x00026ef5   Thumb Code     0  printf5.o(i.__0printf$5)
    __scatterload_copy                       0x00026f15   Thumb Code    14  handlers.o(i.__scatterload_copy)
    __scatterload_null                       0x00026f23   Thumb Code     2  handlers.o(i.__scatterload_null)
    __scatterload_zeroinit                   0x00026f25   Thumb Code    14  handlers.o(i.__scatterload_zeroinit)
    app_button_enable                        0x000272a1   Thumb Code    32  app_button.o(i.app_button_enable)
    app_button_init                          0x000272c5   Thumb Code   102  app_button.o(i.app_button_init)
    app_error_fault_handler                  0x0002733d   Thumb Code   182  app_error_weak.o(i.app_error_fault_handler)
    app_error_save_and_stop                  0x000274b1   Thumb Code    96  app_error.o(i.app_error_save_and_stop)
    app_fifo_get                             0x00027515   Thumb Code    22  app_fifo.o(i.app_fifo_get)
    app_fifo_init                            0x0002752b   Thumb Code    32  app_fifo.o(i.app_fifo_init)
    app_fifo_put                             0x0002754b   Thumb Code    26  app_fifo.o(i.app_fifo_put)
    app_timer_create                         0x00027565   Thumb Code    32  app_timer.o(i.app_timer_create)
    app_timer_init                           0x00027589   Thumb Code    70  app_timer.o(i.app_timer_init)
    app_timer_start                          0x000275dd   Thumb Code   128  app_timer.o(i.app_timer_start)
    app_timer_stop                           0x00027665   Thumb Code    26  app_timer.o(i.app_timer_stop)
    app_uart_get                             0x00027685   Thumb Code    46  app_uart_fifo.o(i.app_uart_get)
    app_uart_init                            0x000276f9   Thumb Code   148  app_uart_fifo.o(i.app_uart_init)
    app_uart_put                             0x0002779d   Thumb Code    70  app_uart_fifo.o(i.app_uart_put)
    app_util_critical_region_enter           0x000277f1   Thumb Code    64  app_util_platform.o(i.app_util_critical_region_enter)
    app_util_critical_region_exit            0x00027839   Thumb Code    46  app_util_platform.o(i.app_util_critical_region_exit)
    blcm_link_ctx_get                        0x0002797d   Thumb Code    72  ble_link_ctx_manager.o(i.blcm_link_ctx_get)
    ble_advdata_encode                       0x000279c5   Thumb Code   386  ble_advdata.o(i.ble_advdata_encode)
    ble_advdata_parse                        0x00027b47   Thumb Code    32  ble_advdata.o(i.ble_advdata_parse)
    ble_advdata_search                       0x00027b67   Thumb Code    56  ble_advdata.o(i.ble_advdata_search)
    ble_advertising_conn_cfg_tag_set         0x00027b9f   Thumb Code     6  ble_advertising.o(i.ble_advertising_conn_cfg_tag_set)
    ble_advertising_init                     0x00027ba5   Thumb Code   250  ble_advertising.o(i.ble_advertising_init)
    ble_advertising_on_ble_evt               0x00027c9f   Thumb Code   106  ble_advertising.o(i.ble_advertising_on_ble_evt)
    ble_advertising_on_sys_evt               0x00027d09   Thumb Code    48  ble_advertising.o(i.ble_advertising_on_sys_evt)
    ble_advertising_restart_without_whitelist 0x00027d39   Thumb Code    58  ble_advertising.o(i.ble_advertising_restart_without_whitelist)
    ble_advertising_start                    0x00027d73   Thumb Code   566  ble_advertising.o(i.ble_advertising_start)
    ble_conn_params_init                     0x00027fa9   Thumb Code    90  ble_conn_params.o(i.ble_conn_params_init)
    ble_conn_state_conn_idx                  0x00028011   Thumb Code    18  ble_conn_state.o(i.ble_conn_state_conn_idx)
    ble_conn_state_valid                     0x00028025   Thumb Code    16  ble_conn_state.o(i.ble_conn_state_valid)
    ble_nus_data_send                        0x0002852d   Thumb Code   102  ble_nus.o(i.ble_nus_data_send)
    ble_nus_init                             0x00028595   Thumb Code    84  ble_nus.o(i.ble_nus_init)
    ble_nus_on_ble_evt                       0x000285ed   Thumb Code   112  ble_nus.o(i.ble_nus_on_ble_evt)
    ble_srv_is_notification_enabled          0x0002865d   Thumb Code     8  ble_srv_common.o(i.ble_srv_is_notification_enabled)
    bsp_board_button_idx_to_pin              0x000286a9   Thumb Code     6  boards.o(i.bsp_board_button_idx_to_pin)
    bsp_board_button_state_get               0x000286b5   Thumb Code    28  boards.o(i.bsp_board_button_state_get)
    bsp_board_init                           0x000286d5   Thumb Code    80  boards.o(i.bsp_board_init)
    bsp_board_led_invert                     0x00028729   Thumb Code    32  boards.o(i.bsp_board_led_invert)
    bsp_board_led_off                        0x0002874d   Thumb Code    10  boards.o(i.bsp_board_led_off)
    bsp_board_led_on                         0x0002875d   Thumb Code    10  boards.o(i.bsp_board_led_on)
    bsp_board_led_state_get                  0x0002876d   Thumb Code    28  boards.o(i.bsp_board_led_state_get)
    bsp_board_leds_off                       0x0002878d   Thumb Code    18  boards.o(i.bsp_board_leds_off)
    bsp_board_leds_on                        0x0002879f   Thumb Code    18  boards.o(i.bsp_board_leds_on)
    bsp_board_pin_to_button_idx              0x000287b1   Thumb Code    30  boards.o(i.bsp_board_pin_to_button_idx)
    bsp_btn_ble_init                         0x000287d5   Thumb Code    42  bsp_btn_ble.o(i.bsp_btn_ble_init)
    bsp_btn_ble_sleep_mode_prepare           0x00028805   Thumb Code    30  bsp_btn_ble.o(i.bsp_btn_ble_sleep_mode_prepare)
    bsp_button_is_pressed                    0x00028905   Thumb Code    12  bsp.o(i.bsp_button_is_pressed)
    bsp_event_handler                        0x00028911   Thumb Code    86  main.o(i.bsp_event_handler)
    bsp_event_to_button_action_assign        0x00028981   Thumb Code    64  bsp.o(i.bsp_event_to_button_action_assign)
    bsp_indication_set                       0x000289c5   Thumb Code    20  bsp.o(i.bsp_indication_set)
    bsp_init                                 0x000289dd   Thumb Code   126  bsp.o(i.bsp_init)
    bsp_wakeup_button_enable                 0x00028c29   Thumb Code     6  bsp.o(i.bsp_wakeup_button_enable)
    buffer_is_empty                          0x00028ce1   Thumb Code    16  nrf_log_frontend.o(i.buffer_is_empty)
    conn_handle_list_get                     0x00028e61   Thumb Code    62  ble_conn_state.o(i.conn_handle_list_get)
    fputc                                    0x0002921b   Thumb Code    14  retarget.o(i.fputc)
    gatt_evt_handler                         0x0002928d   Thumb Code    72  main.o(i.gatt_evt_handler)
    gatt_init                                0x00029339   Thumb Code    50  main.o(i.gatt_init)
    main                                     0x000297b9   Thumb Code   526  main.o(i.main)
    nrf_atfifo_item_free                     0x00029c6d   Thumb Code    22  nrf_atfifo.o(i.nrf_atfifo_item_free)
    nrf_atfifo_item_get                      0x00029c83   Thumb Code    22  nrf_atfifo.o(i.nrf_atfifo_item_get)
    nrf_atflags_clear                        0x00029c99   Thumb Code    22  nrf_atflags.o(i.nrf_atflags_clear)
    nrf_atflags_get                          0x00029caf   Thumb Code    22  nrf_atflags.o(i.nrf_atflags_get)
    nrf_atflags_set                          0x00029cc5   Thumb Code    20  nrf_atflags.o(i.nrf_atflags_set)
    nrf_atomic_flag_clear_fetch              0x00029cd9   Thumb Code     6  nrf_atomic.o(i.nrf_atomic_flag_clear_fetch)
    nrf_atomic_flag_set                      0x00029cdf   Thumb Code     6  nrf_atomic.o(i.nrf_atomic_flag_set)
    nrf_atomic_u32_add                       0x00029ce5   Thumb Code    12  nrf_atomic.o(i.nrf_atomic_u32_add)
    nrf_atomic_u32_and                       0x00029cf1   Thumb Code    12  nrf_atomic.o(i.nrf_atomic_u32_and)
    nrf_atomic_u32_fetch_and                 0x00029cfd   Thumb Code    10  nrf_atomic.o(i.nrf_atomic_u32_fetch_and)
    nrf_atomic_u32_fetch_store               0x00029d07   Thumb Code    10  nrf_atomic.o(i.nrf_atomic_u32_fetch_store)
    nrf_atomic_u32_or                        0x00029d11   Thumb Code    12  nrf_atomic.o(i.nrf_atomic_u32_or)
    nrf_atomic_u32_sub                       0x00029d1d   Thumb Code    12  nrf_atomic.o(i.nrf_atomic_u32_sub)
    nrf_balloc_alloc                         0x00029d29   Thumb Code    68  nrf_balloc.o(i.nrf_balloc_alloc)
    nrf_balloc_free                          0x00029d6d   Thumb Code    48  nrf_balloc.o(i.nrf_balloc_free)
    nrf_balloc_init                          0x00029d9d   Thumb Code    48  nrf_balloc.o(i.nrf_balloc_init)
    nrf_ble_gatt_att_mtu_periph_set          0x00029df1   Thumb Code    24  nrf_ble_gatt.o(i.nrf_ble_gatt_att_mtu_periph_set)
    nrf_ble_gatt_init                        0x00029e09   Thumb Code    34  nrf_ble_gatt.o(i.nrf_ble_gatt_init)
    nrf_ble_gatt_on_ble_evt                  0x00029e2d   Thumb Code   212  nrf_ble_gatt.o(i.nrf_ble_gatt_on_ble_evt)
    nrf_ble_qwr_conn_handle_assign           0x00029f7d   Thumb Code    22  nrf_ble_qwr.o(i.nrf_ble_qwr_conn_handle_assign)
    nrf_ble_qwr_init                         0x00029f93   Thumb Code    36  nrf_ble_qwr.o(i.nrf_ble_qwr_init)
    nrf_ble_qwr_on_ble_evt                   0x00029fb7   Thumb Code   182  nrf_ble_qwr.o(i.nrf_ble_qwr_on_ble_evt)
    nrf_drv_clock_init                       0x0002a08d   Thumb Code    48  nrf_drv_clock.o(i.nrf_drv_clock_init)
    nrf_drv_clock_lfclk_release              0x0002a0c5   Thumb Code    42  nrf_drv_clock.o(i.nrf_drv_clock_lfclk_release)
    nrf_drv_spi_init                         0x0002a0f5   Thumb Code    98  nrf_drv_spi.o(i.nrf_drv_spi_init)
    nrf_drv_uart_init                        0x0002a17d   Thumb Code    90  nrf_drv_uart.o(i.nrf_drv_uart_init)
    nrf_fprintf                              0x0002a225   Thumb Code    26  nrf_fprintf.o(i.nrf_fprintf)
    nrf_fprintf_buffer_flush                 0x0002a23f   Thumb Code    24  nrf_fprintf.o(i.nrf_fprintf_buffer_flush)
    nrf_fprintf_fmt                          0x0002a257   Thumb Code   474  nrf_fprintf_format.o(i.nrf_fprintf_fmt)
    nrf_fstorage_is_busy                     0x0002a431   Thumb Code    70  nrf_fstorage.o(i.nrf_fstorage_is_busy)
    nrf_fstorage_sdh_req_handler             0x0002a481   Thumb Code    18  nrf_fstorage_sd.o(i.nrf_fstorage_sdh_req_handler)
    nrf_fstorage_sdh_state_handler           0x0002a499   Thumb Code    28  nrf_fstorage_sd.o(i.nrf_fstorage_sdh_state_handler)
    nrf_fstorage_sys_evt_handler             0x0002a4b9   Thumb Code   154  nrf_fstorage_sd.o(i.nrf_fstorage_sys_evt_handler)
    nrf_log_backend_add                      0x0002a73d   Thumb Code    74  nrf_log_frontend.o(i.nrf_log_backend_add)
    nrf_log_backend_rtt_init                 0x0002a78f   Thumb Code     4  nrf_log_backend_rtt.o(i.nrf_log_backend_rtt_init)
    nrf_log_backend_serial_put               0x0002a7ad   Thumb Code   200  nrf_log_backend_serial.o(i.nrf_log_backend_serial_put)
    nrf_log_color_id_get                     0x0002a875   Thumb Code    42  nrf_log_frontend.o(i.nrf_log_color_id_get)
    nrf_log_default_backends_init            0x0002a8a5   Thumb Code    22  nrf_log_default_backends.o(i.nrf_log_default_backends_init)
    nrf_log_frontend_dequeue                 0x0002a8c1   Thumb Code   510  nrf_log_frontend.o(i.nrf_log_frontend_dequeue)
    nrf_log_frontend_hexdump                 0x0002aae1   Thumb Code   164  nrf_log_frontend.o(i.nrf_log_frontend_hexdump)
    nrf_log_frontend_std_0                   0x0002ab89   Thumb Code     8  nrf_log_frontend.o(i.nrf_log_frontend_std_0)
    nrf_log_frontend_std_1                   0x0002ab91   Thumb Code    14  nrf_log_frontend.o(i.nrf_log_frontend_std_1)
    nrf_log_frontend_std_2                   0x0002ab9f   Thumb Code    16  nrf_log_frontend.o(i.nrf_log_frontend_std_2)
    nrf_log_frontend_std_3                   0x0002abaf   Thumb Code    18  nrf_log_frontend.o(i.nrf_log_frontend_std_3)
    nrf_log_frontend_std_5                   0x0002abc1   Thumb Code    28  nrf_log_frontend.o(i.nrf_log_frontend_std_5)
    nrf_log_hexdump_entry_process            0x0002abdd   Thumb Code   146  nrf_log_str_formatter.o(i.nrf_log_hexdump_entry_process)
    nrf_log_init                             0x0002ac89   Thumb Code    66  nrf_log_frontend.o(i.nrf_log_init)
    nrf_log_module_cnt_get                   0x0002ace1   Thumb Code    10  nrf_log_frontend.o(i.nrf_log_module_cnt_get)
    nrf_log_module_name_get                  0x0002acf5   Thumb Code    24  nrf_log_frontend.o(i.nrf_log_module_name_get)
    nrf_log_panic                            0x0002ad11   Thumb Code    34  nrf_log_frontend.o(i.nrf_log_panic)
    nrf_log_std_entry_process                0x0002ad39   Thumb Code   182  nrf_log_str_formatter.o(i.nrf_log_std_entry_process)
    nrf_memobj_alloc                         0x0002adef   Thumb Code    96  nrf_memobj.o(i.nrf_memobj_alloc)
    nrf_memobj_free                          0x0002ae4f   Thumb Code    50  nrf_memobj.o(i.nrf_memobj_free)
    nrf_memobj_get                           0x0002ae81   Thumb Code     8  nrf_memobj.o(i.nrf_memobj_get)
    nrf_memobj_pool_init                     0x0002ae89   Thumb Code     4  nrf_memobj.o(i.nrf_memobj_pool_init)
    nrf_memobj_put                           0x0002ae8d   Thumb Code    30  nrf_memobj.o(i.nrf_memobj_put)
    nrf_memobj_read                          0x0002aeab   Thumb Code    12  nrf_memobj.o(i.nrf_memobj_read)
    nrf_memobj_write                         0x0002aeb7   Thumb Code    12  nrf_memobj.o(i.nrf_memobj_write)
    nrf_pwr_mgmt_init                        0x0002aec5   Thumb Code    28  nrf_pwr_mgmt.o(i.nrf_pwr_mgmt_init)
    nrf_pwr_mgmt_run                         0x0002aeed   Thumb Code    64  nrf_pwr_mgmt.o(i.nrf_pwr_mgmt_run)
    nrf_sdh_ble_app_ram_start_get            0x0002af7d   Thumb Code    16  nrf_sdh_ble.o(i.nrf_sdh_ble_app_ram_start_get)
    nrf_sdh_ble_default_cfg_set              0x0002af91   Thumb Code   312  nrf_sdh_ble.o(i.nrf_sdh_ble_default_cfg_set)
    nrf_sdh_ble_enable                       0x0002b0e5   Thumb Code   116  nrf_sdh_ble.o(i.nrf_sdh_ble_enable)
    nrf_sdh_disable_request                  0x0002b2b9   Thumb Code    80  nrf_sdh.o(i.nrf_sdh_disable_request)
    nrf_sdh_enable_request                   0x0002b30d   Thumb Code   106  nrf_sdh.o(i.nrf_sdh_enable_request)
    nrf_sdh_evts_poll                        0x0002b385   Thumb Code    32  nrf_sdh.o(i.nrf_sdh_evts_poll)
    nrf_sdh_is_enabled                       0x0002b3a9   Thumb Code     6  nrf_sdh.o(i.nrf_sdh_is_enabled)
    nrf_sdh_request_continue                 0x0002b3b5   Thumb Code    22  nrf_sdh.o(i.nrf_sdh_request_continue)
    nrf_section_iter_init                    0x0002b451   Thumb Code    10  nrf_section_iter.o(i.nrf_section_iter_init)
    nrf_section_iter_next                    0x0002b47f   Thumb Code    32  nrf_section_iter.o(i.nrf_section_iter_next)
    nrf_strerror_find                        0x0002b4a9   Thumb Code    52  nrf_strerror.o(i.nrf_strerror_find)
    nrf_strerror_get                         0x0002b4e1   Thumb Code    14  nrf_strerror.o(i.nrf_strerror_get)
    nrfx_clock_enable                        0x0002b52d   Thumb Code    36  nrfx_clock.o(i.nrfx_clock_enable)
    nrfx_clock_init                          0x0002b559   Thumb Code    26  nrfx_clock.o(i.nrfx_clock_init)
    nrfx_clock_lfclk_stop                    0x0002b579   Thumb Code    20  nrfx_clock.o(i.nrfx_clock_lfclk_stop)
    nrfx_gpiote_in_event_enable              0x0002b5b5   Thumb Code   156  nrfx_gpiote.o(i.nrfx_gpiote_in_event_enable)
    nrfx_gpiote_in_init                      0x0002b659   Thumb Code   194  nrfx_gpiote.o(i.nrfx_gpiote_in_init)
    nrfx_gpiote_in_is_set                    0x0002b729   Thumb Code    20  nrfx_gpiote.o(i.nrfx_gpiote_in_is_set)
    nrfx_gpiote_init                         0x0002b73d   Thumb Code    98  nrfx_gpiote.o(i.nrfx_gpiote_init)
    nrfx_gpiote_is_init                      0x0002b7ad   Thumb Code    14  nrfx_gpiote.o(i.nrfx_gpiote_is_init)
    nrfx_prs_acquire                         0x0002b7e1   Thumb Code    58  nrfx_prs.o(i.nrfx_prs_acquire)
    nrfx_spim_init                           0x0002b81d   Thumb Code   392  nrfx_spim.o(i.nrfx_spim_init)
    nrfx_spim_xfer                           0x0002b9ad   Thumb Code    94  nrfx_spim.o(i.nrfx_spim_xfer)
    nrfx_uart_0_irq_handler                  0x0002ba11   Thumb Code     8  nrfx_uart.o(i.nrfx_uart_0_irq_handler)
    nrfx_uart_init                           0x0002ba21   Thumb Code   200  nrfx_uart.o(i.nrfx_uart_init)
    nrfx_uart_rx                             0x0002baf5   Thumb Code   230  nrfx_uart.o(i.nrfx_uart_rx)
    nrfx_uart_tx                             0x0002bbe1   Thumb Code   160  nrfx_uart.o(i.nrfx_uart_tx)
    nrfx_uart_tx_in_progress                 0x0002bc85   Thumb Code    26  nrfx_uart.o(i.nrfx_uart_tx_in_progress)
    nrfx_uarte_0_irq_handler                 0x0002bca5   Thumb Code     8  nrfx_uarte.o(i.nrfx_uarte_0_irq_handler)
    nrfx_uarte_init                          0x0002bcb5   Thumb Code   100  nrfx_uarte.o(i.nrfx_uarte_init)
    nrfx_uarte_rx                            0x0002bd21   Thumb Code   256  nrfx_uarte.o(i.nrfx_uarte_rx)
    nrfx_uarte_tx                            0x0002be25   Thumb Code   138  nrfx_uarte.o(i.nrfx_uarte_tx)
    nrfx_uarte_tx_in_progress                0x0002beb5   Thumb Code    22  nrfx_uarte.o(i.nrfx_uarte_tx_in_progress)
    spi_event_handler                        0x0002cbf9   Thumb Code     2  main.o(i.spi_event_handler)
    uart_event_handle                        0x0002d0d5   Thumb Code   184  main.o(i.uart_event_handle)
    nrf_log_backend_rtt_api                  0x0002d9f8   Data          12  nrf_log_backend_rtt.o(.constdata)
    m_ram_start                              0x0002da90   Data           4  nrf_sdh_ble.o(.constdata)
    __ctype_table                            0x0002dabc   Data         129  ctype_o.o(.constdata)
    Region$$Table$$Base                      0x0002e360   Number         0  anon$$obj.o(Region$$Table)
    Region$$Table$$Limit                     0x0002e380   Number         0  anon$$obj.o(Region$$Table)
    log_const_data$$Base                     0x0002e380   Number         0  nrf_ble_gatt.o(log_const_data)
    m_nrf_log_nrf_ble_gatt_logs_data_const   0x0002e380   Data           8  nrf_ble_gatt.o(log_const_data)
    m_nrf_log_ble_nus_logs_data_const        0x0002e388   Data           8  ble_nus.o(log_const_data)
    m_nrf_log_clock_logs_data_const          0x0002e390   Data           8  nrf_drv_clock.o(log_const_data)
    m_nrf_log_CLOCK_logs_data_const          0x0002e398   Data           8  nrfx_clock.o(log_const_data)
    m_nrf_log_GPIOTE_logs_data_const         0x0002e3a0   Data           8  nrfx_gpiote.o(log_const_data)
    m_nrf_log_PRS_logs_data_const            0x0002e3a8   Data           8  nrfx_prs.o(log_const_data)
    m_nrf_log_UART_logs_data_const           0x0002e3b0   Data           8  nrfx_uart.o(log_const_data)
    m_nrf_log_UARTE_logs_data_const          0x0002e3b8   Data           8  nrfx_uarte.o(log_const_data)
    m_nrf_log_SPIM_logs_data_const           0x0002e3c0   Data           8  nrfx_spim.o(log_const_data)
    m_nrf_log_SAADC_logs_data_const          0x0002e3c8   Data           8  nrfx_saadc.o(log_const_data)
    m_nrf_log_nrf_fstorage_logs_data_const   0x0002e3d0   Data           8  nrf_fstorage.o(log_const_data)
    m_nrf_log_atfifo_m_fifo_logs_data_const  0x0002e3d8   Data           8  nrf_fstorage_sd.o(log_const_data)
    m_nrf_log_pwr_mgmt_logs_data_const       0x0002e3e0   Data           8  nrf_pwr_mgmt.o(log_const_data)
    m_nrf_log_balloc_log_mempool_logs_data_const 0x0002e3e8   Data           8  nrf_log_frontend.o(log_const_data)
    m_nrf_log_app_logs_data_const            0x0002e3f0   Data           8  nrf_log_frontend.o(log_const_data)
    m_nrf_log_nrf_sdh_logs_data_const        0x0002e3f8   Data           8  nrf_sdh.o(log_const_data)
    m_nrf_log_nrf_sdh_ble_logs_data_const    0x0002e400   Data           8  nrf_sdh_ble.o(log_const_data)
    m_nrf_log_nrf_sdh_soc_logs_data_const    0x0002e408   Data           8  nrf_sdh_soc.o(log_const_data)
    log_const_data$$Limit                    0x0002e410   Number         0  nrf_sdh_soc.o(log_const_data)
    log_mempool                              0x0002e410   Data          24  nrf_log_frontend.o(nrf_balloc)
    sdh_ble_observers0$$Base                 0x0002e428   Number         0  ble_conn_state.o(sdh_ble_observers0)
    sdh_ble_observers0$$Limit                0x0002e430   Number         0  ble_conn_state.o(sdh_ble_observers0)
    sdh_ble_observers1$$Base                 0x0002e430   Number         0  main.o(sdh_ble_observers1)
    sdh_ble_observers1$$Limit                0x0002e450   Number         0  ble_conn_params.o(sdh_ble_observers1)
    sdh_ble_observers2$$Base                 0x0002e450   Number         0  main.o(sdh_ble_observers2)
    sdh_ble_observers2$$Limit                0x0002e460   Number         0  main.o(sdh_ble_observers2)
    sdh_ble_observers3$$Base                 0x0002e460   Number         0  main.o(sdh_ble_observers3)
    m_req_obs                                0x0002e468   Data           8  nrf_fstorage_sd.o(sdh_req_observers0)
    sdh_ble_observers3$$Limit                0x0002e468   Number         0  main.o(sdh_ble_observers3)
    sdh_req_observers0$$Base                 0x0002e468   Number         0  nrf_fstorage_sd.o(sdh_req_observers0)
    sdh_req_observers0$$Limit                0x0002e470   Number         0  nrf_fstorage_sd.o(sdh_req_observers0)
    sdh_soc_observers0$$Base                 0x0002e470   Number         0  nrf_drv_clock.o(sdh_soc_observers0)
    sdh_soc_observers0$$Limit                0x0002e480   Number         0  nrf_fstorage_sd.o(sdh_soc_observers0)
    sdh_soc_observers1$$Base                 0x0002e480   Number         0  main.o(sdh_soc_observers1)
    sdh_soc_observers1$$Limit                0x0002e488   Number         0  main.o(sdh_soc_observers1)
    sdh_stack_observers0$$Base               0x0002e488   Number         0  nrf_sdh_ble.o(sdh_stack_observers0)
    sdh_stack_observers0$$Limit              0x0002e498   Number         0  nrf_sdh_soc.o(sdh_stack_observers0)
    sdh_state_observers0$$Base               0x0002e498   Number         0  nrf_drv_clock.o(sdh_state_observers0)
    sdh_state_observers0$$Limit              0x0002e4a8   Number         0  nrf_fstorage_sd.o(sdh_state_observers0)
    Image$$RW_IRAM1$$Base                    0x20002b98   Number         0  anon$$obj.o ABSOLUTE
    g_FPGAReadyFlg                           0x20002b99   Data           1  main.o(.data)
    m_len_sent                               0x20002bac   Data           4  main.o(.data)
    m_cnt_10ms                               0x20002bb0   Data           4  main.o(.data)
    nrf_drv_uart_use_easy_dma                0x20002c04   Data           1  nrf_drv_uart.o(.data)
    __stdout                                 0x20002c94   Data           4  retarget.o(.data)
    SystemCoreClock                          0x20002cfc   Data           4  system_nrf52.o(.data)
    log_dynamic_data$$Base                   0x20002d00   Number         0  nrf_ble_gatt.o(log_dynamic_data)
    m_nrf_log_nrf_ble_gatt_logs_data_dynamic 0x20002d00   Data           4  nrf_ble_gatt.o(log_dynamic_data)
    m_nrf_log_ble_nus_logs_data_dynamic      0x20002d04   Data           4  ble_nus.o(log_dynamic_data)
    m_nrf_log_clock_logs_data_dynamic        0x20002d08   Data           4  nrf_drv_clock.o(log_dynamic_data)
    m_nrf_log_CLOCK_logs_data_dynamic        0x20002d0c   Data           4  nrfx_clock.o(log_dynamic_data)
    m_nrf_log_GPIOTE_logs_data_dynamic       0x20002d10   Data           4  nrfx_gpiote.o(log_dynamic_data)
    m_nrf_log_PRS_logs_data_dynamic          0x20002d14   Data           4  nrfx_prs.o(log_dynamic_data)
    m_nrf_log_UART_logs_data_dynamic         0x20002d18   Data           4  nrfx_uart.o(log_dynamic_data)
    m_nrf_log_UARTE_logs_data_dynamic        0x20002d1c   Data           4  nrfx_uarte.o(log_dynamic_data)
    m_nrf_log_SPIM_logs_data_dynamic         0x20002d20   Data           4  nrfx_spim.o(log_dynamic_data)
    m_nrf_log_SAADC_logs_data_dynamic        0x20002d24   Data           4  nrfx_saadc.o(log_dynamic_data)
    m_nrf_log_nrf_fstorage_logs_data_dynamic 0x20002d28   Data           4  nrf_fstorage.o(log_dynamic_data)
    m_nrf_log_atfifo_m_fifo_logs_data_dynamic 0x20002d2c   Data           4  nrf_fstorage_sd.o(log_dynamic_data)
    m_nrf_log_pwr_mgmt_logs_data_dynamic     0x20002d30   Data           4  nrf_pwr_mgmt.o(log_dynamic_data)
    m_nrf_log_balloc_log_mempool_logs_data_dynamic 0x20002d34   Data           4  nrf_log_frontend.o(log_dynamic_data)
    m_nrf_log_app_logs_data_dynamic          0x20002d38   Data           4  nrf_log_frontend.o(log_dynamic_data)
    m_nrf_log_nrf_sdh_logs_data_dynamic      0x20002d3c   Data           4  nrf_sdh.o(log_dynamic_data)
    m_nrf_log_nrf_sdh_ble_logs_data_dynamic  0x20002d40   Data           4  nrf_sdh_ble.o(log_dynamic_data)
    m_nrf_log_nrf_sdh_soc_logs_data_dynamic  0x20002d44   Data           4  nrf_sdh_soc.o(log_dynamic_data)
    nrf_nvic_state                           0x200036e4   Data          12  app_util_platform.o(.bss)
    _SEGGER_RTT                              0x20003cc0   Data         120  segger_rtt.o(.bss)
    __initial_sp                             0x20005f48   Data           0  arm_startup_nrf52.o(STACK)



==============================================================================

Memory Map of the image

  Image Entry point : 0x00026201

  Load Region LR_IROM1 (Base: 0x00026000, Size: 0x00008658, Max: 0x0005a000, ABSOLUTE, COMPRESSED[0x00008504])

    Execution Region ER_IROM1 (Base: 0x00026000, Size: 0x000084a8, Max: 0x0005a000, ABSOLUTE)

    Base Addr    Size         Type   Attr      Idx    E Section Name        Object

    0x00026000   0x00000200   Data   RO         5490    RESET               arm_startup_nrf52.o
    0x00026200   0x00000000   Code   RO         5535  * .ARM.Collect$$$$00000000  mc_w.l(entry.o)
    0x00026200   0x00000004   Code   RO         5843    .ARM.Collect$$$$00000001  mc_w.l(entry2.o)
    0x00026204   0x00000004   Code   RO         5846    .ARM.Collect$$$$00000004  mc_w.l(entry5.o)
    0x00026208   0x00000000   Code   RO         5848    .ARM.Collect$$$$00000008  mc_w.l(entry7b.o)
    0x00026208   0x00000000   Code   RO         5850    .ARM.Collect$$$$0000000A  mc_w.l(entry8b.o)
    0x00026208   0x00000008   Code   RO         5851    .ARM.Collect$$$$0000000B  mc_w.l(entry9a.o)
    0x00026210   0x00000000   Code   RO         5853    .ARM.Collect$$$$0000000D  mc_w.l(entry10a.o)
    0x00026210   0x00000000   Code   RO         5855    .ARM.Collect$$$$0000000F  mc_w.l(entry11a.o)
    0x00026210   0x00000004   Code   RO         5844    .ARM.Collect$$$$00002712  mc_w.l(entry2.o)
    0x00026214   0x0000001a   Code   RO         3220    .emb_text           app_error_handler_keil.o
    0x0002622e   0x00000002   PAD
    0x00026230   0x000000c8   Code   RO         3789    .emb_text           nrf_atfifo.o
    0x000262f8   0x000000e2   Code   RO         3928    .emb_text           nrf_atomic.o
    0x000263da   0x00000002   PAD
    0x000263dc   0x00000024   Code   RO         5491    .text               arm_startup_nrf52.o
    0x00026400   0x00000062   Code   RO         5538    .text               mc_w.l(uldiv.o)
    0x00026462   0x0000001e   Code   RO         5540    .text               mc_w.l(llshl.o)
    0x00026480   0x00000008   Code   RO         5542    .text               mc_w.l(ctype_o.o)
    0x00026488   0x00000024   Code   RO         5570    .text               mc_w.l(memcpya.o)
    0x000264ac   0x00000024   Code   RO         5572    .text               mc_w.l(memseta.o)
    0x000264d0   0x0000000e   Code   RO         5574    .text               mc_w.l(strlen.o)
    0x000264de   0x00000012   Code   RO         5578    .text               mc_w.l(strcpy.o)
    0x000264f0   0x00000020   Code   RO         5859    .text               mc_w.l(llushr.o)
    0x00026510   0x00000024   Code   RO         5872    .text               mc_w.l(init.o)
    0x00026534   0x00000056   Code   RO         5886    .text               mc_w.l(__dczerorl2.o)
    0x0002658a   0x00000002   PAD
    0x0002658c   0x00000164   Code   RO         2099    i.GPIOTE_IRQHandler  nrfx_gpiote.o
    0x000266f0   0x00000016   Code   RO         3420    i.NVIC_ClearPendingIRQ  app_timer.o
    0x00026706   0x00000016   Code   RO         3421    i.NVIC_EnableIRQ    app_timer.o
    0x0002671c   0x00000016   Code   RO         3422    i.NVIC_SetPendingIRQ  app_timer.o
    0x00026732   0x00000020   Code   RO         3423    i.NVIC_SetPriority  app_timer.o
    0x00026752   0x00000002   PAD
    0x00026754   0x00000058   Code   RO         1967    i.POWER_CLOCK_IRQHandler  nrfx_clock.o
    0x000267ac   0x00000024   Code   RO         3424    i.RTC1_IRQHandler   app_timer.o
    0x000267d0   0x00000148   Code   RO         2968    i.SAADC_IRQHandler  nrfx_saadc.o
    0x00026918   0x00000004   Code   RO         5021    i.SEGGER_RTT_Init   segger_rtt.o
    0x0002691c   0x0000005c   Code   RO         5035    i.SEGGER_RTT_WriteNoLock  segger_rtt.o
    0x00026978   0x00000054   Code   RO         2836    i.SPIM0_SPIS0_TWIM0_TWIS0_SPI0_TWI0_IRQHandler  nrfx_spim.o
    0x000269cc   0x00000004   Code   RO         3425    i.SWI0_EGU0_IRQHandler  app_timer.o
    0x000269d0   0x00000004   Code   RO         5272    i.SWI2_EGU2_IRQHandler  nrf_sdh.o
    0x000269d4   0x00000090   Code   RO            4    i.SpiInit           main.o
    0x00026a64   0x0000004c   Code   RO            5    i.SpiRead           main.o
    0x00026ab0   0x0000031c   Code   RO         5499    i.SystemInit        system_nrf52.o
    0x00026dcc   0x0000000c   Code   RO         2398    i.UARTE0_UART0_IRQHandler  nrfx_prs.o
    0x00026dd8   0x00000068   Code   RO         5039    i._DoInit           segger_rtt.o
    0x00026e40   0x00000016   Code   RO         5040    i._GetAvailWriteSpace  segger_rtt.o
    0x00026e56   0x0000005a   Code   RO         5042    i._WriteBlocking    segger_rtt.o
    0x00026eb0   0x00000042   Code   RO         5043    i._WriteNoCheck     segger_rtt.o
    0x00026ef2   0x00000002   PAD
    0x00026ef4   0x00000020   Code   RO         5715    i.__0printf$5       mc_w.l(printf5.o)
    0x00026f14   0x0000000e   Code   RO         5880    i.__scatterload_copy  mc_w.l(handlers.o)
    0x00026f22   0x00000002   Code   RO         5881    i.__scatterload_null  mc_w.l(handlers.o)
    0x00026f24   0x0000000e   Code   RO         5882    i.__scatterload_zeroinit  mc_w.l(handlers.o)
    0x00026f32   0x00000002   PAD
    0x00026f34   0x00000024   Code   RO         5273    i.__sd_nvic_app_accessible_irq  nrf_sdh.o
    0x00026f58   0x00000016   Code   RO         5274    i.__sd_nvic_is_app_accessible_priority  nrf_sdh.o
    0x00026f6e   0x00000002   PAD
    0x00026f70   0x000002c0   Code   RO         5722    i._printf_core      mc_w.l(printf5.o)
    0x00027230   0x00000068   Code   RO            7    i.advertising_init  main.o
    0x00027298   0x00000006   Code   RO          742    i.alert_timer_handler  bsp.o
    0x0002729e   0x00000002   PAD
    0x000272a0   0x00000024   Code   RO         3118    i.app_button_enable  app_button.o
    0x000272c4   0x00000078   Code   RO         3119    i.app_button_init   app_button.o
    0x0002733c   0x00000174   Code   RO         3242    i.app_error_fault_handler  app_error_weak.o
    0x000274b0   0x00000064   Code   RO         3183    i.app_error_save_and_stop  app_error.o
    0x00027514   0x00000016   Code   RO         3297    i.app_fifo_get      app_fifo.o
    0x0002752a   0x00000020   Code   RO         3298    i.app_fifo_init     app_fifo.o
    0x0002754a   0x0000001a   Code   RO         3300    i.app_fifo_put      app_fifo.o
    0x00027564   0x00000024   Code   RO         3428    i.app_timer_create  app_timer.o
    0x00027588   0x00000054   Code   RO         3429    i.app_timer_init    app_timer.o
    0x000275dc   0x00000088   Code   RO         3432    i.app_timer_start   app_timer.o
    0x00027664   0x00000020   Code   RO         3433    i.app_timer_stop    app_timer.o
    0x00027684   0x00000074   Code   RO         3592    i.app_uart_get      app_uart_fifo.o
    0x000276f8   0x000000a4   Code   RO         3593    i.app_uart_init     app_uart_fifo.o
    0x0002779c   0x00000054   Code   RO         3594    i.app_uart_put      app_uart_fifo.o
    0x000277f0   0x00000048   Code   RO         3676    i.app_util_critical_region_enter  app_util_platform.o
    0x00027838   0x00000034   Code   RO         3677    i.app_util_critical_region_exit  app_util_platform.o
    0x0002786c   0x00000088   Code   RO         2449    i.apply_config      nrfx_uart.o
    0x000278f4   0x00000088   Code   RO         2637    i.apply_config      nrfx_uarte.o
    0x0002797c   0x00000048   Code   RO         1456    i.blcm_link_ctx_get  ble_link_ctx_manager.o
    0x000279c4   0x00000182   Code   RO          975    i.ble_advdata_encode  ble_advdata.o
    0x00027b46   0x00000020   Code   RO          977    i.ble_advdata_parse  ble_advdata.o
    0x00027b66   0x00000038   Code   RO          978    i.ble_advdata_search  ble_advdata.o
    0x00027b9e   0x00000006   Code   RO         1093    i.ble_advertising_conn_cfg_tag_set  ble_advertising.o
    0x00027ba4   0x000000fa   Code   RO         1094    i.ble_advertising_init  ble_advertising.o
    0x00027c9e   0x0000006a   Code   RO         1096    i.ble_advertising_on_ble_evt  ble_advertising.o
    0x00027d08   0x00000030   Code   RO         1097    i.ble_advertising_on_sys_evt  ble_advertising.o
    0x00027d38   0x0000003a   Code   RO         1099    i.ble_advertising_restart_without_whitelist  ble_advertising.o
    0x00027d72   0x00000236   Code   RO         1100    i.ble_advertising_start  ble_advertising.o
    0x00027fa8   0x00000068   Code   RO         1215    i.ble_conn_params_init  ble_conn_params.o
    0x00028010   0x00000012   Code   RO         1299    i.ble_conn_state_conn_idx  ble_conn_state.o
    0x00028022   0x00000002   PAD
    0x00028024   0x00000014   Code   RO         1312    i.ble_conn_state_valid  ble_conn_state.o
    0x00028038   0x00000060   Code   RO          981    i.ble_device_addr_encode  ble_advdata.o
    0x00028098   0x000001bc   Code   RO            9    i.ble_evt_handler   main.o
    0x00028254   0x00000098   Code   RO          865    i.ble_evt_handler   bsp_btn_ble.o
    0x000282ec   0x000000fc   Code   RO         1217    i.ble_evt_handler   ble_conn_params.o
    0x000283e8   0x00000144   Code   RO         1313    i.ble_evt_handler   ble_conn_state.o
    0x0002852c   0x00000066   Code   RO         1701    i.ble_nus_data_send  ble_nus.o
    0x00028592   0x00000002   PAD
    0x00028594   0x00000058   Code   RO         1702    i.ble_nus_init      ble_nus.o
    0x000285ec   0x00000070   Code   RO         1703    i.ble_nus_on_ble_evt  ble_nus.o
    0x0002865c   0x00000008   Code   RO         1485    i.ble_srv_is_notification_enabled  ble_srv_common.o
    0x00028664   0x00000044   Code   RO           10    i.ble_stack_init    main.o
    0x000286a8   0x0000000c   Code   RO          520    i.bsp_board_button_idx_to_pin  boards.o
    0x000286b4   0x00000020   Code   RO          521    i.bsp_board_button_state_get  boards.o
    0x000286d4   0x00000054   Code   RO          522    i.bsp_board_init    boards.o
    0x00028728   0x00000024   Code   RO          524    i.bsp_board_led_invert  boards.o
    0x0002874c   0x00000010   Code   RO          525    i.bsp_board_led_off  boards.o
    0x0002875c   0x00000010   Code   RO          526    i.bsp_board_led_on  boards.o
    0x0002876c   0x00000020   Code   RO          527    i.bsp_board_led_state_get  boards.o
    0x0002878c   0x00000012   Code   RO          528    i.bsp_board_leds_off  boards.o
    0x0002879e   0x00000012   Code   RO          529    i.bsp_board_leds_on  boards.o
    0x000287b0   0x00000024   Code   RO          530    i.bsp_board_pin_to_button_idx  boards.o
    0x000287d4   0x00000030   Code   RO          866    i.bsp_btn_ble_init  bsp_btn_ble.o
    0x00028804   0x0000001e   Code   RO          867    i.bsp_btn_ble_sleep_mode_prepare  bsp_btn_ble.o
    0x00028822   0x00000002   PAD
    0x00028824   0x000000e0   Code   RO          743    i.bsp_button_event_handler  bsp.o
    0x00028904   0x0000000c   Code   RO          744    i.bsp_button_is_pressed  bsp.o
    0x00028910   0x00000070   Code   RO           11    i.bsp_event_handler  main.o
    0x00028980   0x00000044   Code   RO          747    i.bsp_event_to_button_action_assign  bsp.o
    0x000289c4   0x00000018   Code   RO          748    i.bsp_indication_set  bsp.o
    0x000289dc   0x00000094   Code   RO          749    i.bsp_init          bsp.o
    0x00028a70   0x000001b8   Code   RO          750    i.bsp_led_indication  bsp.o
    0x00028c28   0x00000006   Code   RO          752    i.bsp_wakeup_button_enable  bsp.o
    0x00028c2e   0x00000002   PAD
    0x00028c30   0x00000090   Code   RO         4775    i.buf_prealloc      nrf_log_frontend.o
    0x00028cc0   0x0000001e   Code   RO         4140    i.buffer_add        nrf_fprintf_format.o
    0x00028cde   0x00000002   PAD
    0x00028ce0   0x00000014   Code   RO         4776    i.buffer_is_empty   nrf_log_frontend.o
    0x00028cf4   0x00000008   Code   RO          753    i.button_timer_handler  bsp.o
    0x00028cfc   0x0000001c   Code   RO         2100    i.channel_free      nrfx_gpiote.o
    0x00028d18   0x00000048   Code   RO         2101    i.channel_port_alloc  nrfx_gpiote.o
    0x00028d60   0x00000010   Code   RO         2102    i.channel_port_get  nrfx_gpiote.o
    0x00028d70   0x00000028   Code   RO         1769    i.clock_clk_started_notify  nrf_drv_clock.o
    0x00028d98   0x0000001c   Code   RO         1770    i.clock_irq_handler  nrf_drv_clock.o
    0x00028db4   0x000000ac   Code   RO         3435    i.compare_reg_update  app_timer.o
    0x00028e60   0x0000003e   Code   RO         1314    i.conn_handle_list_get  ble_conn_state.o
    0x00028e9e   0x00000088   Code   RO          982    i.conn_int_encode   ble_advdata.o
    0x00028f26   0x00000002   PAD
    0x00028f28   0x0000001c   Code   RO           12    i.conn_params_error_handler  main.o
    0x00028f44   0x00000048   Code   RO         1218    i.conn_params_negotiation  ble_conn_params.o
    0x00028f8c   0x00000100   Code   RO         1545    i.data_length_update  nrf_ble_gatt.o
    0x0002908c   0x00000098   Code   RO         3121    i.detection_delay_timeout_handler  app_button.o
    0x00029124   0x00000014   Code   RO         4778    i.dropped_sat16_get  nrf_log_frontend.o
    0x00029138   0x00000040   Code   RO         3436    i.elapsed_ticks_acquire  app_timer.o
    0x00029178   0x00000054   Code   RO         4265    i.event_send        nrf_fstorage_sd.o
    0x000291cc   0x00000014   Code   RO         3303    i.fifo_get          app_fifo.o
    0x000291e0   0x00000012   Code   RO         3304    i.fifo_put          app_fifo.o
    0x000291f2   0x00000028   Code   RO         1102    i.flags_set         ble_advertising.o
    0x0002921a   0x0000000e   Code   RO         4599    i.fputc             retarget.o
    0x00029228   0x00000064   Code   RO           13    i.gap_params_init   main.o
    0x0002928c   0x000000ac   Code   RO           14    i.gatt_evt_handler  main.o
    0x00029338   0x0000004c   Code   RO           15    i.gatt_init         main.o
    0x00029384   0x00000084   Code   RO         3122    i.gpiote_event_handler  app_button.o
    0x00029408   0x00000014   Code   RO         1219    i.instance_get      ble_conn_params.o
    0x0002941c   0x000000a6   Code   RO         4141    i.int_print         nrf_fprintf_format.o
    0x000294c2   0x00000002   PAD
    0x000294c4   0x00000080   Code   RO         2638    i.interrupts_enable  nrfx_uarte.o
    0x00029544   0x0000004c   Code   RO         4779    i.invalid_packets_pushed_str_omit  nrf_log_frontend.o
    0x00029590   0x00000044   Code   RO         1220    i.is_conn_params_ok  ble_conn_params.o
    0x000295d4   0x00000024   Code   RO          754    i.leds_off          bsp.o
    0x000295f8   0x00000014   Code   RO          755    i.leds_timer_handler  bsp.o
    0x0002960c   0x00000018   Code   RO         1546    i.link_init         nrf_ble_gatt.o
    0x00029624   0x000000f8   Code   RO         3437    i.list_insertions_handler  app_timer.o
    0x0002971c   0x0000009c   Code   RO         4780    i.log_skip          nrf_log_frontend.o
    0x000297b8   0x0000030c   Code   RO           16    i.main              main.o
    0x00029ac4   0x00000064   Code   RO          983    i.manuf_specific_data_encode  ble_advdata.o
    0x00029b28   0x00000076   Code   RO         4379    i.memobj_op         nrf_memobj.o
    0x00029b9e   0x00000002   PAD
    0x00029ba0   0x00000030   Code   RO         4781    i.module_idx_get    nrf_log_frontend.o
    0x00029bd0   0x0000009c   Code   RO          984    i.name_encode       ble_advdata.o
    0x00029c6c   0x00000016   Code   RO         3795    i.nrf_atfifo_item_free  nrf_atfifo.o
    0x00029c82   0x00000016   Code   RO         3796    i.nrf_atfifo_item_get  nrf_atfifo.o
    0x00029c98   0x00000016   Code   RO         3862    i.nrf_atflags_clear  nrf_atflags.o
    0x00029cae   0x00000016   Code   RO         3867    i.nrf_atflags_get   nrf_atflags.o
    0x00029cc4   0x00000014   Code   RO         3869    i.nrf_atflags_set   nrf_atflags.o
    0x00029cd8   0x00000006   Code   RO         3930    i.nrf_atomic_flag_clear_fetch  nrf_atomic.o
    0x00029cde   0x00000006   Code   RO         3931    i.nrf_atomic_flag_set  nrf_atomic.o
    0x00029ce4   0x0000000c   Code   RO         3933    i.nrf_atomic_u32_add  nrf_atomic.o
    0x00029cf0   0x0000000c   Code   RO         3934    i.nrf_atomic_u32_and  nrf_atomic.o
    0x00029cfc   0x0000000a   Code   RO         3937    i.nrf_atomic_u32_fetch_and  nrf_atomic.o
    0x00029d06   0x0000000a   Code   RO         3939    i.nrf_atomic_u32_fetch_store  nrf_atomic.o
    0x00029d10   0x0000000c   Code   RO         3943    i.nrf_atomic_u32_or  nrf_atomic.o
    0x00029d1c   0x0000000c   Code   RO         3945    i.nrf_atomic_u32_sub  nrf_atomic.o
    0x00029d28   0x00000044   Code   RO         4064    i.nrf_balloc_alloc  nrf_balloc.o
    0x00029d6c   0x00000030   Code   RO         4065    i.nrf_balloc_free   nrf_balloc.o
    0x00029d9c   0x00000030   Code   RO         4066    i.nrf_balloc_init   nrf_balloc.o
    0x00029dcc   0x00000010   Code   RO         2103    i.nrf_bitmask_bit_is_set  nrfx_gpiote.o
    0x00029ddc   0x00000014   Code   RO         2104    i.nrf_bitmask_bit_set  nrfx_gpiote.o
    0x00029df0   0x00000018   Code   RO         1548    i.nrf_ble_gatt_att_mtu_periph_set  nrf_ble_gatt.o
    0x00029e08   0x00000022   Code   RO         1552    i.nrf_ble_gatt_init  nrf_ble_gatt.o
    0x00029e2a   0x00000002   PAD
    0x00029e2c   0x00000150   Code   RO         1553    i.nrf_ble_gatt_on_ble_evt  nrf_ble_gatt.o
    0x00029f7c   0x00000016   Code   RO         1657    i.nrf_ble_qwr_conn_handle_assign  nrf_ble_qwr.o
    0x00029f92   0x00000024   Code   RO         1658    i.nrf_ble_qwr_init  nrf_ble_qwr.o
    0x00029fb6   0x000000b6   Code   RO         1659    i.nrf_ble_qwr_on_ble_evt  nrf_ble_qwr.o
    0x0002a06c   0x0000000e   Code   RO         1968    i.nrf_clock_event_check  nrfx_clock.o
    0x0002a07a   0x00000010   Code   RO         1969    i.nrf_clock_event_clear  nrfx_clock.o
    0x0002a08a   0x00000002   PAD
    0x0002a08c   0x00000038   Code   RO         1777    i.nrf_drv_clock_init  nrf_drv_clock.o
    0x0002a0c4   0x00000030   Code   RO         1781    i.nrf_drv_clock_lfclk_release  nrf_drv_clock.o
    0x0002a0f4   0x00000070   Code   RO         2789    i.nrf_drv_spi_init  nrf_drv_spi.o
    0x0002a164   0x00000016   Code   RO           17    i.nrf_drv_spi_transfer  main.o
    0x0002a17a   0x00000002   PAD
    0x0002a17c   0x00000068   Code   RO         1915    i.nrf_drv_uart_init  nrf_drv_uart.o
    0x0002a1e4   0x00000020   Code   RO         3595    i.nrf_drv_uart_rx   app_uart_fifo.o
    0x0002a204   0x00000020   Code   RO         3596    i.nrf_drv_uart_tx   app_uart_fifo.o
    0x0002a224   0x0000001a   Code   RO         4101    i.nrf_fprintf       nrf_fprintf.o
    0x0002a23e   0x00000018   Code   RO         4102    i.nrf_fprintf_buffer_flush  nrf_fprintf.o
    0x0002a256   0x000001da   Code   RO         4142    i.nrf_fprintf_fmt   nrf_fprintf_format.o
    0x0002a430   0x00000050   Code   RO         4184    i.nrf_fstorage_is_busy  nrf_fstorage.o
    0x0002a480   0x00000018   Code   RO         4268    i.nrf_fstorage_sdh_req_handler  nrf_fstorage_sd.o
    0x0002a498   0x00000020   Code   RO         4269    i.nrf_fstorage_sdh_state_handler  nrf_fstorage_sd.o
    0x0002a4b8   0x000000a4   Code   RO         4270    i.nrf_fstorage_sys_evt_handler  nrf_fstorage_sd.o
    0x0002a55c   0x00000024   Code   RO          532    i.nrf_gpio_cfg      boards.o
    0x0002a580   0x00000024   Code   RO         2105    i.nrf_gpio_cfg      nrfx_gpiote.o
    0x0002a5a4   0x00000024   Code   RO         2450    i.nrf_gpio_cfg      nrfx_uart.o
    0x0002a5c8   0x00000024   Code   RO         2639    i.nrf_gpio_cfg      nrfx_uarte.o
    0x0002a5ec   0x00000024   Code   RO         2837    i.nrf_gpio_cfg      nrfx_spim.o
    0x0002a610   0x00000012   Code   RO         2452    i.nrf_gpio_cfg_input  nrfx_uart.o
    0x0002a622   0x00000012   Code   RO         2641    i.nrf_gpio_cfg_input  nrfx_uarte.o
    0x0002a634   0x00000010   Code   RO           18    i.nrf_gpio_cfg_output  main.o
    0x0002a644   0x00000014   Code   RO         2453    i.nrf_gpio_cfg_output  nrfx_uart.o
    0x0002a658   0x00000014   Code   RO         2642    i.nrf_gpio_cfg_output  nrfx_uarte.o
    0x0002a66c   0x00000014   Code   RO         2838    i.nrf_gpio_cfg_output  nrfx_spim.o
    0x0002a680   0x00000022   Code   RO         2107    i.nrf_gpio_cfg_sense_set  nrfx_gpiote.o
    0x0002a6a2   0x0000000e   Code   RO           19    i.nrf_gpio_pin_clear  main.o
    0x0002a6b0   0x0000000e   Code   RO         2839    i.nrf_gpio_pin_clear  nrfx_spim.o
    0x0002a6be   0x0000000e   Code   RO           20    i.nrf_gpio_pin_set  main.o
    0x0002a6cc   0x0000000e   Code   RO         2840    i.nrf_gpio_pin_set  nrfx_spim.o
    0x0002a6da   0x00000016   Code   RO          533    i.nrf_gpio_pin_write  boards.o
    0x0002a6f0   0x00000028   Code   RO         2108    i.nrf_gpio_ports_read  nrfx_gpiote.o
    0x0002a718   0x00000014   Code   RO         2109    i.nrf_gpiote_event_clear  nrfx_gpiote.o
    0x0002a72c   0x00000010   Code   RO         2110    i.nrf_gpiote_event_is_set  nrfx_gpiote.o
    0x0002a73c   0x00000050   Code   RO         4782    i.nrf_log_backend_add  nrf_log_frontend.o
    0x0002a78c   0x00000002   Code   RO         4636    i.nrf_log_backend_rtt_flush  nrf_log_backend_rtt.o
    0x0002a78e   0x00000004   Code   RO         4637    i.nrf_log_backend_rtt_init  nrf_log_backend_rtt.o
    0x0002a792   0x00000002   Code   RO         4638    i.nrf_log_backend_rtt_panic_set  nrf_log_backend_rtt.o
    0x0002a794   0x00000018   Code   RO         4639    i.nrf_log_backend_rtt_put  nrf_log_backend_rtt.o
    0x0002a7ac   0x000000c8   Code   RO         4705    i.nrf_log_backend_serial_put  nrf_log_backend_serial.o
    0x0002a874   0x00000030   Code   RO         4784    i.nrf_log_color_id_get  nrf_log_frontend.o
    0x0002a8a4   0x0000001c   Code   RO         4739    i.nrf_log_default_backends_init  nrf_log_default_backends.o
    0x0002a8c0   0x00000220   Code   RO         4785    i.nrf_log_frontend_dequeue  nrf_log_frontend.o
    0x0002aae0   0x000000a8   Code   RO         4786    i.nrf_log_frontend_hexdump  nrf_log_frontend.o
    0x0002ab88   0x00000008   Code   RO         4787    i.nrf_log_frontend_std_0  nrf_log_frontend.o
    0x0002ab90   0x0000000e   Code   RO         4788    i.nrf_log_frontend_std_1  nrf_log_frontend.o
    0x0002ab9e   0x00000010   Code   RO         4789    i.nrf_log_frontend_std_2  nrf_log_frontend.o
    0x0002abae   0x00000012   Code   RO         4790    i.nrf_log_frontend_std_3  nrf_log_frontend.o
    0x0002abc0   0x0000001c   Code   RO         4792    i.nrf_log_frontend_std_5  nrf_log_frontend.o
    0x0002abdc   0x000000ac   Code   RO         4962    i.nrf_log_hexdump_entry_process  nrf_log_str_formatter.o
    0x0002ac88   0x00000058   Code   RO         4794    i.nrf_log_init      nrf_log_frontend.o
    0x0002ace0   0x00000014   Code   RO         4795    i.nrf_log_module_cnt_get  nrf_log_frontend.o
    0x0002acf4   0x0000001c   Code   RO         4798    i.nrf_log_module_name_get  nrf_log_frontend.o
    0x0002ad10   0x00000028   Code   RO         4799    i.nrf_log_panic     nrf_log_frontend.o
    0x0002ad38   0x000000b6   Code   RO         4963    i.nrf_log_std_entry_process  nrf_log_str_formatter.o
    0x0002adee   0x00000060   Code   RO         4380    i.nrf_memobj_alloc  nrf_memobj.o
    0x0002ae4e   0x00000032   Code   RO         4381    i.nrf_memobj_free   nrf_memobj.o
    0x0002ae80   0x00000008   Code   RO         4382    i.nrf_memobj_get    nrf_memobj.o
    0x0002ae88   0x00000004   Code   RO         4383    i.nrf_memobj_pool_init  nrf_memobj.o
    0x0002ae8c   0x0000001e   Code   RO         4384    i.nrf_memobj_put    nrf_memobj.o
    0x0002aeaa   0x0000000c   Code   RO         4385    i.nrf_memobj_read   nrf_memobj.o
    0x0002aeb6   0x0000000c   Code   RO         4386    i.nrf_memobj_write  nrf_memobj.o
    0x0002aec2   0x00000002   PAD
    0x0002aec4   0x00000028   Code   RO         4458    i.nrf_pwr_mgmt_init  nrf_pwr_mgmt.o
    0x0002aeec   0x00000044   Code   RO         4459    i.nrf_pwr_mgmt_run  nrf_pwr_mgmt.o
    0x0002af30   0x00000018   Code   RO           21    i.nrf_qwr_error_handler  main.o
    0x0002af48   0x00000010   Code   RO         2969    i.nrf_saadc_buffer_init  nrfx_saadc.o
    0x0002af58   0x00000010   Code   RO         2971    i.nrf_saadc_event_check  nrfx_saadc.o
    0x0002af68   0x00000014   Code   RO         2972    i.nrf_saadc_event_clear  nrfx_saadc.o
    0x0002af7c   0x00000014   Code   RO         5408    i.nrf_sdh_ble_app_ram_start_get  nrf_sdh_ble.o
    0x0002af90   0x00000154   Code   RO         5409    i.nrf_sdh_ble_default_cfg_set  nrf_sdh_ble.o
    0x0002b0e4   0x0000012c   Code   RO         5410    i.nrf_sdh_ble_enable  nrf_sdh_ble.o
    0x0002b210   0x000000a8   Code   RO         5411    i.nrf_sdh_ble_evts_poll  nrf_sdh_ble.o
    0x0002b2b8   0x00000054   Code   RO         5275    i.nrf_sdh_disable_request  nrf_sdh.o
    0x0002b30c   0x00000078   Code   RO         5276    i.nrf_sdh_enable_request  nrf_sdh.o
    0x0002b384   0x00000024   Code   RO         5277    i.nrf_sdh_evts_poll  nrf_sdh.o
    0x0002b3a8   0x0000000c   Code   RO         5278    i.nrf_sdh_is_enabled  nrf_sdh.o
    0x0002b3b4   0x0000001c   Code   RO         5280    i.nrf_sdh_request_continue  nrf_sdh.o
    0x0002b3d0   0x00000080   Code   RO         5459    i.nrf_sdh_soc_evts_poll  nrf_sdh_soc.o
    0x0002b450   0x0000000a   Code   RO         4530    i.nrf_section_iter_init  nrf_section_iter.o
    0x0002b45a   0x00000024   Code   RO         4531    i.nrf_section_iter_item_set  nrf_section_iter.o
    0x0002b47e   0x00000020   Code   RO         4532    i.nrf_section_iter_next  nrf_section_iter.o
    0x0002b49e   0x0000000a   Code   RO         2841    i.nrf_spim_event_check  nrfx_spim.o
    0x0002b4a8   0x00000038   Code   RO         4565    i.nrf_strerror_find  nrf_strerror.o
    0x0002b4e0   0x00000014   Code   RO         4566    i.nrf_strerror_get  nrf_strerror.o
    0x0002b4f4   0x0000000a   Code   RO         2454    i.nrf_uart_event_check  nrfx_uart.o
    0x0002b4fe   0x0000000c   Code   RO         2455    i.nrf_uart_event_clear  nrfx_uart.o
    0x0002b50a   0x0000000c   Code   RO         2456    i.nrf_uart_int_enable_check  nrfx_uart.o
    0x0002b516   0x0000000a   Code   RO         2643    i.nrf_uarte_event_check  nrfx_uarte.o
    0x0002b520   0x0000000c   Code   RO         2644    i.nrf_uarte_event_clear  nrfx_uarte.o
    0x0002b52c   0x0000002c   Code   RO         1974    i.nrfx_clock_enable  nrfx_clock.o
    0x0002b558   0x00000020   Code   RO         1977    i.nrfx_clock_init   nrfx_clock.o
    0x0002b578   0x0000001c   Code   RO         1980    i.nrfx_clock_lfclk_stop  nrfx_clock.o
    0x0002b594   0x00000010   Code   RO           22    i.nrfx_coredep_delay_us  main.o
    0x0002b5a4   0x00000010   Code   RO         3438    i.nrfx_coredep_delay_us  app_timer.o
    0x0002b5b4   0x000000a4   Code   RO         2115    i.nrfx_gpiote_in_event_enable  nrfx_gpiote.o
    0x0002b658   0x000000d0   Code   RO         2116    i.nrfx_gpiote_in_init  nrfx_gpiote.o
    0x0002b728   0x00000014   Code   RO         2117    i.nrfx_gpiote_in_is_set  nrfx_gpiote.o
    0x0002b73c   0x00000070   Code   RO         2119    i.nrfx_gpiote_init  nrfx_gpiote.o
    0x0002b7ac   0x00000014   Code   RO         2120    i.nrfx_gpiote_is_init  nrfx_gpiote.o
    0x0002b7c0   0x00000010   Code   RO         2645    i.nrfx_is_in_ram    nrfx_uarte.o
    0x0002b7d0   0x00000010   Code   RO         2842    i.nrfx_is_in_ram    nrfx_spim.o
    0x0002b7e0   0x0000003a   Code   RO         2399    i.nrfx_prs_acquire  nrfx_prs.o
    0x0002b81a   0x00000002   PAD
    0x0002b81c   0x00000190   Code   RO         2845    i.nrfx_spim_init    nrfx_spim.o
    0x0002b9ac   0x00000064   Code   RO         2848    i.nrfx_spim_xfer    nrfx_spim.o
    0x0002ba10   0x00000010   Code   RO         2457    i.nrfx_uart_0_irq_handler  nrfx_uart.o
    0x0002ba20   0x000000d4   Code   RO         2459    i.nrfx_uart_init    nrfx_uart.o
    0x0002baf4   0x000000ec   Code   RO         2460    i.nrfx_uart_rx      nrfx_uart.o
    0x0002bbe0   0x000000a4   Code   RO         2465    i.nrfx_uart_tx      nrfx_uart.o
    0x0002bc84   0x00000020   Code   RO         2467    i.nrfx_uart_tx_in_progress  nrfx_uart.o
    0x0002bca4   0x00000010   Code   RO         2646    i.nrfx_uarte_0_irq_handler  nrfx_uarte.o
    0x0002bcb4   0x0000006c   Code   RO         2648    i.nrfx_uarte_init   nrfx_uarte.o
    0x0002bd20   0x00000104   Code   RO         2649    i.nrfx_uarte_rx     nrfx_uarte.o
    0x0002be24   0x00000090   Code   RO         2652    i.nrfx_uarte_tx     nrfx_uarte.o
    0x0002beb4   0x0000001c   Code   RO         2654    i.nrfx_uarte_tx_in_progress  nrfx_uarte.o
    0x0002bed0   0x0000012c   Code   RO           23    i.nus_data_handler  main.o
    0x0002bffc   0x0000003c   Code   RO           24    i.on_adv_evt        main.o
    0x0002c038   0x00000034   Code   RO           25    i.on_conn_params_evt  main.o
    0x0002c06c   0x0000006a   Code   RO         1704    i.on_connect        ble_nus.o
    0x0002c0d6   0x00000002   PAD
    0x0002c0d8   0x00000104   Code   RO         1554    i.on_connected_evt  nrf_ble_gatt.o
    0x0002c1dc   0x00000120   Code   RO         1555    i.on_data_length_update_evt  nrf_ble_gatt.o
    0x0002c2fc   0x00000150   Code   RO         1556    i.on_exchange_mtu_request_evt  nrf_ble_gatt.o
    0x0002c44c   0x000000a4   Code   RO         1557    i.on_exchange_mtu_rsp_evt  nrf_ble_gatt.o
    0x0002c4f0   0x00000084   Code   RO         1705    i.on_write          ble_nus.o
    0x0002c574   0x00000012   Code   RO         1103    i.phy_is_valid      ble_advertising.o
    0x0002c586   0x00000002   PAD
    0x0002c588   0x00000018   Code   RO         2136    i.pin_in_use_by_port  nrfx_gpiote.o
    0x0002c5a0   0x00000018   Code   RO         2137    i.pin_in_use_by_te  nrfx_gpiote.o
    0x0002c5b8   0x0000003c   Code   RO         4965    i.postfix_process   nrf_log_str_formatter.o
    0x0002c5f4   0x00000098   Code   RO         4966    i.prefix_process    nrf_log_str_formatter.o
    0x0002c68c   0x00000018   Code   RO         2401    i.prs_box_get       nrfx_prs.o
    0x0002c6a4   0x00000014   Code   RO         4271    i.queue_free        nrf_fstorage_sd.o
    0x0002c6b8   0x000000a0   Code   RO         4272    i.queue_process     nrf_fstorage_sd.o
    0x0002c758   0x0000003c   Code   RO         3439    i.rtc1_stop         app_timer.o
    0x0002c794   0x00000032   Code   RO         2469    i.rx_byte           nrfx_uart.o
    0x0002c7c6   0x000000a2   Code   RO         1706    i.rx_char_add       ble_nus.o
    0x0002c868   0x00000016   Code   RO         2470    i.rx_done_event     nrfx_uart.o
    0x0002c87e   0x00000018   Code   RO         2656    i.rx_done_event     nrfx_uarte.o
    0x0002c896   0x00000020   Code   RO         2471    i.rx_enable         nrfx_uart.o
    0x0002c8b6   0x00000042   Code   RO         5283    i.sd_nvic_SetPriority  nrf_sdh.o
    0x0002c8f8   0x00000050   Code   RO         1784    i.sd_state_evt_handler  nrf_drv_clock.o
    0x0002c948   0x00000030   Code   RO         5284    i.sdh_request_observer_notify  nrf_sdh.o
    0x0002c978   0x0000002c   Code   RO         5285    i.sdh_state_observer_notify  nrf_sdh.o
    0x0002c9a4   0x00000010   Code   RO         1221    i.send_error_evt    ble_conn_params.o
    0x0002c9b4   0x00000050   Code   RO         4640    i.serial_tx         nrf_log_backend_rtt.o
    0x0002ca04   0x00000088   Code   RO          985    i.service_data_encode  ble_advdata.o
    0x0002ca8c   0x0000004c   Code   RO           26    i.sleep_mode_enter  main.o
    0x0002cad8   0x00000018   Code   RO         1785    i.soc_evt_handler   nrf_drv_clock.o
    0x0002caf0   0x00000078   Code   RO         5286    i.softdevice_evt_irq_disable  nrf_sdh.o
    0x0002cb68   0x00000090   Code   RO         5287    i.softdevices_evt_irq_enable  nrf_sdh.o
    0x0002cbf8   0x00000002   Code   RO           27    i.spi_event_handler  main.o
    0x0002cbfa   0x00000002   PAD
    0x0002cbfc   0x00000038   Code   RO         2790    i.spim_evt_handler  nrf_drv_spi.o
    0x0002cc34   0x000000bc   Code   RO         2849    i.spim_xfer         nrfx_spim.o
    0x0002ccf0   0x0000008c   Code   RO         4801    i.std_n             nrf_log_frontend.o
    0x0002cd7c   0x0000006c   Code   RO         5288    i.swi_interrupt_priority_workaround  nrf_sdh.o
    0x0002cde8   0x00000080   Code   RO         3440    i.timer_list_handler  app_timer.o
    0x0002ce68   0x0000003c   Code   RO         3441    i.timer_list_insert  app_timer.o
    0x0002cea4   0x00000060   Code   RO         3442    i.timer_list_remove  app_timer.o
    0x0002cf04   0x00000048   Code   RO         3443    i.timer_stop_op_schedule  app_timer.o
    0x0002cf4c   0x00000074   Code   RO         3444    i.timer_timeouts_check  app_timer.o
    0x0002cfc0   0x00000020   Code   RO         2472    i.tx_byte           nrfx_uart.o
    0x0002cfe0   0x000000da   Code   RO         1707    i.tx_char_add       ble_nus.o
    0x0002d0ba   0x0000001a   Code   RO         2473    i.tx_done_event     nrfx_uart.o
    0x0002d0d4   0x000000e0   Code   RO           30    i.uart_event_handle  main.o
    0x0002d1b4   0x000000a0   Code   RO         3597    i.uart_event_handler  app_uart_fifo.o
    0x0002d254   0x00000030   Code   RO         1916    i.uart_evt_handler  nrf_drv_uart.o
    0x0002d284   0x00000128   Code   RO         2474    i.uart_irq_handler  nrfx_uart.o
    0x0002d3ac   0x00000030   Code   RO         1917    i.uarte_evt_handler  nrf_drv_uart.o
    0x0002d3dc   0x000000f4   Code   RO         2657    i.uarte_irq_handler  nrfx_uarte.o
    0x0002d4d0   0x0000000a   Code   RO          986    i.uint16_encode     ble_advdata.o
    0x0002d4da   0x00000002   PAD
    0x0002d4dc   0x000000b4   Code   RO         4143    i.unsigned_print    nrf_fprintf_format.o
    0x0002d590   0x00000068   Code   RO         1222    i.update_timeout_handler  ble_conn_params.o
    0x0002d5f8   0x00000018   Code   RO         1104    i.use_whitelist     ble_advertising.o
    0x0002d610   0x00000024   Code   RO         1660    i.user_mem_reply    nrf_ble_qwr.o
    0x0002d634   0x00000030   Code   RO         3445    i.user_op_alloc     app_timer.o
    0x0002d664   0x00000030   Code   RO          987    i.uuid_list_encode  ble_advdata.o
    0x0002d694   0x0000009e   Code   RO          988    i.uuid_list_sized_encode  ble_advdata.o
    0x0002d732   0x0000003a   Code   RO          756    i.wakeup_button_cfg  bsp.o
    0x0002d76c   0x00000004   PAD
    0x0002d770   0x00000064   Data   RO           33    .constdata          main.o
    0x0002d7d4   0x00000004   Data   RO          534    .constdata          boards.o
    0x0002d7d8   0x0000001c   Data   RO          760    .constdata          bsp.o
    0x0002d7f4   0x00000016   Data   RO         1558    .constdata          nrf_ble_gatt.o
    0x0002d80a   0x00000002   PAD
    0x0002d80c   0x00000010   Data   RO         1708    .constdata          ble_nus.o
    0x0002d81c   0x00000004   Data   RO         2139    .constdata          nrfx_gpiote.o
    0x0002d820   0x00000004   Data   RO         2477    .constdata          nrfx_uart.o
    0x0002d824   0x00000004   Data   RO         2660    .constdata          nrfx_uarte.o
    0x0002d828   0x00000010   Data   RO         2792    .constdata          nrf_drv_spi.o
    0x0002d838   0x00000004   Data   RO         2852    .constdata          nrfx_spim.o
    0x0002d83c   0x00000008   Data   RO         3124    .constdata          app_button.o
    0x0002d844   0x0000000c   PAD
    0x0002d850   0x00000006   Data   RO         3447    .constdata          app_timer.o
    0x0002d856   0x00000002   PAD
    0x0002d858   0x00000020   Data   RO         3599    .constdata          app_uart_fifo.o
    0x0002d878   0x00000010   Data   RO         4144    .constdata          nrf_fprintf_format.o
    0x0002d888   0x00000010   Data   RO         4280    .constdata          nrf_fstorage_sd.o
    0x0002d898   0x00000018   Data   RO         4463    .constdata          nrf_pwr_mgmt.o
    0x0002d8b0   0x0000000c   Data   RO         4464    .constdata          nrf_pwr_mgmt.o
    0x0002d8bc   0x0000013c   Data   RO         4567    .constdata          nrf_strerror.o
    0x0002d9f8   0x0000000c   Data   RO         4642    .constdata          nrf_log_backend_rtt.o
    0x0002da04   0x0000000c   PAD
    0x0002da10   0x00000006   Data   RO         4643    .constdata          nrf_log_backend_rtt.o
    0x0002da16   0x00000002   PAD
    0x0002da18   0x00000010   Data   RO         5289    .constdata          nrf_sdh.o
    0x0002da28   0x00000028   Data   RO         5290    .constdata          nrf_sdh.o
    0x0002da50   0x00000010   Data   RO         5291    .constdata          nrf_sdh.o
    0x0002da60   0x00000010   Data   RO         5292    .constdata          nrf_sdh.o
    0x0002da70   0x00000020   Data   RO         5412    .constdata          nrf_sdh_ble.o
    0x0002da90   0x00000010   Data   RO         5413    .constdata          nrf_sdh_ble.o
    0x0002daa0   0x00000010   Data   RO         5460    .constdata          nrf_sdh_soc.o
    0x0002dab0   0x0000000c   Data   RO         5461    .constdata          nrf_sdh_soc.o
    0x0002dabc   0x00000081   Data   RO         5543    .constdata          mc_w.l(ctype_o.o)
    0x0002db3d   0x00000003   PAD
    0x0002db40   0x00000004   Data   RO         5544    .constdata          mc_w.l(ctype_o.o)
    0x0002db44   0x0000013e   Data   RO         1559    .conststring        nrf_ble_gatt.o
    0x0002dc82   0x00000002   PAD
    0x0002dc84   0x000003eb   Data   RO         4568    .conststring        nrf_strerror.o
    0x0002e06f   0x00000001   PAD
    0x0002e070   0x00000066   Data   RO         4967    .conststring        nrf_log_str_formatter.o
    0x0002e0d6   0x00000002   PAD
    0x0002e0d8   0x000001cf   Data   RO         5414    .conststring        nrf_sdh_ble.o
    0x0002e2a7   0x00000001   PAD
    0x0002e2a8   0x0000000d   Data   RO         1560    .conststrlit        nrf_ble_gatt.o
    0x0002e2b5   0x00000003   PAD
    0x0002e2b8   0x00000008   Data   RO         1709    .conststrlit        ble_nus.o
    0x0002e2c0   0x00000006   Data   RO         1791    .conststrlit        nrf_drv_clock.o
    0x0002e2c6   0x00000002   PAD
    0x0002e2c8   0x00000006   Data   RO         1984    .conststrlit        nrfx_clock.o
    0x0002e2ce   0x00000002   PAD
    0x0002e2d0   0x00000007   Data   RO         2143    .conststrlit        nrfx_gpiote.o
    0x0002e2d7   0x00000001   PAD
    0x0002e2d8   0x00000004   Data   RO         2403    .conststrlit        nrfx_prs.o
    0x0002e2dc   0x00000005   Data   RO         2480    .conststrlit        nrfx_uart.o
    0x0002e2e1   0x00000003   PAD
    0x0002e2e4   0x00000006   Data   RO         2663    .conststrlit        nrfx_uarte.o
    0x0002e2ea   0x00000002   PAD
    0x0002e2ec   0x00000005   Data   RO         2855    .conststrlit        nrfx_spim.o
    0x0002e2f1   0x00000003   PAD
    0x0002e2f4   0x00000006   Data   RO         2996    .conststrlit        nrfx_saadc.o
    0x0002e2fa   0x00000002   PAD
    0x0002e2fc   0x0000000d   Data   RO         4192    .conststrlit        nrf_fstorage.o
    0x0002e309   0x00000003   PAD
    0x0002e30c   0x0000000e   Data   RO         4282    .conststrlit        nrf_fstorage_sd.o
    0x0002e31a   0x00000002   PAD
    0x0002e31c   0x00000009   Data   RO         4465    .conststrlit        nrf_pwr_mgmt.o
    0x0002e325   0x00000003   PAD
    0x0002e328   0x00000018   Data   RO         4804    .conststrlit        nrf_log_frontend.o
    0x0002e340   0x00000008   Data   RO         5293    .conststrlit        nrf_sdh.o
    0x0002e348   0x0000000c   Data   RO         5415    .conststrlit        nrf_sdh_ble.o
    0x0002e354   0x0000000c   Data   RO         5462    .conststrlit        nrf_sdh_soc.o
    0x0002e360   0x00000020   Data   RO         5878    Region$$Table       anon$$obj.o
    0x0002e380   0x00000008   Data   RO         1561    log_const_data      nrf_ble_gatt.o
    0x0002e388   0x00000008   Data   RO         1710    log_const_data      ble_nus.o
    0x0002e390   0x00000008   Data   RO         1792    log_const_data      nrf_drv_clock.o
    0x0002e398   0x00000008   Data   RO         1986    log_const_data      nrfx_clock.o
    0x0002e3a0   0x00000008   Data   RO         2144    log_const_data      nrfx_gpiote.o
    0x0002e3a8   0x00000008   Data   RO         2405    log_const_data      nrfx_prs.o
    0x0002e3b0   0x00000008   Data   RO         2481    log_const_data      nrfx_uart.o
    0x0002e3b8   0x00000008   Data   RO         2664    log_const_data      nrfx_uarte.o
    0x0002e3c0   0x00000008   Data   RO         2856    log_const_data      nrfx_spim.o
    0x0002e3c8   0x00000008   Data   RO         2997    log_const_data      nrfx_saadc.o
    0x0002e3d0   0x00000008   Data   RO         4193    log_const_data      nrf_fstorage.o
    0x0002e3d8   0x00000008   Data   RO         4285    log_const_data      nrf_fstorage_sd.o
    0x0002e3e0   0x00000008   Data   RO         4467    log_const_data      nrf_pwr_mgmt.o
    0x0002e3e8   0x00000010   Data   RO         4807    log_const_data      nrf_log_frontend.o
    0x0002e3f8   0x00000008   Data   RO         5295    log_const_data      nrf_sdh.o
    0x0002e400   0x00000008   Data   RO         5417    log_const_data      nrf_sdh_ble.o
    0x0002e408   0x00000008   Data   RO         5463    log_const_data      nrf_sdh_soc.o
    0x0002e410   0x00000018   Data   RO         4809    nrf_balloc          nrf_log_frontend.o
    0x0002e428   0x00000008   Data   RO         1318    sdh_ble_observers0  ble_conn_state.o
    0x0002e430   0x00000010   Data   RO           38    sdh_ble_observers1  main.o
    0x0002e440   0x00000008   Data   RO          869    sdh_ble_observers1  bsp_btn_ble.o
    0x0002e448   0x00000008   Data   RO         1225    sdh_ble_observers1  ble_conn_params.o
    0x0002e450   0x00000010   Data   RO           39    sdh_ble_observers2  main.o
    0x0002e460   0x00000008   Data   RO           40    sdh_ble_observers3  main.o
    0x0002e468   0x00000008   Data   RO         4287    sdh_req_observers0  nrf_fstorage_sd.o
    0x0002e470   0x00000008   Data   RO         1794    sdh_soc_observers0  nrf_drv_clock.o
    0x0002e478   0x00000008   Data   RO         4288    sdh_soc_observers0  nrf_fstorage_sd.o
    0x0002e480   0x00000008   Data   RO           41    sdh_soc_observers1  main.o
    0x0002e488   0x00000008   Data   RO         5419    sdh_stack_observers0  nrf_sdh_ble.o
    0x0002e490   0x00000008   Data   RO         5465    sdh_stack_observers0  nrf_sdh_soc.o
    0x0002e498   0x00000008   Data   RO         1795    sdh_state_observers0  nrf_drv_clock.o
    0x0002e4a0   0x00000008   Data   RO         4289    sdh_state_observers0  nrf_fstorage_sd.o


    Execution Region RW_IRAM1 (Base: 0x20002b98, Size: 0x000033b0, Max: 0x0000d468, ABSOLUTE, COMPRESSED[0x0000005c])

    Base Addr    Size         Type   Attr      Idx    E Section Name        Object

    0x20002b98   0x00000038   Data   RW           34    .data               main.o
    0x20002bd0   0x00000008   Data   RW           35    .data               main.o
    0x20002bd8   0x00000004   Data   RW           37    .data               main.o
    0x20002bdc   0x00000016   Data   RW          761    .data               bsp.o
    0x20002bf2   0x00000002   PAD
    0x20002bf4   0x00000008   Data   RW          868    .data               bsp_btn_ble.o
    0x20002bfc   0x00000008   Data   RW         1224    .data               ble_conn_params.o
    0x20002c04   0x0000000c   Data   RW         1918    .data               nrf_drv_uart.o
    0x20002c10   0x00000008   Data   RW         1985    .data               nrfx_clock.o
    0x20002c18   0x00000008   Data   RW         2404    .data               nrfx_prs.o
    0x20002c20   0x00000020   Data   RW         3125    .data               app_button.o
    0x20002c40   0x00000014   Data   RW         3448    .data               app_timer.o
    0x20002c54   0x0000001c   Data   RW         3600    .data               app_uart_fifo.o
    0x20002c70   0x00000014   Data   RW         4283    .data               nrf_fstorage_sd.o
    0x20002c84   0x00000008   Data   RW         4284    .data               nrf_fstorage_sd.o
    0x20002c8c   0x00000008   Data   RW         4466    .data               nrf_pwr_mgmt.o
    0x20002c94   0x00000004   Data   RW         4600    .data               retarget.o
    0x20002c98   0x00000001   Data   RW         4644    .data               nrf_log_backend_rtt.o
    0x20002c99   0x00000003   PAD
    0x20002c9c   0x0000000c   Data   RW         4740    .data               nrf_log_default_backends.o
    0x20002ca8   0x00000008   Data   RW         4805    .data               nrf_log_frontend.o
    0x20002cb0   0x00000008   Data   RW         4806    .data               nrf_log_frontend.o
    0x20002cb8   0x00000040   Data   RW         4968    .data               nrf_log_str_formatter.o
    0x20002cf8   0x00000003   Data   RW         5294    .data               nrf_sdh.o
    0x20002cfb   0x00000001   Data   RW         5416    .data               nrf_sdh_ble.o
    0x20002cfc   0x00000004   Data   RW         5500    .data               system_nrf52.o
    0x20002d00   0x00000004   Data   RW         1562    log_dynamic_data    nrf_ble_gatt.o
    0x20002d04   0x00000004   Data   RW         1711    log_dynamic_data    ble_nus.o
    0x20002d08   0x00000004   Data   RW         1793    log_dynamic_data    nrf_drv_clock.o
    0x20002d0c   0x00000004   Data   RW         1987    log_dynamic_data    nrfx_clock.o
    0x20002d10   0x00000004   Data   RW         2145    log_dynamic_data    nrfx_gpiote.o
    0x20002d14   0x00000004   Data   RW         2406    log_dynamic_data    nrfx_prs.o
    0x20002d18   0x00000004   Data   RW         2482    log_dynamic_data    nrfx_uart.o
    0x20002d1c   0x00000004   Data   RW         2665    log_dynamic_data    nrfx_uarte.o
    0x20002d20   0x00000004   Data   RW         2857    log_dynamic_data    nrfx_spim.o
    0x20002d24   0x00000004   Data   RW         2998    log_dynamic_data    nrfx_saadc.o
    0x20002d28   0x00000004   Data   RW         4194    log_dynamic_data    nrf_fstorage.o
    0x20002d2c   0x00000004   Data   RW         4286    log_dynamic_data    nrf_fstorage_sd.o
    0x20002d30   0x00000004   Data   RW         4468    log_dynamic_data    nrf_pwr_mgmt.o
    0x20002d34   0x00000008   Data   RW         4808    log_dynamic_data    nrf_log_frontend.o
    0x20002d3c   0x00000004   Data   RW         5296    log_dynamic_data    nrf_sdh.o
    0x20002d40   0x00000004   Data   RW         5418    log_dynamic_data    nrf_sdh_ble.o
    0x20002d44   0x00000004   Data   RW         5464    log_dynamic_data    nrf_sdh_soc.o
    0x20002d48   0x000005bc   Zero   RW           31    .bss                main.o
    0x20003304   0x00000020   Zero   RW           32    .bss                main.o
    0x20003324   0x00000020   Zero   RW          757    .bss                bsp.o
    0x20003344   0x00000020   Zero   RW          758    .bss                bsp.o
    0x20003364   0x00000020   Zero   RW          759    .bss                bsp.o
    0x20003384   0x00000050   Zero   RW         1223    .bss                ble_conn_params.o
    0x200033d4   0x00000078   Zero   RW         1317    .bss                ble_conn_state.o
    0x2000344c   0x00000014   Zero   RW         1786    .bss                nrf_drv_clock.o
    0x20003460   0x0000005c   Zero   RW         2138    .bss                nrfx_gpiote.o
    0x200034bc   0x0000002c   Zero   RW         2475    .bss                nrfx_uart.o
    0x200034e8   0x00000024   Zero   RW         2658    .bss                nrfx_uarte.o
    0x2000350c   0x00000018   Zero   RW         2791    .bss                nrf_drv_spi.o
    0x20003524   0x00000024   Zero   RW         2850    .bss                nrfx_spim.o
    0x20003548   0x00000030   Zero   RW         2987    .bss                nrfx_saadc.o
    0x20003578   0x00000020   Zero   RW         3123    .bss                app_button.o
    0x20003598   0x00000020   Zero   RW         3184    .bss                app_error.o
    0x200035b8   0x0000010c   Zero   RW         3446    .bss                app_timer.o
    0x200036c4   0x00000020   Zero   RW         3598    .bss                app_uart_fifo.o
    0x200036e4   0x0000000c   Zero   RW         3682    .bss                app_util_platform.o
    0x200036f0   0x000000a0   Zero   RW         4279    .bss                nrf_fstorage_sd.o
    0x20003790   0x0000000c   Zero   RW         4462    .bss                nrf_pwr_mgmt.o
    0x2000379c   0x00000040   Zero   RW         4641    .bss                nrf_log_backend_rtt.o
    0x200037dc   0x000000c0   Zero   RW         4802    .bss                nrf_log_frontend.o
    0x2000389c   0x00000424   Zero   RW         4803    .bss                nrf_log_frontend.o
    0x20003cc0   0x00000288   Zero   RW         5044    .bss                segger_rtt.o
    0x20003f48   0x00002000   Zero   RW         5488    STACK               arm_startup_nrf52.o


==============================================================================

Image component sizes


      Code (inc. data)   RO Data    RW Data    ZI Data      Debug   Object Name

       440         36          8         32         32      13110   app_button.o
       100          4          0          0         32       3418   app_error.o
        26          0          0          0          0        576   app_error_handler_keil.o
       372        190          0          0          0      12454   app_error_weak.o
       118          0          0          0          0       5054   app_fifo.o
      1506        118          6         20        268      48011   app_timer.o
       588        120         32         28         32      22966   app_uart_fifo.o
       124         14          0          0         12       9486   app_util_platform.o
        36          8        512          0       8192        932   arm_startup_nrf52.o
      1314          0          0          0          0      45348   ble_advdata.o
      1116          6          0          0          0      22888   ble_advertising.o
       636         44          8          8         80      12731   ble_conn_params.o
       424         70          8          0        120       6875   ble_conn_state.o
        72          0          0          0          0       2832   ble_link_ctx_manager.o
       920          4         32          4          0      10864   ble_nus.o
         8          0          0          0          0       1470   ble_srv_common.o
       358         40          4          0          0      75581   boards.o
      1050        124         28         22         96      19896   bsp.o
       230         10          8          8          0      82036   bsp_btn_ble.o
      2924        866        148         68       1500     171589   main.o
       244          0          0          0          0       5697   nrf_atfifo.o
        64          0          0          0          0       2988   nrf_atflags.o
       306          0          0          0          0       8079   nrf_atomic.o
       164          0          0          0          0       3668   nrf_balloc.o
      1722        750        361          4          0      38302   nrf_ble_gatt.o
       276          0          0          0          0       6245   nrf_ble_qwr.o
       276         34         30          4         20      40026   nrf_drv_clock.o
       168         18         16          0         24      15755   nrf_drv_spi.o
       200         26          0         12          0      17744   nrf_drv_uart.o
        50          0          0          0          0       3557   nrf_fprintf.o
       850          4         16          0          0       5510   nrf_fprintf_format.o
        80         10         21          4          0       2676   nrf_fstorage.o
       484         42         62         32        160       9757   nrf_fstorage_sd.o
       112         18         18          1         64       6397   nrf_log_backend_rtt.o
       200          0          0          0          0      10819   nrf_log_backend_serial.o
        28          6          0         12          0       3218   nrf_log_default_backends.o
      1704        122         64         24       1252      33030   nrf_log_frontend.o
       566        108        102         64          0       5832   nrf_log_str_formatter.o
       330          0          0          0          0       9679   nrf_memobj.o
       108         16         53         12         12      37839   nrf_pwr_mgmt.o
       872        242        104          7          0      44076   nrf_sdh.o
       828        288        539          5          0       6053   nrf_sdh_ble.o
       128         68         56          4          0       2600   nrf_sdh_soc.o
        78          0          0          0          0       2804   nrf_section_iter.o
        76         10       1319          0          0       2767   nrf_strerror.o
       222         28         14         12          0      41400   nrfx_clock.o
      1226         92         19          4         92      58802   nrfx_gpiote.o
        94         16         12         12          0       3877   nrfx_prs.o
       380         22         14          4         48      13516   nrfx_saadc.o
       882         22         17          4         36      21251   nrfx_spim.o
      1362         36         17          4         44      31446   nrfx_uart.o
      1200         38         18          4         36      24001   nrfx_uarte.o
        14          0          0          4          0       2890   retarget.o
       378         34          0          0        648       9053   segger_rtt.o
       796         70          0          4          0      29570   system_nrf52.o

    ----------------------------------------------------------------------
     28880       3774       3760        432      12800    1129041   Object Totals
         0          0         32          0          0          0   (incl. Generated)
        50          0         62          5          0          0   (incl. Padding)

    ----------------------------------------------------------------------

      Code (inc. data)   RO Data    RW Data    ZI Data      Debug   Library Member Name

        86          0          0          0          0          0   __dczerorl2.o
         8          4        133          0          0         68   ctype_o.o
         0          0          0          0          0          0   entry.o
         0          0          0          0          0          0   entry10a.o
         0          0          0          0          0          0   entry11a.o
         8          4          0          0          0          0   entry2.o
         4          0          0          0          0          0   entry5.o
         0          0          0          0          0          0   entry7b.o
         0          0          0          0          0          0   entry8b.o
         8          4          0          0          0          0   entry9a.o
        30          0          0          0          0          0   handlers.o
        36          8          0          0          0         68   init.o
        30          0          0          0          0         68   llshl.o
        32          0          0          0          0         68   llushr.o
        36          0          0          0          0         68   memcpya.o
        36          0          0          0          0        108   memseta.o
       736         56          0          0          0        184   printf5.o
        18          0          0          0          0         68   strcpy.o
        14          0          0          0          0         68   strlen.o
        98          0          0          0          0         92   uldiv.o

    ----------------------------------------------------------------------
      1184         76        136          0          0        860   Library Totals
         4          0          3          0          0          0   (incl. Padding)

    ----------------------------------------------------------------------

      Code (inc. data)   RO Data    RW Data    ZI Data      Debug   Library Name

      1180         76        133          0          0        860   mc_w.l

    ----------------------------------------------------------------------
      1184         76        136          0          0        860   Library Totals

    ----------------------------------------------------------------------

==============================================================================


      Code (inc. data)   RO Data    RW Data    ZI Data      Debug   

     30064       3850       3896        432      12800    1097173   Grand Totals
     30064       3850       3896         92      12800    1097173   ELF Image Totals (compressed)
     30064       3850       3896         92          0          0   ROM Totals

==============================================================================

    Total RO  Size (Code + RO Data)                33960 (  33.16kB)
    Total RW  Size (RW Data + ZI Data)             13232 (  12.92kB)
    Total ROM Size (Code + RO Data + RW Data)      34052 (  33.25kB)

==============================================================================

