Component: ARM Compiler 5.06 update 4 (build 422) Tool: armlink [4d35d2]

==============================================================================

Section Cross References

    main.o(i.SpiInit) refers to main.o(i.nrf_gpio_cfg_output) for nrf_gpio_cfg_output
    main.o(i.SpiInit) refers to main.o(i.nrf_gpio_pin_clear) for nrf_gpio_pin_clear
    main.o(i.SpiInit) refers to main.o(i.nrf_gpio_pin_set) for nrf_gpio_pin_set
    main.o(i.SpiInit) refers to nrf_drv_spi.o(i.nrf_drv_spi_init) for nrf_drv_spi_init
    main.o(i.SpiInit) refers to app_error_handler_keil.o(.emb_text) for app_error_handler
    main.o(i.SpiInit) refers to main.o(.constdata) for .constdata
    main.o(i.SpiInit) refers to main.o(i.spi_event_handler) for spi_event_handler
    main.o(i.SpiRead) refers to main.o(i.nrf_gpio_pin_clear) for nrf_gpio_pin_clear
    main.o(i.SpiRead) refers to main.o(i.nrf_drv_spi_transfer) for nrf_drv_spi_transfer
    main.o(i.SpiRead) refers to main.o(i.nrfx_coredep_delay_us) for nrfx_coredep_delay_us
    main.o(i.SpiRead) refers to main.o(i.nrf_gpio_pin_set) for nrf_gpio_pin_set
    main.o(i.SpiRead) refers to printf1.o(i.__0printf$1) for __2printf
    main.o(i.SpiRead) refers to main.o(.constdata) for .constdata
    main.o(i.SpiWrite) refers to main.o(i.nrf_gpio_pin_clear) for nrf_gpio_pin_clear
    main.o(i.SpiWrite) refers to main.o(i.nrf_drv_spi_transfer) for nrf_drv_spi_transfer
    main.o(i.SpiWrite) refers to main.o(i.nrfx_coredep_delay_us) for nrfx_coredep_delay_us
    main.o(i.SpiWrite) refers to main.o(i.nrf_gpio_pin_set) for nrf_gpio_pin_set
    main.o(i.SpiWrite) refers to printf1.o(i.__0printf$1) for __2printf
    main.o(i.SpiWrite) refers to main.o(.constdata) for .constdata
    main.o(i.advertising_init) refers to memseta.o(.text) for __aeabi_memclr4
    main.o(i.advertising_init) refers to ble_advertising.o(i.ble_advertising_init) for ble_advertising_init
    main.o(i.advertising_init) refers to app_error_handler_keil.o(.emb_text) for app_error_handler
    main.o(i.advertising_init) refers to ble_advertising.o(i.ble_advertising_conn_cfg_tag_set) for ble_advertising_conn_cfg_tag_set
    main.o(i.advertising_init) refers to main.o(.data) for .data
    main.o(i.advertising_init) refers to main.o(i.on_adv_evt) for on_adv_evt
    main.o(i.advertising_init) refers to main.o(.bss) for .bss
    main.o(i.advertising_start) refers to ble_advertising.o(i.ble_advertising_start) for ble_advertising_start
    main.o(i.advertising_start) refers to app_error_handler_keil.o(.emb_text) for app_error_handler
    main.o(i.advertising_start) refers to main.o(.bss) for .bss
    main.o(i.advertising_start) refers to main.o(i.timers_init) for i.timers_init
    main.o(i.assert_nrf_callback) refers to app_error_handler_keil.o(.emb_text) for app_error_handler
    main.o(i.ble_evt_handler) refers to nrf_log_frontend.o(i.nrf_log_frontend_std_0) for nrf_log_frontend_std_0
    main.o(i.ble_evt_handler) refers to app_error_handler_keil.o(.emb_text) for app_error_handler
    main.o(i.ble_evt_handler) refers to main.o(i.nrf_gpio_pin_clear) for nrf_gpio_pin_clear
    main.o(i.ble_evt_handler) refers to bsp.o(i.bsp_indication_set) for bsp_indication_set
    main.o(i.ble_evt_handler) refers to nrf_log_frontend.o(i.nrf_log_frontend_std_1) for nrf_log_frontend_std_1
    main.o(i.ble_evt_handler) refers to nrf_ble_qwr.o(i.nrf_ble_qwr_conn_handle_assign) for nrf_ble_qwr_conn_handle_assign
    main.o(i.ble_evt_handler) refers to main.o(i.nrf_gpio_pin_set) for nrf_gpio_pin_set
    main.o(i.ble_evt_handler) refers to main.o(i.captrue_cmd) for captrue_cmd
    main.o(i.ble_evt_handler) refers to main.o(.data) for .data
    main.o(i.ble_evt_handler) refers to nrf_log_frontend.o(log_dynamic_data) for m_nrf_log_app_logs_data_dynamic
    main.o(i.ble_evt_handler) refers to main.o(.constdata) for .constdata
    main.o(i.ble_evt_handler) refers to main.o(.bss) for .bss
    main.o(i.ble_stack_init) refers to nrf_sdh.o(i.nrf_sdh_enable_request) for nrf_sdh_enable_request
    main.o(i.ble_stack_init) refers to app_error_handler_keil.o(.emb_text) for app_error_handler
    main.o(i.ble_stack_init) refers to nrf_sdh_ble.o(i.nrf_sdh_ble_default_cfg_set) for nrf_sdh_ble_default_cfg_set
    main.o(i.ble_stack_init) refers to nrf_sdh_ble.o(i.nrf_sdh_ble_enable) for nrf_sdh_ble_enable
    main.o(i.bsp_event_handler) refers to main.o(i.sleep_mode_enter) for sleep_mode_enter
    main.o(i.bsp_event_handler) refers to ble_advertising.o(i.ble_advertising_restart_without_whitelist) for ble_advertising_restart_without_whitelist
    main.o(i.bsp_event_handler) refers to app_error_handler_keil.o(.emb_text) for app_error_handler
    main.o(i.bsp_event_handler) refers to main.o(.data) for .data
    main.o(i.bsp_event_handler) refers to main.o(.bss) for .bss
    main.o(i.buttons_leds_init) refers to bsp.o(i.bsp_init) for bsp_init
    main.o(i.buttons_leds_init) refers to app_error_handler_keil.o(.emb_text) for app_error_handler
[...]
    GPIOTE_IRQHandler                        0x00026741   Thumb Code   346  nrfx_gpiote.o(i.GPIOTE_IRQHandler)
    POWER_CLOCK_IRQHandler                   0x00026909   Thumb Code    82  nrfx_clock.o(i.POWER_CLOCK_IRQHandler)
    RTC1_IRQHandler                          0x00026961   Thumb Code    32  app_timer.o(i.RTC1_IRQHandler)
    SAADC_IRQHandler                         0x00026985   Thumb Code   320  nrfx_saadc.o(i.SAADC_IRQHandler)
    SEGGER_RTT_Init                          0x00026acd   Thumb Code     4  segger_rtt.o(i.SEGGER_RTT_Init)
    SEGGER_RTT_WriteNoLock                   0x00026ad1   Thumb Code    86  segger_rtt.o(i.SEGGER_RTT_WriteNoLock)
    SPIM0_SPIS0_TWIM0_TWIS0_SPI0_TWI0_IRQHandler 0x00026b2d   Thumb Code    76  nrfx_spim.o(i.SPIM0_SPIS0_TWIM0_TWIS0_SPI0_TWI0_IRQHandler)
    SWI0_EGU0_IRQHandler                     0x00026b81   Thumb Code     4  app_timer.o(i.SWI0_EGU0_IRQHandler)
    SWI2_EGU2_IRQHandler                     0x00026b85   Thumb Code     4  nrf_sdh.o(i.SWI2_EGU2_IRQHandler)
    SpiInit                                  0x00026b89   Thumb Code   120  main.o(i.SpiInit)
    SpiRead                                  0x00026c19   Thumb Code    56  main.o(i.SpiRead)
    SystemInit                               0x00026c65   Thumb Code   726  system_nrf52.o(i.SystemInit)
    TIMER0_IRQHandler                        0x00026f81   Thumb Code    10  nrfx_timer.o(i.TIMER0_IRQHandler)
    TIMER1_IRQHandler                        0x00026f95   Thumb Code    10  nrfx_timer.o(i.TIMER1_IRQHandler)
    TIMER2_IRQHandler                        0x00026fa9   Thumb Code    10  nrfx_timer.o(i.TIMER2_IRQHandler)
    TIMER3_IRQHandler                        0x00026fbd   Thumb Code    10  nrfx_timer.o(i.TIMER3_IRQHandler)
    TIMER4_IRQHandler                        0x00026fd1   Thumb Code    10  nrfx_timer.o(i.TIMER4_IRQHandler)
    UARTE0_UART0_IRQHandler                  0x00026fe5   Thumb Code     6  nrfx_prs.o(i.UARTE0_UART0_IRQHandler)
    __0printf$1                              0x0002710d   Thumb Code    22  printf1.o(i.__0printf$1)
    __1printf$1                              0x0002710d   Thumb Code     0  printf1.o(i.__0printf$1)
    __2printf                                0x0002710d   Thumb Code     0  printf1.o(i.__0printf$1)
    __aeabi_errno_addr                       0x0002712d   Thumb Code     4  errno.o(i.__aeabi_errno_addr)
    __rt_errno_addr                          0x0002712d   Thumb Code     0  errno.o(i.__aeabi_errno_addr)
    __scatterload_copy                       0x00027135   Thumb Code    14  handlers.o(i.__scatterload_copy)
    __scatterload_null                       0x00027143   Thumb Code     2  handlers.o(i.__scatterload_null)
    __scatterload_zeroinit                   0x00027145   Thumb Code    14  handlers.o(i.__scatterload_zeroinit)
    app_button_enable                        0x00027389   Thumb Code    32  app_button.o(i.app_button_enable)
    app_button_init                          0x000273ad   Thumb Code   102  app_button.o(i.app_button_init)
    app_error_fault_handler                  0x00027425   Thumb Code   182  app_error_weak.o(i.app_error_fault_handler)
    app_error_save_and_stop                  0x00027599   Thumb Code    96  app_error.o(i.app_error_save_and_stop)
    app_fifo_get                             0x000275fd   Thumb Code    22  app_fifo.o(i.app_fifo_get)
    app_fifo_init                            0x00027613   Thumb Code    32  app_fifo.o(i.app_fifo_init)
    app_fifo_put                             0x00027633   Thumb Code    26  app_fifo.o(i.app_fifo_put)
    app_timer_create                         0x0002764d   Thumb Code    32  app_timer.o(i.app_timer_create)
    app_timer_init                           0x00027671   Thumb Code    70  app_timer.o(i.app_timer_init)
    app_timer_start                          0x000276c5   Thumb Code   128  app_timer.o(i.app_timer_start)
    app_timer_stop                           0x0002774d   Thumb Code    26  app_timer.o(i.app_timer_stop)
    app_uart_get                             0x0002776d   Thumb Code    46  app_uart_fifo.o(i.app_uart_get)
    app_uart_init                            0x000277e1   Thumb Code   148  app_uart_fifo.o(i.app_uart_init)
    app_uart_put                             0x00027885   Thumb Code    70  app_uart_fifo.o(i.app_uart_put)
    app_util_critical_region_enter           0x000278d9   Thumb Code    64  app_util_platform.o(i.app_util_critical_region_enter)
    app_util_critical_region_exit            0x00027921   Thumb Code    46  app_util_platform.o(i.app_util_critical_region_exit)
    blcm_link_ctx_get                        0x00027a71   Thumb Code    72  ble_link_ctx_manager.o(i.blcm_link_ctx_get)
    ble_advdata_encode                       0x00027ab9   Thumb Code   386  ble_advdata.o(i.ble_advdata_encode)
    ble_advdata_parse                        0x00027c3b   Thumb Code    32  ble_advdata.o(i.ble_advdata_parse)
    ble_advdata_search                       0x00027c5b   Thumb Code    56  ble_advdata.o(i.ble_advdata_search)
    ble_advertising_conn_cfg_tag_set         0x00027c93   Thumb Code     6  ble_advertising.o(i.ble_advertising_conn_cfg_tag_set)
    ble_advertising_init                     0x00027c99   Thumb Code   250  ble_advertising.o(i.ble_advertising_init)
    ble_advertising_on_ble_evt               0x00027d93   Thumb Code   106  ble_advertising.o(i.ble_advertising_on_ble_evt)
    ble_advertising_on_sys_evt               0x00027dfd   Thumb Code    48  ble_advertising.o(i.ble_advertising_on_sys_evt)
    ble_advertising_restart_without_whitelist 0x00027e2d   Thumb Code    58  ble_advertising.o(i.ble_advertising_restart_without_whitelist)
    ble_advertising_start                    0x00027e67   Thumb Code   566  ble_advertising.o(i.ble_advertising_start)
    ble_conn_params_init                     0x0002809d   Thumb Code    90  ble_conn_params.o(i.ble_conn_params_init)
    ble_conn_state_conn_idx                  0x00028105   Thumb Code    18  ble_conn_state.o(i.ble_conn_state_conn_idx)
    ble_conn_state_valid                     0x00028119   Thumb Code    16  ble_conn_state.o(i.ble_conn_state_valid)
    ble_nus_data_send                        0x00028629   Thumb Code   102  ble_nus.o(i.ble_nus_data_send)
    ble_nus_init                             0x00028691   Thumb Code    84  ble_nus.o(i.ble_nus_init)
    ble_nus_on_ble_evt                       0x000286e9   Thumb Code   112  ble_nus.o(i.ble_nus_on_ble_evt)
    ble_srv_is_notification_enabled          0x00028759   Thumb Code     8  ble_srv_common.o(i.ble_srv_is_notification_enabled)
    bsp_board_button_idx_to_pin              0x000287b1   Thumb Code     6  boards.o(i.bsp_board_button_idx_to_pin)
    bsp_board_button_state_get               0x000287bd   Thumb Code    28  boards.o(i.bsp_board_button_state_get)
    bsp_board_init                           0x000287dd   Thumb Code    80  boards.o(i.bsp_board_init)
    bsp_board_led_invert                     0x00028831   Thumb Code    32  boards.o(i.bsp_board_led_invert)
    bsp_board_led_off                        0x00028855   Thumb Code    10  boards.o(i.bsp_board_led_off)
    bsp_board_led_on                         0x00028865   Thumb Code    10  boards.o(i.bsp_board_led_on)
    bsp_board_led_state_get                  0x00028875   Thumb Code    28  boards.o(i.bsp_board_led_state_get)
    bsp_board_leds_off                       0x00028895   Thumb Code    18  boards.o(i.bsp_board_leds_off)
    bsp_board_leds_on                        0x000288a7   Thumb Code    18  boards.o(i.bsp_board_leds_on)
    bsp_board_pin_to_button_idx              0x000288b9   Thumb Code    30  boards.o(i.bsp_board_pin_to_button_idx)
    bsp_btn_ble_init                         0x000288dd   Thumb Code    42  bsp_btn_ble.o(i.bsp_btn_ble_init)
    bsp_btn_ble_sleep_mode_prepare           0x0002890d   Thumb Code    30  bsp_btn_ble.o(i.bsp_btn_ble_sleep_mode_prepare)
    bsp_button_is_pressed                    0x000289cd   Thumb Code    12  bsp.o(i.bsp_button_is_pressed)
    bsp_event_handler                        0x000289d9   Thumb Code    86  main.o(i.bsp_event_handler)
    bsp_event_to_button_action_assign        0x00028a49   Thumb Code    64  bsp.o(i.bsp_event_to_button_action_assign)
    bsp_indication_set                       0x00028a8d   Thumb Code    20  bsp.o(i.bsp_indication_set)
    bsp_init                                 0x00028aa5   Thumb Code   126  bsp.o(i.bsp_init)
    bsp_wakeup_button_enable                 0x00028cf1   Thumb Code     6  bsp.o(i.bsp_wakeup_button_enable)
    buffer_is_empty                          0x00028da9   Thumb Code    16  nrf_log_frontend.o(i.buffer_is_empty)
    captrue_cmd                              0x00028e19   Thumb Code   104  main.o(i.captrue_cmd)
    conn_handle_list_get                     0x00028ff1   Thumb Code    62  ble_conn_state.o(i.conn_handle_list_get)
    fputc                                    0x0002940f   Thumb Code    14  retarget.o(i.fputc)
    gatt_evt_handler                         0x0002948d   Thumb Code    72  main.o(i.gatt_evt_handler)
    gatt_init                                0x00029539   Thumb Code    50  main.o(i.gatt_init)
    main                                     0x00029a65   Thumb Code   406  main.o(i.main)
    nrf_atfifo_item_free                     0x00029e55   Thumb Code    22  nrf_atfifo.o(i.nrf_atfifo_item_free)
    nrf_atfifo_item_get                      0x00029e6b   Thumb Code    22  nrf_atfifo.o(i.nrf_atfifo_item_get)
    nrf_atflags_clear                        0x00029e81   Thumb Code    22  nrf_atflags.o(i.nrf_atflags_clear)
    nrf_atflags_get                          0x00029e97   Thumb Code    22  nrf_atflags.o(i.nrf_atflags_get)
    nrf_atflags_set                          0x00029ead   Thumb Code    20  nrf_atflags.o(i.nrf_atflags_set)
    nrf_atomic_flag_clear_fetch              0x00029ec1   Thumb Code     6  nrf_atomic.o(i.nrf_atomic_flag_clear_fetch)
    nrf_atomic_flag_set                      0x00029ec7   Thumb Code     6  nrf_atomic.o(i.nrf_atomic_flag_set)
    nrf_atomic_u32_add                       0x00029ecd   Thumb Code    12  nrf_atomic.o(i.nrf_atomic_u32_add)
    nrf_atomic_u32_and                       0x00029ed9   Thumb Code    12  nrf_atomic.o(i.nrf_atomic_u32_and)
    nrf_atomic_u32_fetch_and                 0x00029ee5   Thumb Code    10  nrf_atomic.o(i.nrf_atomic_u32_fetch_and)
    nrf_atomic_u32_fetch_store               0x00029eef   Thumb Code    10  nrf_atomic.o(i.nrf_atomic_u32_fetch_store)
    nrf_atomic_u32_or                        0x00029ef9   Thumb Code    12  nrf_atomic.o(i.nrf_atomic_u32_or)
    nrf_atomic_u32_sub                       0x00029f05   Thumb Code    12  nrf_atomic.o(i.nrf_atomic_u32_sub)
    nrf_balloc_alloc                         0x00029f11   Thumb Code    68  nrf_balloc.o(i.nrf_balloc_alloc)
    nrf_balloc_free                          0x00029f55   Thumb Code    48  nrf_balloc.o(i.nrf_balloc_free)
    nrf_balloc_init                          0x00029f85   Thumb Code    48  nrf_balloc.o(i.nrf_balloc_init)
    nrf_ble_gatt_att_mtu_periph_set          0x00029fd9   Thumb Code    24  nrf_ble_gatt.o(i.nrf_ble_gatt_att_mtu_periph_set)
    nrf_ble_gatt_init                        0x00029ff1   Thumb Code    34  nrf_ble_gatt.o(i.nrf_ble_gatt_init)
    nrf_ble_gatt_on_ble_evt                  0x0002a015   Thumb Code   212  nrf_ble_gatt.o(i.nrf_ble_gatt_on_ble_evt)
    nrf_ble_qwr_conn_handle_assign           0x0002a165   Thumb Code    22  nrf_ble_qwr.o(i.nrf_ble_qwr_conn_handle_assign)
    nrf_ble_qwr_init                         0x0002a17b   Thumb Code    36  nrf_ble_qwr.o(i.nrf_ble_qwr_init)
    nrf_ble_qwr_on_ble_evt                   0x0002a19f   Thumb Code   182  nrf_ble_qwr.o(i.nrf_ble_qwr_on_ble_evt)
    nrf_drv_clock_init                       0x0002a275   Thumb Code    48  nrf_drv_clock.o(i.nrf_drv_clock_init)
    nrf_drv_clock_lfclk_release              0x0002a2ad   Thumb Code    42  nrf_drv_clock.o(i.nrf_drv_clock_lfclk_release)
    nrf_drv_ppi_init                         0x0002a2dd   Thumb Code    18  nrf_drv_ppi.o(i.nrf_drv_ppi_init)
    nrf_drv_spi_init                         0x0002a2f5   Thumb Code    98  nrf_drv_spi.o(i.nrf_drv_spi_init)
    nrf_drv_uart_init                        0x0002a37d   Thumb Code    90  nrf_drv_uart.o(i.nrf_drv_uart_init)
    nrf_fprintf                              0x0002a425   Thumb Code    26  nrf_fprintf.o(i.nrf_fprintf)
    nrf_fprintf_buffer_flush                 0x0002a43f   Thumb Code    24  nrf_fprintf.o(i.nrf_fprintf_buffer_flush)
    nrf_fprintf_fmt                          0x0002a457   Thumb Code   474  nrf_fprintf_format.o(i.nrf_fprintf_fmt)
    nrf_fstorage_is_busy                     0x0002a631   Thumb Code    70  nrf_fstorage.o(i.nrf_fstorage_is_busy)
    nrf_fstorage_sdh_req_handler             0x0002a681   Thumb Code    18  nrf_fstorage_sd.o(i.nrf_fstorage_sdh_req_handler)
    nrf_fstorage_sdh_state_handler           0x0002a699   Thumb Code    28  nrf_fstorage_sd.o(i.nrf_fstorage_sdh_state_handler)
    nrf_fstorage_sys_evt_handler             0x0002a6b9   Thumb Code   154  nrf_fstorage_sd.o(i.nrf_fstorage_sys_evt_handler)
    nrf_log_backend_add                      0x0002a93d   Thumb Code    74  nrf_log_frontend.o(i.nrf_log_backend_add)
    nrf_log_backend_rtt_init                 0x0002a98f   Thumb Code     4  nrf_log_backend_rtt.o(i.nrf_log_backend_rtt_init)
    nrf_log_backend_serial_put               0x0002a9ad   Thumb Code   200  nrf_log_backend_serial.o(i.nrf_log_backend_serial_put)
    nrf_log_color_id_get                     0x0002aa75   Thumb Code    42  nrf_log_frontend.o(i.nrf_log_color_id_get)
    nrf_log_default_backends_init            0x0002aaa5   Thumb Code    22  nrf_log_default_backends.o(i.nrf_log_default_backends_init)
    nrf_log_frontend_dequeue                 0x0002aac1   Thumb Code   510  nrf_log_frontend.o(i.nrf_log_frontend_dequeue)
    nrf_log_frontend_std_0                   0x0002ace1   Thumb Code     8  nrf_log_frontend.o(i.nrf_log_frontend_std_0)
    nrf_log_frontend_std_1                   0x0002ace9   Thumb Code    14  nrf_log_frontend.o(i.nrf_log_frontend_std_1)
    nrf_log_frontend_std_2                   0x0002acf7   Thumb Code    16  nrf_log_frontend.o(i.nrf_log_frontend_std_2)
    nrf_log_frontend_std_3                   0x0002ad07   Thumb Code    18  nrf_log_frontend.o(i.nrf_log_frontend_std_3)
    nrf_log_frontend_std_5                   0x0002ad19   Thumb Code    28  nrf_log_frontend.o(i.nrf_log_frontend_std_5)
    nrf_log_frontend_std_6                   0x0002ad35   Thumb Code    28  nrf_log_frontend.o(i.nrf_log_frontend_std_6)
    nrf_log_hexdump_entry_process            0x0002ad51   Thumb Code   146  nrf_log_str_formatter.o(i.nrf_log_hexdump_entry_process)
    nrf_log_init                             0x0002adfd   Thumb Code    66  nrf_log_frontend.o(i.nrf_log_init)
    nrf_log_module_cnt_get                   0x0002ae55   Thumb Code    10  nrf_log_frontend.o(i.nrf_log_module_cnt_get)
    nrf_log_module_name_get                  0x0002ae69   Thumb Code    24  nrf_log_frontend.o(i.nrf_log_module_name_get)
    nrf_log_panic                            0x0002ae85   Thumb Code    34  nrf_log_frontend.o(i.nrf_log_panic)
    nrf_log_std_entry_process                0x0002aead   Thumb Code   182  nrf_log_str_formatter.o(i.nrf_log_std_entry_process)
    nrf_memobj_alloc                         0x0002af63   Thumb Code    96  nrf_memobj.o(i.nrf_memobj_alloc)
    nrf_memobj_free                          0x0002afc3   Thumb Code    50  nrf_memobj.o(i.nrf_memobj_free)
    nrf_memobj_get                           0x0002aff5   Thumb Code     8  nrf_memobj.o(i.nrf_memobj_get)
    nrf_memobj_pool_init                     0x0002affd   Thumb Code     4  nrf_memobj.o(i.nrf_memobj_pool_init)
    nrf_memobj_put                           0x0002b001   Thumb Code    30  nrf_memobj.o(i.nrf_memobj_put)
    nrf_memobj_read                          0x0002b01f   Thumb Code    12  nrf_memobj.o(i.nrf_memobj_read)
    nrf_memobj_write                         0x0002b02b   Thumb Code    12  nrf_memobj.o(i.nrf_memobj_write)
    nrf_pwr_mgmt_init                        0x0002b039   Thumb Code    28  nrf_pwr_mgmt.o(i.nrf_pwr_mgmt_init)
    nrf_pwr_mgmt_run                         0x0002b061   Thumb Code    64  nrf_pwr_mgmt.o(i.nrf_pwr_mgmt_run)
    nrf_sdh_ble_app_ram_start_get            0x0002b105   Thumb Code    16  nrf_sdh_ble.o(i.nrf_sdh_ble_app_ram_start_get)
    nrf_sdh_ble_default_cfg_set              0x0002b119   Thumb Code   312  nrf_sdh_ble.o(i.nrf_sdh_ble_default_cfg_set)
    nrf_sdh_ble_enable                       0x0002b26d   Thumb Code   116  nrf_sdh_ble.o(i.nrf_sdh_ble_enable)
    nrf_sdh_disable_request                  0x0002b441   Thumb Code    80  nrf_sdh.o(i.nrf_sdh_disable_request)
    nrf_sdh_enable_request                   0x0002b495   Thumb Code   106  nrf_sdh.o(i.nrf_sdh_enable_request)
    nrf_sdh_evts_poll                        0x0002b50d   Thumb Code    32  nrf_sdh.o(i.nrf_sdh_evts_poll)
    nrf_sdh_is_enabled                       0x0002b531   Thumb Code     6  nrf_sdh.o(i.nrf_sdh_is_enabled)
    nrf_sdh_request_continue                 0x0002b53d   Thumb Code    22  nrf_sdh.o(i.nrf_sdh_request_continue)
    nrf_section_iter_init                    0x0002b5d9   Thumb Code    10  nrf_section_iter.o(i.nrf_section_iter_init)
    nrf_section_iter_next                    0x0002b607   Thumb Code    32  nrf_section_iter.o(i.nrf_section_iter_next)
    nrf_strerror_find                        0x0002b631   Thumb Code    52  nrf_strerror.o(i.nrf_strerror_find)
    nrf_strerror_get                         0x0002b669   Thumb Code    14  nrf_strerror.o(i.nrf_strerror_get)
    nrfx_clock_enable                        0x0002b6c1   Thumb Code    36  nrfx_clock.o(i.nrfx_clock_enable)
    nrfx_clock_init                          0x0002b6ed   Thumb Code    26  nrfx_clock.o(i.nrfx_clock_init)
    nrfx_clock_lfclk_stop                    0x0002b70d   Thumb Code    20  nrfx_clock.o(i.nrfx_clock_lfclk_stop)
    nrfx_gpiote_in_event_enable              0x0002b749   Thumb Code   156  nrfx_gpiote.o(i.nrfx_gpiote_in_event_enable)
    nrfx_gpiote_in_init                      0x0002b7ed   Thumb Code   194  nrfx_gpiote.o(i.nrfx_gpiote_in_init)
    nrfx_gpiote_in_is_set                    0x0002b8bd   Thumb Code    20  nrfx_gpiote.o(i.nrfx_gpiote_in_is_set)
    nrfx_gpiote_init                         0x0002b8d1   Thumb Code    98  nrfx_gpiote.o(i.nrfx_gpiote_init)
    nrfx_gpiote_is_init                      0x0002b941   Thumb Code    14  nrfx_gpiote.o(i.nrfx_gpiote_is_init)
    nrfx_ppi_channel_alloc                   0x0002b975   Thumb Code   148  nrfx_ppi.o(i.nrfx_ppi_channel_alloc)
    nrfx_ppi_channel_assign                  0x0002ba51   Thumb Code   114  nrfx_ppi.o(i.nrfx_ppi_channel_assign)
    nrfx_ppi_channel_enable                  0x0002bb31   Thumb Code    74  nrfx_ppi.o(i.nrfx_ppi_channel_enable)
    nrfx_prs_acquire                         0x0002bba9   Thumb Code    58  nrfx_prs.o(i.nrfx_prs_acquire)
    nrfx_saadc_buffer_convert                0x0002bbe5   Thumb Code   154  nrfx_saadc.o(i.nrfx_saadc_buffer_convert)
    nrfx_saadc_channel_init                  0x0002bc89   Thumb Code   174  nrfx_saadc.o(i.nrfx_saadc_channel_init)
    nrfx_saadc_init                          0x0002bd45   Thumb Code   126  nrfx_saadc.o(i.nrfx_saadc_init)
    nrfx_saadc_sample_task_get               0x0002bdd5   Thumb Code    20  nrfx_saadc.o(i.nrfx_saadc_sample_task_get)
    nrfx_spim_init                           0x0002bdf1   Thumb Code   392  nrfx_spim.o(i.nrfx_spim_init)
    nrfx_spim_xfer                           0x0002bf81   Thumb Code    94  nrfx_spim.o(i.nrfx_spim_xfer)
    nrfx_timer_compare                       0x0002bfe5   Thumb Code    58  nrfx_timer.o(i.nrfx_timer_compare)
    nrfx_timer_disable                       0x0002c021   Thumb Code    22  nrfx_timer.o(i.nrfx_timer_disable)
    nrfx_timer_enable                        0x0002c03d   Thumb Code    24  nrfx_timer.o(i.nrfx_timer_enable)
    nrfx_timer_extended_compare              0x0002c059   Thumb Code    42  nrfx_timer.o(i.nrfx_timer_extended_compare)
    nrfx_timer_init                          0x0002c085   Thumb Code   188  nrfx_timer.o(i.nrfx_timer_init)
    nrfx_uart_0_irq_handler                  0x0002c145   Thumb Code     8  nrfx_uart.o(i.nrfx_uart_0_irq_handler)
    nrfx_uart_init                           0x0002c155   Thumb Code   200  nrfx_uart.o(i.nrfx_uart_init)
    nrfx_uart_rx                             0x0002c229   Thumb Code   230  nrfx_uart.o(i.nrfx_uart_rx)
    nrfx_uart_tx                             0x0002c315   Thumb Code   160  nrfx_uart.o(i.nrfx_uart_tx)
    nrfx_uart_tx_in_progress                 0x0002c3b9   Thumb Code    26  nrfx_uart.o(i.nrfx_uart_tx_in_progress)
    nrfx_uarte_0_irq_handler                 0x0002c3d9   Thumb Code     8  nrfx_uarte.o(i.nrfx_uarte_0_irq_handler)
    nrfx_uarte_init                          0x0002c3e9   Thumb Code   100  nrfx_uarte.o(i.nrfx_uarte_init)
    nrfx_uarte_rx                            0x0002c455   Thumb Code   256  nrfx_uarte.o(i.nrfx_uarte_rx)
    nrfx_uarte_tx                            0x0002c559   Thumb Code   138  nrfx_uarte.o(i.nrfx_uarte_tx)
    nrfx_uarte_tx_in_progress                0x0002c5e9   Thumb Code    22  nrfx_uarte.o(i.nrfx_uarte_tx_in_progress)
    saadc_callback                           0x0002cf99   Thumb Code   150  app_getdata.o(i.saadc_callback)
    saadc_init                               0x0002d061   Thumb Code    70  app_getdata.o(i.saadc_init)
    saadc_sampling_event_enable              0x0002d0cd   Thumb Code    28  app_getdata.o(i.saadc_sampling_event_enable)
    saadc_sampling_event_init                0x0002d105   Thumb Code   132  app_getdata.o(i.saadc_sampling_event_init)
    spi_event_handler                        0x0002d54d   Thumb Code     2  main.o(i.spi_event_handler)
    timer_handler                            0x0002d73d   Thumb Code     2  app_getdata.o(i.timer_handler)
    uart_event_handle                        0x0002da55   Thumb Code   170  main.o(i.uart_event_handle)
    nrf_log_backend_rtt_api                  0x0002e4f8   Data          12  nrf_log_backend_rtt.o(.constdata)
    m_ram_start                              0x0002e590   Data           4  nrf_sdh_ble.o(.constdata)
    __ctype_table                            0x0002e5bc   Data         129  ctype_o.o(.constdata)
    Region$$Table$$Base                      0x0002ee68   Number         0  anon$$obj.o(Region$$Table)
    Region$$Table$$Limit                     0x0002ee88   Number         0  anon$$obj.o(Region$$Table)
    log_const_data$$Base                     0x0002ee88   Number         0  nrf_ble_gatt.o(log_const_data)
    m_nrf_log_nrf_ble_gatt_logs_data_const   0x0002ee88   Data           8  nrf_ble_gatt.o(log_const_data)
    m_nrf_log_ble_nus_logs_data_const        0x0002ee90   Data           8  ble_nus.o(log_const_data)
    m_nrf_log_clock_logs_data_const          0x0002ee98   Data           8  nrf_drv_clock.o(log_const_data)
    m_nrf_log_CLOCK_logs_data_const          0x0002eea0   Data           8  nrfx_clock.o(log_const_data)
    m_nrf_log_GPIOTE_logs_data_const         0x0002eea8   Data           8  nrfx_gpiote.o(log_const_data)
    m_nrf_log_PRS_logs_data_const            0x0002eeb0   Data           8  nrfx_prs.o(log_const_data)
    m_nrf_log_UART_logs_data_const           0x0002eeb8   Data           8  nrfx_uart.o(log_const_data)
    m_nrf_log_UARTE_logs_data_const          0x0002eec0   Data           8  nrfx_uarte.o(log_const_data)
    m_nrf_log_SPIM_logs_data_const           0x0002eec8   Data           8  nrfx_spim.o(log_const_data)
    m_nrf_log_SAADC_logs_data_const          0x0002eed0   Data           8  nrfx_saadc.o(log_const_data)
    m_nrf_log_TIMER_logs_data_const          0x0002eed8   Data           8  nrfx_timer.o(log_const_data)
    m_nrf_log_nrf_fstorage_logs_data_const   0x0002eee0   Data           8  nrf_fstorage.o(log_const_data)
    m_nrf_log_atfifo_m_fifo_logs_data_const  0x0002eee8   Data           8  nrf_fstorage_sd.o(log_const_data)
    m_nrf_log_pwr_mgmt_logs_data_const       0x0002eef0   Data           8  nrf_pwr_mgmt.o(log_const_data)
    m_nrf_log_balloc_log_mempool_logs_data_const 0x0002eef8   Data           8  nrf_log_frontend.o(log_const_data)
    m_nrf_log_app_logs_data_const            0x0002ef00   Data           8  nrf_log_frontend.o(log_const_data)
    m_nrf_log_nrf_sdh_logs_data_const        0x0002ef08   Data           8  nrf_sdh.o(log_const_data)
    m_nrf_log_nrf_sdh_ble_logs_data_const    0x0002ef10   Data           8  nrf_sdh_ble.o(log_const_data)
    m_nrf_log_nrf_sdh_soc_logs_data_const    0x0002ef18   Data           8  nrf_sdh_soc.o(log_const_data)
    log_const_data$$Limit                    0x0002ef20   Number         0  nrf_sdh_soc.o(log_const_data)
    log_mempool                              0x0002ef20   Data          24  nrf_log_frontend.o(nrf_balloc)
    sdh_ble_observers0$$Base                 0x0002ef38   Number         0  ble_conn_state.o(sdh_ble_observers0)
    sdh_ble_observers0$$Limit                0x0002ef40   Number         0  ble_conn_state.o(sdh_ble_observers0)
    sdh_ble_observers1$$Base                 0x0002ef40   Number         0  main.o(sdh_ble_observers1)
    sdh_ble_observers1$$Limit                0x0002ef60   Number         0  ble_conn_params.o(sdh_ble_observers1)
    sdh_ble_observers2$$Base                 0x0002ef60   Number         0  main.o(sdh_ble_observers2)
    sdh_ble_observers2$$Limit                0x0002ef70   Number         0  main.o(sdh_ble_observers2)
    sdh_ble_observers3$$Base                 0x0002ef70   Number         0  main.o(sdh_ble_observers3)
    m_req_obs                                0x0002ef78   Data           8  nrf_fstorage_sd.o(sdh_req_observers0)
    sdh_ble_observers3$$Limit                0x0002ef78   Number         0  main.o(sdh_ble_observers3)
    sdh_req_observers0$$Base                 0x0002ef78   Number         0  nrf_fstorage_sd.o(sdh_req_observers0)
    sdh_req_observers0$$Limit                0x0002ef80   Number         0  nrf_fstorage_sd.o(sdh_req_observers0)
    sdh_soc_observers0$$Base                 0x0002ef80   Number         0  nrf_drv_clock.o(sdh_soc_observers0)
    sdh_soc_observers0$$Limit                0x0002ef90   Number         0  nrf_fstorage_sd.o(sdh_soc_observers0)
    sdh_soc_observers1$$Base                 0x0002ef90   Number         0  main.o(sdh_soc_observers1)
    sdh_soc_observers1$$Limit                0x0002ef98   Number         0  main.o(sdh_soc_observers1)
    sdh_stack_observers0$$Base               0x0002ef98   Number         0  nrf_sdh_ble.o(sdh_stack_observers0)
    sdh_stack_observers0$$Limit              0x0002efa8   Number         0  nrf_sdh_soc.o(sdh_stack_observers0)
    sdh_state_observers0$$Base               0x0002efa8   Number         0  nrf_drv_clock.o(sdh_state_observers0)
    sdh_state_observers0$$Limit              0x0002efb8   Number         0  nrf_fstorage_sd.o(sdh_state_observers0)
    Image$$RW_IRAM1$$Base                    0x20002b98   Number         0  anon$$obj.o ABSOLUTE
    g_CapFlag                                0x20002b98   Data           1  main.o(.data)
    g_FPGAReadyFlg                           0x20002b99   Data           1  main.o(.data)
    m_len_sent                               0x20002bac   Data           4  main.o(.data)
    m_cnt_10ms                               0x20002bb0   Data           4  main.o(.data)
    g_CurrentLevel                           0x20002bdc   Data           1  app_getdata.o(.data)
    g_levelData                              0x20002bde   Data          24  app_getdata.o(.data)
    g_str_app_adc                            0x20002bf8   Data          24  app_getdata.o(.data)
    nrf_drv_uart_use_easy_dma                0x20002c38   Data           1  nrf_drv_uart.o(.data)
    __stdout                                 0x20002cd4   Data           4  retarget.o(.data)
    SystemCoreClock                          0x20002d3c   Data           4  system_nrf52.o(.data)
    log_dynamic_data$$Base                   0x20002d48   Number         0  nrf_ble_gatt.o(log_dynamic_data)
    m_nrf_log_nrf_ble_gatt_logs_data_dynamic 0x20002d48   Data           4  nrf_ble_gatt.o(log_dynamic_data)
    m_nrf_log_ble_nus_logs_data_dynamic      0x20002d4c   Data           4  ble_nus.o(log_dynamic_data)
    m_nrf_log_clock_logs_data_dynamic        0x20002d50   Data           4  nrf_drv_clock.o(log_dynamic_data)
    m_nrf_log_CLOCK_logs_data_dynamic        0x20002d54   Data           4  nrfx_clock.o(log_dynamic_data)
    m_nrf_log_GPIOTE_logs_data_dynamic       0x20002d58   Data           4  nrfx_gpiote.o(log_dynamic_data)
    m_nrf_log_PRS_logs_data_dynamic          0x20002d5c   Data           4  nrfx_prs.o(log_dynamic_data)
    m_nrf_log_UART_logs_data_dynamic         0x20002d60   Data           4  nrfx_uart.o(log_dynamic_data)
    m_nrf_log_UARTE_logs_data_dynamic        0x20002d64   Data           4  nrfx_uarte.o(log_dynamic_data)
    m_nrf_log_SPIM_logs_data_dynamic         0x20002d68   Data           4  nrfx_spim.o(log_dynamic_data)
    m_nrf_log_SAADC_logs_data_dynamic        0x20002d6c   Data           4  nrfx_saadc.o(log_dynamic_data)
    m_nrf_log_TIMER_logs_data_dynamic        0x20002d70   Data           4  nrfx_timer.o(log_dynamic_data)
    m_nrf_log_nrf_fstorage_logs_data_dynamic 0x20002d74   Data           4  nrf_fstorage.o(log_dynamic_data)
    m_nrf_log_atfifo_m_fifo_logs_data_dynamic 0x20002d78   Data           4  nrf_fstorage_sd.o(log_dynamic_data)
    m_nrf_log_pwr_mgmt_logs_data_dynamic     0x20002d7c   Data           4  nrf_pwr_mgmt.o(log_dynamic_data)
    m_nrf_log_balloc_log_mempool_logs_data_dynamic 0x20002d80   Data           4  nrf_log_frontend.o(log_dynamic_data)
    m_nrf_log_app_logs_data_dynamic          0x20002d84   Data           4  nrf_log_frontend.o(log_dynamic_data)
    m_nrf_log_nrf_sdh_logs_data_dynamic      0x20002d88   Data           4  nrf_sdh.o(log_dynamic_data)
    m_nrf_log_nrf_sdh_ble_logs_data_dynamic  0x20002d8c   Data           4  nrf_sdh_ble.o(log_dynamic_data)
    m_nrf_log_nrf_sdh_soc_logs_data_dynamic  0x20002d90   Data           4  nrf_sdh_soc.o(log_dynamic_data)
    g_save                                   0x20002d94   Data       23424  main.o(.bss)
    nrf_nvic_state                           0x200091f8   Data          12  app_util_platform.o(.bss)
    _SEGGER_RTT                              0x200097d4   Data         120  segger_rtt.o(.bss)
    __initial_sp                             0x2000ba60   Data           0  arm_startup_nrf52.o(STACK)



==============================================================================

Memory Map of the image

  Image Entry point : 0x00026201

  Load Region LR_IROM1 (Base: 0x00026000, Size: 0x000091b4, Max: 0x0005a000, ABSOLUTE, COMPRESSED[0x00009024])

    Execution Region ER_IROM1 (Base: 0x00026000, Size: 0x00008fb8, Max: 0x0005a000, ABSOLUTE)

    Base Addr    Size         Type   Attr      Idx    E Section Name        Object

    0x00026000   0x00000200   Data   RO         5878    RESET               arm_startup_nrf52.o
    0x00026200   0x00000000   Code   RO         5923  * .ARM.Collect$$$$00000000  mc_w.l(entry.o)
    0x00026200   0x00000004   Code   RO         6239    .ARM.Collect$$$$00000001  mc_w.l(entry2.o)
    0x00026204   0x00000004   Code   RO         6242    .ARM.Collect$$$$00000004  mc_w.l(entry5.o)
    0x00026208   0x00000000   Code   RO         6244    .ARM.Collect$$$$00000008  mc_w.l(entry7b.o)
    0x00026208   0x00000000   Code   RO         6246    .ARM.Collect$$$$0000000A  mc_w.l(entry8b.o)
    0x00026208   0x00000008   Code   RO         6247    .ARM.Collect$$$$0000000B  mc_w.l(entry9a.o)
    0x00026210   0x00000000   Code   RO         6249    .ARM.Collect$$$$0000000D  mc_w.l(entry10a.o)
    0x00026210   0x00000000   Code   RO         6251    .ARM.Collect$$$$0000000F  mc_w.l(entry11a.o)
    0x00026210   0x00000004   Code   RO         6240    .ARM.Collect$$$$00002712  mc_w.l(entry2.o)
    0x00026214   0x0000001a   Code   RO         3638    .emb_text           app_error_handler_keil.o
    0x0002622e   0x00000002   PAD
    0x00026230   0x000000c8   Code   RO         4180    .emb_text           nrf_atfifo.o
    0x000262f8   0x000000e2   Code   RO         4319    .emb_text           nrf_atomic.o
    0x000263da   0x00000002   PAD
    0x000263dc   0x00000024   Code   RO         5879    .text               arm_startup_nrf52.o
    0x00026400   0x00000062   Code   RO         5926    .text               mc_w.l(uldiv.o)
    0x00026462   0x0000001e   Code   RO         5928    .text               mc_w.l(llshl.o)
    0x00026480   0x00000008   Code   RO         5930    .text               mc_w.l(ctype_o.o)
    0x00026488   0x00000024   Code   RO         5958    .text               mc_w.l(memcpya.o)
    0x000264ac   0x00000024   Code   RO         5960    .text               mc_w.l(memseta.o)
    0x000264d0   0x0000000e   Code   RO         5962    .text               mc_w.l(strlen.o)
    0x000264de   0x00000012   Code   RO         5966    .text               mc_w.l(strcpy.o)
    0x000264f0   0x00000044   Code   RO         5968    .text               mc_w.l(strtok.o)
    0x00026534   0x0000001a   Code   RO         6237    .text               mc_w.l(atoi.o)
    0x0002654e   0x0000002c   Code   RO         6253    .text               mc_w.l(uidiv.o)
    0x0002657a   0x00000020   Code   RO         6255    .text               mc_w.l(llushr.o)
    0x0002659a   0x00000070   Code   RO         6264    .text               mc_w.l(strtol.o)
    0x0002660a   0x00000002   PAD
    0x0002660c   0x00000024   Code   RO         6277    .text               mc_w.l(init.o)
    0x00026630   0x0000009e   Code   RO         6281    .text               mc_w.l(_strtoul.o)
    0x000266ce   0x0000001c   Code   RO         6285    .text               mc_w.l(_chval.o)
    0x000266ea   0x00000056   Code   RO         6295    .text               mc_w.l(__dczerorl2.o)
    0x00026740   0x00000164   Code   RO         2172    i.GPIOTE_IRQHandler  nrfx_gpiote.o
    0x000268a4   0x00000016   Code   RO         3814    i.NVIC_ClearPendingIRQ  app_timer.o
    0x000268ba   0x00000016   Code   RO         3815    i.NVIC_EnableIRQ    app_timer.o
    0x000268d0   0x00000016   Code   RO         3816    i.NVIC_SetPendingIRQ  app_timer.o
    0x000268e6   0x00000020   Code   RO         3817    i.NVIC_SetPriority  app_timer.o
    0x00026906   0x00000002   PAD
    0x00026908   0x00000058   Code   RO         2040    i.POWER_CLOCK_IRQHandler  nrfx_clock.o
    0x00026960   0x00000024   Code   RO         3818    i.RTC1_IRQHandler   app_timer.o
    0x00026984   0x00000148   Code   RO         3041    i.SAADC_IRQHandler  nrfx_saadc.o
    0x00026acc   0x00000004   Code   RO         5409    i.SEGGER_RTT_Init   segger_rtt.o
    0x00026ad0   0x0000005c   Code   RO         5423    i.SEGGER_RTT_WriteNoLock  segger_rtt.o
    0x00026b2c   0x00000054   Code   RO         2909    i.SPIM0_SPIS0_TWIM0_TWIS0_SPI0_TWI0_IRQHandler  nrfx_spim.o
    0x00026b80   0x00000004   Code   RO         3819    i.SWI0_EGU0_IRQHandler  app_timer.o
    0x00026b84   0x00000004   Code   RO         5660    i.SWI2_EGU2_IRQHandler  nrf_sdh.o
    0x00026b88   0x00000090   Code   RO            4    i.SpiInit           main.o
    0x00026c18   0x0000004c   Code   RO            5    i.SpiRead           main.o
    0x00026c64   0x0000031c   Code   RO         5887    i.SystemInit        system_nrf52.o
    0x00026f80   0x00000014   Code   RO         3328    i.TIMER0_IRQHandler  nrfx_timer.o
    0x00026f94   0x00000014   Code   RO         3329    i.TIMER1_IRQHandler  nrfx_timer.o
    0x00026fa8   0x00000014   Code   RO         3330    i.TIMER2_IRQHandler  nrfx_timer.o
    0x00026fbc   0x00000014   Code   RO         3331    i.TIMER3_IRQHandler  nrfx_timer.o
    0x00026fd0   0x00000014   Code   RO         3332    i.TIMER4_IRQHandler  nrfx_timer.o
    0x00026fe4   0x0000000c   Code   RO         2471    i.UARTE0_UART0_IRQHandler  nrfx_prs.o
    0x00026ff0   0x00000068   Code   RO         5427    i._DoInit           segger_rtt.o
    0x00027058   0x00000016   Code   RO         5428    i._GetAvailWriteSpace  segger_rtt.o
    0x0002706e   0x0000005a   Code   RO         5430    i._WriteBlocking    segger_rtt.o
    0x000270c8   0x00000042   Code   RO         5431    i._WriteNoCheck     segger_rtt.o
    0x0002710a   0x00000002   PAD
    0x0002710c   0x00000020   Code   RO         6021    i.__0printf$1       mc_w.l(printf1.o)
    0x0002712c   0x00000008   Code   RO         6257    i.__aeabi_errno_addr  mc_w.l(errno.o)
    0x00027134   0x0000000e   Code   RO         6289    i.__scatterload_copy  mc_w.l(handlers.o)
    0x00027142   0x00000002   Code   RO         6290    i.__scatterload_null  mc_w.l(handlers.o)
    0x00027144   0x0000000e   Code   RO         6291    i.__scatterload_zeroinit  mc_w.l(handlers.o)
    0x00027152   0x00000002   PAD
    0x00027154   0x00000024   Code   RO         5661    i.__sd_nvic_app_accessible_irq  nrf_sdh.o
    0x00027178   0x00000016   Code   RO         5662    i.__sd_nvic_is_app_accessible_priority  nrf_sdh.o
    0x0002718e   0x00000002   PAD
    0x00027190   0x00000154   Code   RO         6028    i._printf_core      mc_w.l(printf1.o)
    0x000272e4   0x00000074   Code   RO            7    i.advertising_init  main.o
    0x00027358   0x00000028   Code   RO            8    i.advertising_start  main.o
    0x00027380   0x00000006   Code   RO          875    i.alert_timer_handler  bsp.o
    0x00027386   0x00000002   PAD
    0x00027388   0x00000024   Code   RO         3540    i.app_button_enable  app_button.o
    0x000273ac   0x00000078   Code   RO         3541    i.app_button_init   app_button.o
    0x00027424   0x00000174   Code   RO         3660    i.app_error_fault_handler  app_error_weak.o
    0x00027598   0x00000064   Code   RO         3605    i.app_error_save_and_stop  app_error.o
    0x000275fc   0x00000016   Code   RO         3691    i.app_fifo_get      app_fifo.o
    0x00027612   0x00000020   Code   RO         3692    i.app_fifo_init     app_fifo.o
    0x00027632   0x0000001a   Code   RO         3694    i.app_fifo_put      app_fifo.o
    0x0002764c   0x00000024   Code   RO         3822    i.app_timer_create  app_timer.o
    0x00027670   0x00000054   Code   RO         3823    i.app_timer_init    app_timer.o
    0x000276c4   0x00000088   Code   RO         3826    i.app_timer_start   app_timer.o
    0x0002774c   0x00000020   Code   RO         3827    i.app_timer_stop    app_timer.o
    0x0002776c   0x00000074   Code   RO         3983    i.app_uart_get      app_uart_fifo.o
    0x000277e0   0x000000a4   Code   RO         3984    i.app_uart_init     app_uart_fifo.o
    0x00027884   0x00000054   Code   RO         3985    i.app_uart_put      app_uart_fifo.o
    0x000278d8   0x00000048   Code   RO         4067    i.app_util_critical_region_enter  app_util_platform.o
    0x00027920   0x00000034   Code   RO         4068    i.app_util_critical_region_exit  app_util_platform.o
    0x00027954   0x00000088   Code   RO         2522    i.apply_config      nrfx_uart.o
    0x000279dc   0x00000088   Code   RO         2710    i.apply_config      nrfx_uarte.o
    0x00027a64   0x0000000c   Code   RO         3190    i.are_app_channels  nrfx_ppi.o
    0x00027a70   0x00000048   Code   RO         1529    i.blcm_link_ctx_get  ble_link_ctx_manager.o
    0x00027ab8   0x00000182   Code   RO         1073    i.ble_advdata_encode  ble_advdata.o
    0x00027c3a   0x00000020   Code   RO         1075    i.ble_advdata_parse  ble_advdata.o
    0x00027c5a   0x00000038   Code   RO         1076    i.ble_advdata_search  ble_advdata.o
    0x00027c92   0x00000006   Code   RO         1182    i.ble_advertising_conn_cfg_tag_set  ble_advertising.o
    0x00027c98   0x000000fa   Code   RO         1183    i.ble_advertising_init  ble_advertising.o
    0x00027d92   0x0000006a   Code   RO         1185    i.ble_advertising_on_ble_evt  ble_advertising.o
    0x00027dfc   0x00000030   Code   RO         1186    i.ble_advertising_on_sys_evt  ble_advertising.o
    0x00027e2c   0x0000003a   Code   RO         1188    i.ble_advertising_restart_without_whitelist  ble_advertising.o
    0x00027e66   0x00000236   Code   RO         1189    i.ble_advertising_start  ble_advertising.o
    0x0002809c   0x00000068   Code   RO         1288    i.ble_conn_params_init  ble_conn_params.o
    0x00028104   0x00000012   Code   RO         1372    i.ble_conn_state_conn_idx  ble_conn_state.o
    0x00028116   0x00000002   PAD
    0x00028118   0x00000014   Code   RO         1385    i.ble_conn_state_valid  ble_conn_state.o
    0x0002812c   0x00000060   Code   RO         1079    i.ble_device_addr_encode  ble_advdata.o
    0x0002818c   0x000001c4   Code   RO           10    i.ble_evt_handler   main.o
    0x00028350   0x00000098   Code   RO          998    i.ble_evt_handler   bsp_btn_ble.o
    0x000283e8   0x000000fc   Code   RO         1290    i.ble_evt_handler   ble_conn_params.o
    0x000284e4   0x00000144   Code   RO         1386    i.ble_evt_handler   ble_conn_state.o
    0x00028628   0x00000066   Code   RO         1774    i.ble_nus_data_send  ble_nus.o
    0x0002868e   0x00000002   PAD
    0x00028690   0x00000058   Code   RO         1775    i.ble_nus_init      ble_nus.o
    0x000286e8   0x00000070   Code   RO         1776    i.ble_nus_on_ble_evt  ble_nus.o
    0x00028758   0x00000008   Code   RO         1558    i.ble_srv_is_notification_enabled  ble_srv_common.o
    0x00028760   0x00000050   Code   RO           11    i.ble_stack_init    main.o
    0x000287b0   0x0000000c   Code   RO          742    i.bsp_board_button_idx_to_pin  boards.o
    0x000287bc   0x00000020   Code   RO          743    i.bsp_board_button_state_get  boards.o
    0x000287dc   0x00000054   Code   RO          744    i.bsp_board_init    boards.o
    0x00028830   0x00000024   Code   RO          746    i.bsp_board_led_invert  boards.o
    0x00028854   0x00000010   Code   RO          747    i.bsp_board_led_off  boards.o
    0x00028864   0x00000010   Code   RO          748    i.bsp_board_led_on  boards.o
    0x00028874   0x00000020   Code   RO          749    i.bsp_board_led_state_get  boards.o
    0x00028894   0x00000012   Code   RO          750    i.bsp_board_leds_off  boards.o
    0x000288a6   0x00000012   Code   RO          751    i.bsp_board_leds_on  boards.o
    0x000288b8   0x00000024   Code   RO          752    i.bsp_board_pin_to_button_idx  boards.o
    0x000288dc   0x00000030   Code   RO          999    i.bsp_btn_ble_init  bsp_btn_ble.o
    0x0002890c   0x0000001e   Code   RO         1000    i.bsp_btn_ble_sleep_mode_prepare  bsp_btn_ble.o
    0x0002892a   0x00000002   PAD
    0x0002892c   0x000000a0   Code   RO          876    i.bsp_button_event_handler  bsp.o
    0x000289cc   0x0000000c   Code   RO          877    i.bsp_button_is_pressed  bsp.o
    0x000289d8   0x00000070   Code   RO           12    i.bsp_event_handler  main.o
    0x00028a48   0x00000044   Code   RO          880    i.bsp_event_to_button_action_assign  bsp.o
    0x00028a8c   0x00000018   Code   RO          881    i.bsp_indication_set  bsp.o
    0x00028aa4   0x00000094   Code   RO          882    i.bsp_init          bsp.o
    0x00028b38   0x000001b8   Code   RO          883    i.bsp_led_indication  bsp.o
    0x00028cf0   0x00000006   Code   RO          885    i.bsp_wakeup_button_enable  bsp.o
    0x00028cf6   0x00000002   PAD
    0x00028cf8   0x00000090   Code   RO         5163    i.buf_prealloc      nrf_log_frontend.o
    0x00028d88   0x0000001e   Code   RO         4531    i.buffer_add        nrf_fprintf_format.o
    0x00028da6   0x00000002   PAD
    0x00028da8   0x00000014   Code   RO         5164    i.buffer_is_empty   nrf_log_frontend.o
    0x00028dbc   0x00000008   Code   RO          886    i.button_timer_handler  bsp.o
    0x00028dc4   0x00000054   Code   RO           13    i.buttons_leds_init  main.o
    0x00028e18   0x00000074   Code   RO           14    i.captrue_cmd       main.o
    0x00028e8c   0x0000001c   Code   RO         2173    i.channel_free      nrfx_gpiote.o
    0x00028ea8   0x00000048   Code   RO         2174    i.channel_port_alloc  nrfx_gpiote.o
    0x00028ef0   0x00000010   Code   RO         2175    i.channel_port_get  nrfx_gpiote.o
    0x00028f00   0x00000028   Code   RO         1842    i.clock_clk_started_notify  nrf_drv_clock.o
    0x00028f28   0x0000001c   Code   RO         1843    i.clock_irq_handler  nrf_drv_clock.o
    0x00028f44   0x000000ac   Code   RO         3829    i.compare_reg_update  app_timer.o
    0x00028ff0   0x0000003e   Code   RO         1387    i.conn_handle_list_get  ble_conn_state.o
    0x0002902e   0x00000088   Code   RO         1080    i.conn_int_encode   ble_advdata.o
    0x000290b6   0x00000002   PAD
    0x000290b8   0x0000001c   Code   RO           15    i.conn_params_error_handler  main.o
    0x000290d4   0x00000064   Code   RO           16    i.conn_params_init  main.o
    0x00029138   0x00000048   Code   RO         1291    i.conn_params_negotiation  ble_conn_params.o
    0x00029180   0x00000100   Code   RO         1618    i.data_length_update  nrf_ble_gatt.o
    0x00029280   0x00000098   Code   RO         3543    i.detection_delay_timeout_handler  app_button.o
    0x00029318   0x00000014   Code   RO         5166    i.dropped_sat16_get  nrf_log_frontend.o
    0x0002932c   0x00000040   Code   RO         3830    i.elapsed_ticks_acquire  app_timer.o
    0x0002936c   0x00000054   Code   RO         4656    i.event_send        nrf_fstorage_sd.o
    0x000293c0   0x00000014   Code   RO         3697    i.fifo_get          app_fifo.o
    0x000293d4   0x00000012   Code   RO         3698    i.fifo_put          app_fifo.o
    0x000293e6   0x00000028   Code   RO         1191    i.flags_set         ble_advertising.o
    0x0002940e   0x0000000e   Code   RO         4990    i.fputc             retarget.o
    0x0002941c   0x00000070   Code   RO           17    i.gap_params_init   main.o
    0x0002948c   0x000000ac   Code   RO           18    i.gatt_evt_handler  main.o
    0x00029538   0x0000004c   Code   RO           19    i.gatt_init         main.o
    0x00029584   0x00000084   Code   RO         3544    i.gpiote_event_handler  app_button.o
    0x00029608   0x0000000e   Code   RO           20    i.idle_state_handle  main.o
    0x00029616   0x00000002   PAD
    0x00029618   0x00000014   Code   RO         1292    i.instance_get      ble_conn_params.o
    0x0002962c   0x000000a6   Code   RO         4532    i.int_print         nrf_fprintf_format.o
    0x000296d2   0x00000002   PAD
    0x000296d4   0x00000080   Code   RO         2711    i.interrupts_enable  nrfx_uarte.o
    0x00029754   0x0000004c   Code   RO         5167    i.invalid_packets_pushed_str_omit  nrf_log_frontend.o
    0x000297a0   0x00000046   Code   RO         3333    i.irq_handler       nrfx_timer.o
    0x000297e6   0x00000002   PAD
    0x000297e8   0x00000018   Code   RO         3191    i.is_allocated_channel  nrfx_ppi.o
    0x00029800   0x0000000a   Code   RO         3193    i.is_app_channel    nrfx_ppi.o
    0x0002980a   0x00000044   Code   RO         1293    i.is_conn_params_ok  ble_conn_params.o
    0x0002984e   0x0000000c   Code   RO         3195    i.is_programmable_app_channel  nrfx_ppi.o
    0x0002985a   0x00000002   PAD
    0x0002985c   0x00000024   Code   RO          887    i.leds_off          bsp.o
    0x00029880   0x00000014   Code   RO          888    i.leds_timer_handler  bsp.o
    0x00029894   0x00000018   Code   RO         1619    i.link_init         nrf_ble_gatt.o
    0x000298ac   0x000000f8   Code   RO         3831    i.list_insertions_handler  app_timer.o
    0x000299a4   0x00000024   Code   RO           21    i.log_init          main.o
    0x000299c8   0x0000009c   Code   RO         5168    i.log_skip          nrf_log_frontend.o
    0x00029a64   0x00000248   Code   RO           22    i.main              main.o
    0x00029cac   0x00000064   Code   RO         1081    i.manuf_specific_data_encode  ble_advdata.o
    0x00029d10   0x00000076   Code   RO         4770    i.memobj_op         nrf_memobj.o
    0x00029d86   0x00000002   PAD
    0x00029d88   0x00000030   Code   RO         5169    i.module_idx_get    nrf_log_frontend.o
    0x00029db8   0x0000009c   Code   RO         1082    i.name_encode       ble_advdata.o
    0x00029e54   0x00000016   Code   RO         4186    i.nrf_atfifo_item_free  nrf_atfifo.o
    0x00029e6a   0x00000016   Code   RO         4187    i.nrf_atfifo_item_get  nrf_atfifo.o
    0x00029e80   0x00000016   Code   RO         4253    i.nrf_atflags_clear  nrf_atflags.o
    0x00029e96   0x00000016   Code   RO         4258    i.nrf_atflags_get   nrf_atflags.o
    0x00029eac   0x00000014   Code   RO         4260    i.nrf_atflags_set   nrf_atflags.o
    0x00029ec0   0x00000006   Code   RO         4321    i.nrf_atomic_flag_clear_fetch  nrf_atomic.o
    0x00029ec6   0x00000006   Code   RO         4322    i.nrf_atomic_flag_set  nrf_atomic.o
    0x00029ecc   0x0000000c   Code   RO         4324    i.nrf_atomic_u32_add  nrf_atomic.o
    0x00029ed8   0x0000000c   Code   RO         4325    i.nrf_atomic_u32_and  nrf_atomic.o
    0x00029ee4   0x0000000a   Code   RO         4328    i.nrf_atomic_u32_fetch_and  nrf_atomic.o
    0x00029eee   0x0000000a   Code   RO         4330    i.nrf_atomic_u32_fetch_store  nrf_atomic.o
    0x00029ef8   0x0000000c   Code   RO         4334    i.nrf_atomic_u32_or  nrf_atomic.o
    0x00029f04   0x0000000c   Code   RO         4336    i.nrf_atomic_u32_sub  nrf_atomic.o
    0x00029f10   0x00000044   Code   RO         4455    i.nrf_balloc_alloc  nrf_balloc.o
    0x00029f54   0x00000030   Code   RO         4456    i.nrf_balloc_free   nrf_balloc.o
    0x00029f84   0x00000030   Code   RO         4457    i.nrf_balloc_init   nrf_balloc.o
    0x00029fb4   0x00000010   Code   RO         2176    i.nrf_bitmask_bit_is_set  nrfx_gpiote.o
    0x00029fc4   0x00000014   Code   RO         2177    i.nrf_bitmask_bit_set  nrfx_gpiote.o
    0x00029fd8   0x00000018   Code   RO         1621    i.nrf_ble_gatt_att_mtu_periph_set  nrf_ble_gatt.o
    0x00029ff0   0x00000022   Code   RO         1625    i.nrf_ble_gatt_init  nrf_ble_gatt.o
    0x0002a012   0x00000002   PAD
    0x0002a014   0x00000150   Code   RO         1626    i.nrf_ble_gatt_on_ble_evt  nrf_ble_gatt.o
    0x0002a164   0x00000016   Code   RO         1730    i.nrf_ble_qwr_conn_handle_assign  nrf_ble_qwr.o
    0x0002a17a   0x00000024   Code   RO         1731    i.nrf_ble_qwr_init  nrf_ble_qwr.o
    0x0002a19e   0x000000b6   Code   RO         1732    i.nrf_ble_qwr_on_ble_evt  nrf_ble_qwr.o
    0x0002a254   0x0000000e   Code   RO         2041    i.nrf_clock_event_check  nrfx_clock.o
    0x0002a262   0x00000010   Code   RO         2042    i.nrf_clock_event_clear  nrfx_clock.o
    0x0002a272   0x00000002   PAD
    0x0002a274   0x00000038   Code   RO         1850    i.nrf_drv_clock_init  nrf_drv_clock.o
    0x0002a2ac   0x00000030   Code   RO         1854    i.nrf_drv_clock_lfclk_release  nrf_drv_clock.o
    0x0002a2dc   0x00000018   Code   RO         3501    i.nrf_drv_ppi_init  nrf_drv_ppi.o
    0x0002a2f4   0x00000070   Code   RO         2862    i.nrf_drv_spi_init  nrf_drv_spi.o
    0x0002a364   0x00000016   Code   RO           24    i.nrf_drv_spi_transfer  main.o
    0x0002a37a   0x00000002   PAD
    0x0002a37c   0x00000068   Code   RO         1988    i.nrf_drv_uart_init  nrf_drv_uart.o
    0x0002a3e4   0x00000020   Code   RO         3986    i.nrf_drv_uart_rx   app_uart_fifo.o
    0x0002a404   0x00000020   Code   RO         3987    i.nrf_drv_uart_tx   app_uart_fifo.o
    0x0002a424   0x0000001a   Code   RO         4492    i.nrf_fprintf       nrf_fprintf.o
    0x0002a43e   0x00000018   Code   RO         4493    i.nrf_fprintf_buffer_flush  nrf_fprintf.o
    0x0002a456   0x000001da   Code   RO         4533    i.nrf_fprintf_fmt   nrf_fprintf_format.o
    0x0002a630   0x00000050   Code   RO         4575    i.nrf_fstorage_is_busy  nrf_fstorage.o
    0x0002a680   0x00000018   Code   RO         4659    i.nrf_fstorage_sdh_req_handler  nrf_fstorage_sd.o
    0x0002a698   0x00000020   Code   RO         4660    i.nrf_fstorage_sdh_state_handler  nrf_fstorage_sd.o
    0x0002a6b8   0x000000a4   Code   RO         4661    i.nrf_fstorage_sys_evt_handler  nrf_fstorage_sd.o
    0x0002a75c   0x00000024   Code   RO          754    i.nrf_gpio_cfg      boards.o
    0x0002a780   0x00000024   Code   RO         2178    i.nrf_gpio_cfg      nrfx_gpiote.o
    0x0002a7a4   0x00000024   Code   RO         2523    i.nrf_gpio_cfg      nrfx_uart.o
    0x0002a7c8   0x00000024   Code   RO         2712    i.nrf_gpio_cfg      nrfx_uarte.o
    0x0002a7ec   0x00000024   Code   RO         2910    i.nrf_gpio_cfg      nrfx_spim.o
    0x0002a810   0x00000012   Code   RO         2525    i.nrf_gpio_cfg_input  nrfx_uart.o
    0x0002a822   0x00000012   Code   RO         2714    i.nrf_gpio_cfg_input  nrfx_uarte.o
    0x0002a834   0x00000010   Code   RO           25    i.nrf_gpio_cfg_output  main.o
    0x0002a844   0x00000014   Code   RO         2526    i.nrf_gpio_cfg_output  nrfx_uart.o
    0x0002a858   0x00000014   Code   RO         2715    i.nrf_gpio_cfg_output  nrfx_uarte.o
    0x0002a86c   0x00000014   Code   RO         2911    i.nrf_gpio_cfg_output  nrfx_spim.o
    0x0002a880   0x00000022   Code   RO         2180    i.nrf_gpio_cfg_sense_set  nrfx_gpiote.o
    0x0002a8a2   0x0000000e   Code   RO           26    i.nrf_gpio_pin_clear  main.o
    0x0002a8b0   0x0000000e   Code   RO         2912    i.nrf_gpio_pin_clear  nrfx_spim.o
    0x0002a8be   0x0000000e   Code   RO           27    i.nrf_gpio_pin_set  main.o
    0x0002a8cc   0x0000000e   Code   RO         2913    i.nrf_gpio_pin_set  nrfx_spim.o
    0x0002a8da   0x00000016   Code   RO          755    i.nrf_gpio_pin_write  boards.o
    0x0002a8f0   0x00000028   Code   RO         2181    i.nrf_gpio_ports_read  nrfx_gpiote.o
    0x0002a918   0x00000014   Code   RO         2182    i.nrf_gpiote_event_clear  nrfx_gpiote.o
    0x0002a92c   0x00000010   Code   RO         2183    i.nrf_gpiote_event_is_set  nrfx_gpiote.o
    0x0002a93c   0x00000050   Code   RO         5170    i.nrf_log_backend_add  nrf_log_frontend.o
    0x0002a98c   0x00000002   Code   RO         5027    i.nrf_log_backend_rtt_flush  nrf_log_backend_rtt.o
    0x0002a98e   0x00000004   Code   RO         5028    i.nrf_log_backend_rtt_init  nrf_log_backend_rtt.o
    0x0002a992   0x00000002   Code   RO         5029    i.nrf_log_backend_rtt_panic_set  nrf_log_backend_rtt.o
    0x0002a994   0x00000018   Code   RO         5030    i.nrf_log_backend_rtt_put  nrf_log_backend_rtt.o
    0x0002a9ac   0x000000c8   Code   RO         5096    i.nrf_log_backend_serial_put  nrf_log_backend_serial.o
    0x0002aa74   0x00000030   Code   RO         5172    i.nrf_log_color_id_get  nrf_log_frontend.o
    0x0002aaa4   0x0000001c   Code   RO         5130    i.nrf_log_default_backends_init  nrf_log_default_backends.o
    0x0002aac0   0x00000220   Code   RO         5173    i.nrf_log_frontend_dequeue  nrf_log_frontend.o
    0x0002ace0   0x00000008   Code   RO         5175    i.nrf_log_frontend_std_0  nrf_log_frontend.o
    0x0002ace8   0x0000000e   Code   RO         5176    i.nrf_log_frontend_std_1  nrf_log_frontend.o
    0x0002acf6   0x00000010   Code   RO         5177    i.nrf_log_frontend_std_2  nrf_log_frontend.o
    0x0002ad06   0x00000012   Code   RO         5178    i.nrf_log_frontend_std_3  nrf_log_frontend.o
    0x0002ad18   0x0000001c   Code   RO         5180    i.nrf_log_frontend_std_5  nrf_log_frontend.o
    0x0002ad34   0x0000001c   Code   RO         5181    i.nrf_log_frontend_std_6  nrf_log_frontend.o
    0x0002ad50   0x000000ac   Code   RO         5350    i.nrf_log_hexdump_entry_process  nrf_log_str_formatter.o
    0x0002adfc   0x00000058   Code   RO         5182    i.nrf_log_init      nrf_log_frontend.o
    0x0002ae54   0x00000014   Code   RO         5183    i.nrf_log_module_cnt_get  nrf_log_frontend.o
    0x0002ae68   0x0000001c   Code   RO         5186    i.nrf_log_module_name_get  nrf_log_frontend.o
    0x0002ae84   0x00000028   Code   RO         5187    i.nrf_log_panic     nrf_log_frontend.o
    0x0002aeac   0x000000b6   Code   RO         5351    i.nrf_log_std_entry_process  nrf_log_str_formatter.o
    0x0002af62   0x00000060   Code   RO         4771    i.nrf_memobj_alloc  nrf_memobj.o
    0x0002afc2   0x00000032   Code   RO         4772    i.nrf_memobj_free   nrf_memobj.o
    0x0002aff4   0x00000008   Code   RO         4773    i.nrf_memobj_get    nrf_memobj.o
    0x0002affc   0x00000004   Code   RO         4774    i.nrf_memobj_pool_init  nrf_memobj.o
    0x0002b000   0x0000001e   Code   RO         4775    i.nrf_memobj_put    nrf_memobj.o
    0x0002b01e   0x0000000c   Code   RO         4776    i.nrf_memobj_read   nrf_memobj.o
    0x0002b02a   0x0000000c   Code   RO         4777    i.nrf_memobj_write  nrf_memobj.o
    0x0002b036   0x00000002   PAD
    0x0002b038   0x00000028   Code   RO         4849    i.nrf_pwr_mgmt_init  nrf_pwr_mgmt.o
    0x0002b060   0x00000044   Code   RO         4850    i.nrf_pwr_mgmt_run  nrf_pwr_mgmt.o
    0x0002b0a4   0x00000018   Code   RO           28    i.nrf_qwr_error_handler  main.o
    0x0002b0bc   0x00000010   Code   RO         3042    i.nrf_saadc_buffer_init  nrfx_saadc.o
    0x0002b0cc   0x00000014   Code   RO         3043    i.nrf_saadc_channel_input_set  nrfx_saadc.o
    0x0002b0e0   0x00000010   Code   RO         3044    i.nrf_saadc_event_check  nrfx_saadc.o
    0x0002b0f0   0x00000014   Code   RO         3045    i.nrf_saadc_event_clear  nrfx_saadc.o
    0x0002b104   0x00000014   Code   RO         5796    i.nrf_sdh_ble_app_ram_start_get  nrf_sdh_ble.o
    0x0002b118   0x00000154   Code   RO         5797    i.nrf_sdh_ble_default_cfg_set  nrf_sdh_ble.o
    0x0002b26c   0x0000012c   Code   RO         5798    i.nrf_sdh_ble_enable  nrf_sdh_ble.o
    0x0002b398   0x000000a8   Code   RO         5799    i.nrf_sdh_ble_evts_poll  nrf_sdh_ble.o
    0x0002b440   0x00000054   Code   RO         5663    i.nrf_sdh_disable_request  nrf_sdh.o
    0x0002b494   0x00000078   Code   RO         5664    i.nrf_sdh_enable_request  nrf_sdh.o
    0x0002b50c   0x00000024   Code   RO         5665    i.nrf_sdh_evts_poll  nrf_sdh.o
    0x0002b530   0x0000000c   Code   RO         5666    i.nrf_sdh_is_enabled  nrf_sdh.o
    0x0002b53c   0x0000001c   Code   RO         5668    i.nrf_sdh_request_continue  nrf_sdh.o
    0x0002b558   0x00000080   Code   RO         5847    i.nrf_sdh_soc_evts_poll  nrf_sdh_soc.o
    0x0002b5d8   0x0000000a   Code   RO         4921    i.nrf_section_iter_init  nrf_section_iter.o
    0x0002b5e2   0x00000024   Code   RO         4922    i.nrf_section_iter_item_set  nrf_section_iter.o
    0x0002b606   0x00000020   Code   RO         4923    i.nrf_section_iter_next  nrf_section_iter.o
    0x0002b626   0x0000000a   Code   RO         2914    i.nrf_spim_event_check  nrfx_spim.o
    0x0002b630   0x00000038   Code   RO         4956    i.nrf_strerror_find  nrf_strerror.o
    0x0002b668   0x00000014   Code   RO         4957    i.nrf_strerror_get  nrf_strerror.o
    0x0002b67c   0x0000000c   Code   RO         3334    i.nrf_timer_event_clear  nrfx_timer.o
    0x0002b688   0x0000000a   Code   RO         2527    i.nrf_uart_event_check  nrfx_uart.o
    0x0002b692   0x0000000c   Code   RO         2528    i.nrf_uart_event_clear  nrfx_uart.o
    0x0002b69e   0x0000000c   Code   RO         2529    i.nrf_uart_int_enable_check  nrfx_uart.o
    0x0002b6aa   0x0000000a   Code   RO         2716    i.nrf_uarte_event_check  nrfx_uarte.o
    0x0002b6b4   0x0000000c   Code   RO         2717    i.nrf_uarte_event_clear  nrfx_uarte.o
    0x0002b6c0   0x0000002c   Code   RO         2047    i.nrfx_clock_enable  nrfx_clock.o
    0x0002b6ec   0x00000020   Code   RO         2050    i.nrfx_clock_init   nrfx_clock.o
    0x0002b70c   0x0000001c   Code   RO         2053    i.nrfx_clock_lfclk_stop  nrfx_clock.o
    0x0002b728   0x00000010   Code   RO           29    i.nrfx_coredep_delay_us  main.o
    0x0002b738   0x00000010   Code   RO         3832    i.nrfx_coredep_delay_us  app_timer.o
    0x0002b748   0x000000a4   Code   RO         2188    i.nrfx_gpiote_in_event_enable  nrfx_gpiote.o
    0x0002b7ec   0x000000d0   Code   RO         2189    i.nrfx_gpiote_in_init  nrfx_gpiote.o
    0x0002b8bc   0x00000014   Code   RO         2190    i.nrfx_gpiote_in_is_set  nrfx_gpiote.o
    0x0002b8d0   0x00000070   Code   RO         2192    i.nrfx_gpiote_init  nrfx_gpiote.o
    0x0002b940   0x00000014   Code   RO         2193    i.nrfx_gpiote_is_init  nrfx_gpiote.o
    0x0002b954   0x00000010   Code   RO         2718    i.nrfx_is_in_ram    nrfx_uarte.o
    0x0002b964   0x00000010   Code   RO         2915    i.nrfx_is_in_ram    nrfx_spim.o
    0x0002b974   0x000000dc   Code   RO         3196    i.nrfx_ppi_channel_alloc  nrfx_ppi.o
    0x0002ba50   0x000000e0   Code   RO         3197    i.nrfx_ppi_channel_assign  nrfx_ppi.o
    0x0002bb30   0x00000078   Code   RO         3199    i.nrfx_ppi_channel_enable  nrfx_ppi.o
    0x0002bba8   0x0000003a   Code   RO         2472    i.nrfx_prs_acquire  nrfx_prs.o
    0x0002bbe2   0x00000002   PAD
    0x0002bbe4   0x000000a4   Code   RO         3049    i.nrfx_saadc_buffer_convert  nrfx_saadc.o
    0x0002bc88   0x000000bc   Code   RO         3051    i.nrfx_saadc_channel_init  nrfx_saadc.o
    0x0002bd44   0x00000090   Code   RO         3053    i.nrfx_saadc_init   nrfx_saadc.o
    0x0002bdd4   0x0000001c   Code   RO         3058    i.nrfx_saadc_sample_task_get  nrfx_saadc.o
    0x0002bdf0   0x00000190   Code   RO         2918    i.nrfx_spim_init    nrfx_spim.o
    0x0002bf80   0x00000064   Code   RO         2921    i.nrfx_spim_xfer    nrfx_spim.o
    0x0002bfe4   0x0000003a   Code   RO         3337    i.nrfx_timer_compare  nrfx_timer.o
    0x0002c01e   0x00000002   PAD
    0x0002c020   0x0000001c   Code   RO         3340    i.nrfx_timer_disable  nrfx_timer.o
    0x0002c03c   0x0000001c   Code   RO         3341    i.nrfx_timer_enable  nrfx_timer.o
    0x0002c058   0x0000002a   Code   RO         3342    i.nrfx_timer_extended_compare  nrfx_timer.o
    0x0002c082   0x00000002   PAD
    0x0002c084   0x000000c0   Code   RO         3344    i.nrfx_timer_init   nrfx_timer.o
    0x0002c144   0x00000010   Code   RO         2530    i.nrfx_uart_0_irq_handler  nrfx_uart.o
    0x0002c154   0x000000d4   Code   RO         2532    i.nrfx_uart_init    nrfx_uart.o
    0x0002c228   0x000000ec   Code   RO         2533    i.nrfx_uart_rx      nrfx_uart.o
    0x0002c314   0x000000a4   Code   RO         2538    i.nrfx_uart_tx      nrfx_uart.o
    0x0002c3b8   0x00000020   Code   RO         2540    i.nrfx_uart_tx_in_progress  nrfx_uart.o
    0x0002c3d8   0x00000010   Code   RO         2719    i.nrfx_uarte_0_irq_handler  nrfx_uarte.o
    0x0002c3e8   0x0000006c   Code   RO         2721    i.nrfx_uarte_init   nrfx_uarte.o
    0x0002c454   0x00000104   Code   RO         2722    i.nrfx_uarte_rx     nrfx_uarte.o
    0x0002c558   0x00000090   Code   RO         2725    i.nrfx_uarte_tx     nrfx_uarte.o
    0x0002c5e8   0x0000001c   Code   RO         2727    i.nrfx_uarte_tx_in_progress  nrfx_uarte.o
    0x0002c604   0x000000b8   Code   RO           30    i.nus_data_handler  main.o
    0x0002c6bc   0x0000003c   Code   RO           31    i.on_adv_evt        main.o
    0x0002c6f8   0x00000034   Code   RO           32    i.on_conn_params_evt  main.o
    0x0002c72c   0x0000006a   Code   RO         1777    i.on_connect        ble_nus.o
    0x0002c796   0x00000002   PAD
    0x0002c798   0x00000104   Code   RO         1627    i.on_connected_evt  nrf_ble_gatt.o
    0x0002c89c   0x00000120   Code   RO         1628    i.on_data_length_update_evt  nrf_ble_gatt.o
    0x0002c9bc   0x00000150   Code   RO         1629    i.on_exchange_mtu_request_evt  nrf_ble_gatt.o
    0x0002cb0c   0x000000a4   Code   RO         1630    i.on_exchange_mtu_rsp_evt  nrf_ble_gatt.o
    0x0002cbb0   0x00000084   Code   RO         1778    i.on_write          ble_nus.o
    0x0002cc34   0x00000012   Code   RO         1192    i.phy_is_valid      ble_advertising.o
    0x0002cc46   0x00000002   PAD
    0x0002cc48   0x00000018   Code   RO         2209    i.pin_in_use_by_port  nrfx_gpiote.o
    0x0002cc60   0x00000018   Code   RO         2210    i.pin_in_use_by_te  nrfx_gpiote.o
    0x0002cc78   0x0000003c   Code   RO         5353    i.postfix_process   nrf_log_str_formatter.o
    0x0002ccb4   0x00000020   Code   RO           33    i.power_management_init  main.o
    0x0002ccd4   0x00000098   Code   RO         5354    i.prefix_process    nrf_log_str_formatter.o
    0x0002cd6c   0x00000018   Code   RO         2474    i.prs_box_get       nrfx_prs.o
    0x0002cd84   0x00000014   Code   RO         4662    i.queue_free        nrf_fstorage_sd.o
    0x0002cd98   0x000000a0   Code   RO         4663    i.queue_process     nrf_fstorage_sd.o
    0x0002ce38   0x0000003c   Code   RO         3833    i.rtc1_stop         app_timer.o
    0x0002ce74   0x00000032   Code   RO         2542    i.rx_byte           nrfx_uart.o
    0x0002cea6   0x000000a2   Code   RO         1779    i.rx_char_add       ble_nus.o
    0x0002cf48   0x00000016   Code   RO         2543    i.rx_done_event     nrfx_uart.o
    0x0002cf5e   0x00000018   Code   RO         2729    i.rx_done_event     nrfx_uarte.o
    0x0002cf76   0x00000020   Code   RO         2544    i.rx_enable         nrfx_uart.o
    0x0002cf96   0x00000002   PAD
    0x0002cf98   0x000000c8   Code   RO          578    i.saadc_callback    app_getdata.o
    0x0002d060   0x0000006c   Code   RO          579    i.saadc_init        app_getdata.o
    0x0002d0cc   0x00000038   Code   RO          581    i.saadc_sampling_event_enable  app_getdata.o
    0x0002d104   0x000000ac   Code   RO          582    i.saadc_sampling_event_init  app_getdata.o
    0x0002d1b0   0x00000042   Code   RO         5671    i.sd_nvic_SetPriority  nrf_sdh.o
    0x0002d1f2   0x00000002   PAD
    0x0002d1f4   0x00000050   Code   RO         1857    i.sd_state_evt_handler  nrf_drv_clock.o
    0x0002d244   0x00000030   Code   RO         5672    i.sdh_request_observer_notify  nrf_sdh.o
    0x0002d274   0x0000002c   Code   RO         5673    i.sdh_state_observer_notify  nrf_sdh.o
    0x0002d2a0   0x00000010   Code   RO         1294    i.send_error_evt    ble_conn_params.o
    0x0002d2b0   0x00000050   Code   RO         5031    i.serial_tx         nrf_log_backend_rtt.o
    0x0002d300   0x00000088   Code   RO         1083    i.service_data_encode  ble_advdata.o
    0x0002d388   0x00000058   Code   RO           34    i.services_init     main.o
    0x0002d3e0   0x0000004c   Code   RO           35    i.sleep_mode_enter  main.o
    0x0002d42c   0x00000018   Code   RO         1858    i.soc_evt_handler   nrf_drv_clock.o
    0x0002d444   0x00000078   Code   RO         5674    i.softdevice_evt_irq_disable  nrf_sdh.o
    0x0002d4bc   0x00000090   Code   RO         5675    i.softdevices_evt_irq_enable  nrf_sdh.o
    0x0002d54c   0x00000002   Code   RO           36    i.spi_event_handler  main.o
    0x0002d54e   0x00000002   PAD
    0x0002d550   0x00000038   Code   RO         2863    i.spim_evt_handler  nrf_drv_spi.o
    0x0002d588   0x000000bc   Code   RO         2922    i.spim_xfer         nrfx_spim.o
    0x0002d644   0x0000008c   Code   RO         5189    i.std_n             nrf_log_frontend.o
    0x0002d6d0   0x0000006c   Code   RO         5676    i.swi_interrupt_priority_workaround  nrf_sdh.o
    0x0002d73c   0x00000002   Code   RO          583    i.timer_handler     app_getdata.o
    0x0002d73e   0x00000002   PAD
    0x0002d740   0x00000080   Code   RO         3834    i.timer_list_handler  app_timer.o
    0x0002d7c0   0x0000003c   Code   RO         3835    i.timer_list_insert  app_timer.o
    0x0002d7fc   0x00000060   Code   RO         3836    i.timer_list_remove  app_timer.o
    0x0002d85c   0x00000048   Code   RO         3837    i.timer_stop_op_schedule  app_timer.o
    0x0002d8a4   0x00000074   Code   RO         3838    i.timer_timeouts_check  app_timer.o
    0x0002d918   0x00000028   Code   RO           39    i.timers_init       main.o
    0x0002d940   0x00000020   Code   RO         2545    i.tx_byte           nrfx_uart.o
    0x0002d960   0x000000da   Code   RO         1780    i.tx_char_add       ble_nus.o
    0x0002da3a   0x0000001a   Code   RO         2546    i.tx_done_event     nrfx_uart.o
    0x0002da54   0x000000d0   Code   RO           40    i.uart_event_handle  main.o
    0x0002db24   0x000000a0   Code   RO         3988    i.uart_event_handler  app_uart_fifo.o
    0x0002dbc4   0x00000030   Code   RO         1989    i.uart_evt_handler  nrf_drv_uart.o
    0x0002dbf4   0x0000005c   Code   RO           41    i.uart_init         main.o
    0x0002dc50   0x00000128   Code   RO         2547    i.uart_irq_handler  nrfx_uart.o
    0x0002dd78   0x00000030   Code   RO         1990    i.uarte_evt_handler  nrf_drv_uart.o
    0x0002dda8   0x000000f4   Code   RO         2730    i.uarte_irq_handler  nrfx_uarte.o
    0x0002de9c   0x0000000a   Code   RO         1084    i.uint16_encode     ble_advdata.o
    0x0002dea6   0x00000002   PAD
    0x0002dea8   0x000000b4   Code   RO         4534    i.unsigned_print    nrf_fprintf_format.o
    0x0002df5c   0x00000068   Code   RO         1295    i.update_timeout_handler  ble_conn_params.o
    0x0002dfc4   0x00000018   Code   RO         1193    i.use_whitelist     ble_advertising.o
    0x0002dfdc   0x00000024   Code   RO         1733    i.user_mem_reply    nrf_ble_qwr.o
    0x0002e000   0x00000030   Code   RO         3839    i.user_op_alloc     app_timer.o
    0x0002e030   0x00000030   Code   RO         1085    i.uuid_list_encode  ble_advdata.o
    0x0002e060   0x0000009e   Code   RO         1086    i.uuid_list_sized_encode  ble_advdata.o
    0x0002e0fe   0x0000003a   Code   RO          889    i.wakeup_button_cfg  bsp.o
    0x0002e138   0x00000008   PAD
    0x0002e140   0x00000050   Data   RO           44    .constdata          main.o
    0x0002e190   0x00000015   Data   RO          584    .constdata          app_getdata.o
    0x0002e1a5   0x00000004   Data   RO          756    .constdata          boards.o
    0x0002e1a9   0x00000003   PAD
    0x0002e1ac   0x0000001c   Data   RO          893    .constdata          bsp.o
    0x0002e1c8   0x00000016   Data   RO         1631    .constdata          nrf_ble_gatt.o
    0x0002e1de   0x00000002   PAD
    0x0002e1e0   0x00000010   Data   RO         1781    .constdata          ble_nus.o
    0x0002e1f0   0x00000004   Data   RO         2212    .constdata          nrfx_gpiote.o
    0x0002e1f4   0x00000004   Data   RO         2550    .constdata          nrfx_uart.o
    0x0002e1f8   0x00000004   Data   RO         2733    .constdata          nrfx_uarte.o
    0x0002e1fc   0x00000010   Data   RO         2865    .constdata          nrf_drv_spi.o
    0x0002e20c   0x00000004   Data   RO         2925    .constdata          nrfx_spim.o
    0x0002e210   0x00000130   Data   RO         3209    .constdata          nrfx_ppi.o
    0x0002e340   0x00000008   Data   RO         3546    .constdata          app_button.o
    0x0002e348   0x00000008   PAD
    0x0002e350   0x00000006   Data   RO         3841    .constdata          app_timer.o
    0x0002e356   0x00000002   PAD
    0x0002e358   0x00000020   Data   RO         3990    .constdata          app_uart_fifo.o
    0x0002e378   0x00000010   Data   RO         4535    .constdata          nrf_fprintf_format.o
    0x0002e388   0x00000010   Data   RO         4671    .constdata          nrf_fstorage_sd.o
    0x0002e398   0x00000018   Data   RO         4854    .constdata          nrf_pwr_mgmt.o
    0x0002e3b0   0x0000000c   Data   RO         4855    .constdata          nrf_pwr_mgmt.o
    0x0002e3bc   0x0000013c   Data   RO         4958    .constdata          nrf_strerror.o
    0x0002e4f8   0x0000000c   Data   RO         5033    .constdata          nrf_log_backend_rtt.o
    0x0002e504   0x0000000c   PAD
    0x0002e510   0x00000006   Data   RO         5034    .constdata          nrf_log_backend_rtt.o
    0x0002e516   0x00000002   PAD
    0x0002e518   0x00000010   Data   RO         5677    .constdata          nrf_sdh.o
    0x0002e528   0x00000028   Data   RO         5678    .constdata          nrf_sdh.o
    0x0002e550   0x00000010   Data   RO         5679    .constdata          nrf_sdh.o
    0x0002e560   0x00000010   Data   RO         5680    .constdata          nrf_sdh.o
    0x0002e570   0x00000020   Data   RO         5800    .constdata          nrf_sdh_ble.o
    0x0002e590   0x00000010   Data   RO         5801    .constdata          nrf_sdh_ble.o
    0x0002e5a0   0x00000010   Data   RO         5848    .constdata          nrf_sdh_soc.o
    0x0002e5b0   0x0000000c   Data   RO         5849    .constdata          nrf_sdh_soc.o
    0x0002e5bc   0x00000081   Data   RO         5931    .constdata          mc_w.l(ctype_o.o)
    0x0002e63d   0x00000003   PAD
    0x0002e640   0x00000004   Data   RO         5932    .constdata          mc_w.l(ctype_o.o)
    0x0002e644   0x0000013e   Data   RO         1632    .conststring        nrf_ble_gatt.o
    0x0002e782   0x00000002   PAD
    0x0002e784   0x000003eb   Data   RO         4959    .conststring        nrf_strerror.o
    0x0002eb6f   0x00000001   PAD
    0x0002eb70   0x00000066   Data   RO         5355    .conststring        nrf_log_str_formatter.o
    0x0002ebd6   0x00000002   PAD
    0x0002ebd8   0x000001cf   Data   RO         5802    .conststring        nrf_sdh_ble.o
    0x0002eda7   0x00000001   PAD
    0x0002eda8   0x0000000d   Data   RO         1633    .conststrlit        nrf_ble_gatt.o
    0x0002edb5   0x00000003   PAD
    0x0002edb8   0x00000008   Data   RO         1782    .conststrlit        ble_nus.o
    0x0002edc0   0x00000006   Data   RO         1864    .conststrlit        nrf_drv_clock.o
    0x0002edc6   0x00000002   PAD
    0x0002edc8   0x00000006   Data   RO         2057    .conststrlit        nrfx_clock.o
    0x0002edce   0x00000002   PAD
    0x0002edd0   0x00000007   Data   RO         2216    .conststrlit        nrfx_gpiote.o
    0x0002edd7   0x00000001   PAD
    0x0002edd8   0x00000004   Data   RO         2476    .conststrlit        nrfx_prs.o
    0x0002eddc   0x00000005   Data   RO         2553    .conststrlit        nrfx_uart.o
    0x0002ede1   0x00000003   PAD
    0x0002ede4   0x00000006   Data   RO         2736    .conststrlit        nrfx_uarte.o
    0x0002edea   0x00000002   PAD
    0x0002edec   0x00000005   Data   RO         2928    .conststrlit        nrfx_spim.o
    0x0002edf1   0x00000003   PAD
    0x0002edf4   0x00000006   Data   RO         3069    .conststrlit        nrfx_saadc.o
    0x0002edfa   0x00000002   PAD
    0x0002edfc   0x00000006   Data   RO         3351    .conststrlit        nrfx_timer.o
    0x0002ee02   0x00000002   PAD
    0x0002ee04   0x0000000d   Data   RO         4583    .conststrlit        nrf_fstorage.o
    0x0002ee11   0x00000003   PAD
    0x0002ee14   0x0000000e   Data   RO         4673    .conststrlit        nrf_fstorage_sd.o
    0x0002ee22   0x00000002   PAD
    0x0002ee24   0x00000009   Data   RO         4856    .conststrlit        nrf_pwr_mgmt.o
    0x0002ee2d   0x00000003   PAD
    0x0002ee30   0x00000018   Data   RO         5192    .conststrlit        nrf_log_frontend.o
    0x0002ee48   0x00000008   Data   RO         5681    .conststrlit        nrf_sdh.o
    0x0002ee50   0x0000000c   Data   RO         5803    .conststrlit        nrf_sdh_ble.o
    0x0002ee5c   0x0000000c   Data   RO         5850    .conststrlit        nrf_sdh_soc.o
    0x0002ee68   0x00000020   Data   RO         6287    Region$$Table       anon$$obj.o
    0x0002ee88   0x00000008   Data   RO         1634    log_const_data      nrf_ble_gatt.o
    0x0002ee90   0x00000008   Data   RO         1783    log_const_data      ble_nus.o
    0x0002ee98   0x00000008   Data   RO         1865    log_const_data      nrf_drv_clock.o
    0x0002eea0   0x00000008   Data   RO         2059    log_const_data      nrfx_clock.o
    0x0002eea8   0x00000008   Data   RO         2217    log_const_data      nrfx_gpiote.o
    0x0002eeb0   0x00000008   Data   RO         2478    log_const_data      nrfx_prs.o
    0x0002eeb8   0x00000008   Data   RO         2554    log_const_data      nrfx_uart.o
    0x0002eec0   0x00000008   Data   RO         2737    log_const_data      nrfx_uarte.o
    0x0002eec8   0x00000008   Data   RO         2929    log_const_data      nrfx_spim.o
    0x0002eed0   0x00000008   Data   RO         3070    log_const_data      nrfx_saadc.o
    0x0002eed8   0x00000008   Data   RO         3352    log_const_data      nrfx_timer.o
    0x0002eee0   0x00000008   Data   RO         4584    log_const_data      nrf_fstorage.o
    0x0002eee8   0x00000008   Data   RO         4676    log_const_data      nrf_fstorage_sd.o
    0x0002eef0   0x00000008   Data   RO         4858    log_const_data      nrf_pwr_mgmt.o
    0x0002eef8   0x00000010   Data   RO         5195    log_const_data      nrf_log_frontend.o
    0x0002ef08   0x00000008   Data   RO         5683    log_const_data      nrf_sdh.o
    0x0002ef10   0x00000008   Data   RO         5805    log_const_data      nrf_sdh_ble.o
    0x0002ef18   0x00000008   Data   RO         5851    log_const_data      nrf_sdh_soc.o
    0x0002ef20   0x00000018   Data   RO         5197    nrf_balloc          nrf_log_frontend.o
    0x0002ef38   0x00000008   Data   RO         1391    sdh_ble_observers0  ble_conn_state.o
    0x0002ef40   0x00000010   Data   RO           49    sdh_ble_observers1  main.o
    0x0002ef50   0x00000008   Data   RO         1002    sdh_ble_observers1  bsp_btn_ble.o
    0x0002ef58   0x00000008   Data   RO         1298    sdh_ble_observers1  ble_conn_params.o
    0x0002ef60   0x00000010   Data   RO           50    sdh_ble_observers2  main.o
    0x0002ef70   0x00000008   Data   RO           51    sdh_ble_observers3  main.o
    0x0002ef78   0x00000008   Data   RO         4678    sdh_req_observers0  nrf_fstorage_sd.o
    0x0002ef80   0x00000008   Data   RO         1867    sdh_soc_observers0  nrf_drv_clock.o
    0x0002ef88   0x00000008   Data   RO         4679    sdh_soc_observers0  nrf_fstorage_sd.o
    0x0002ef90   0x00000008   Data   RO           52    sdh_soc_observers1  main.o
    0x0002ef98   0x00000008   Data   RO         5807    sdh_stack_observers0  nrf_sdh_ble.o
    0x0002efa0   0x00000008   Data   RO         5853    sdh_stack_observers0  nrf_sdh_soc.o
    0x0002efa8   0x00000008   Data   RO         1868    sdh_state_observers0  nrf_drv_clock.o
    0x0002efb0   0x00000008   Data   RO         4680    sdh_state_observers0  nrf_fstorage_sd.o


    Execution Region RW_IRAM1 (Base: 0x20002b98, Size: 0x00008ec8, Max: 0x0000d468, ABSOLUTE, COMPRESSED[0x0000006c])

    Base Addr    Size         Type   Attr      Idx    E Section Name        Object

    0x20002b98   0x00000038   Data   RW           45    .data               main.o
    0x20002bd0   0x00000008   Data   RW           46    .data               main.o
    0x20002bd8   0x00000004   Data   RW           48    .data               main.o
    0x20002bdc   0x00000034   Data   RW          585    .data               app_getdata.o
    0x20002c10   0x00000016   Data   RW          894    .data               bsp.o
    0x20002c26   0x00000002   PAD
    0x20002c28   0x00000008   Data   RW         1001    .data               bsp_btn_ble.o
    0x20002c30   0x00000008   Data   RW         1297    .data               ble_conn_params.o
    0x20002c38   0x0000000c   Data   RW         1991    .data               nrf_drv_uart.o
    0x20002c44   0x00000008   Data   RW         2058    .data               nrfx_clock.o
    0x20002c4c   0x00000008   Data   RW         2477    .data               nrfx_prs.o
    0x20002c54   0x00000008   Data   RW         3210    .data               nrfx_ppi.o
    0x20002c5c   0x00000001   Data   RW         3503    .data               nrf_drv_ppi.o
    0x20002c5d   0x00000003   PAD
    0x20002c60   0x00000020   Data   RW         3547    .data               app_button.o
    0x20002c80   0x00000014   Data   RW         3842    .data               app_timer.o
    0x20002c94   0x0000001c   Data   RW         3991    .data               app_uart_fifo.o
    0x20002cb0   0x00000014   Data   RW         4674    .data               nrf_fstorage_sd.o
    0x20002cc4   0x00000008   Data   RW         4675    .data               nrf_fstorage_sd.o
    0x20002ccc   0x00000008   Data   RW         4857    .data               nrf_pwr_mgmt.o
    0x20002cd4   0x00000004   Data   RW         4991    .data               retarget.o
    0x20002cd8   0x00000001   Data   RW         5035    .data               nrf_log_backend_rtt.o
    0x20002cd9   0x00000003   PAD
    0x20002cdc   0x0000000c   Data   RW         5131    .data               nrf_log_default_backends.o
    0x20002ce8   0x00000008   Data   RW         5193    .data               nrf_log_frontend.o
    0x20002cf0   0x00000008   Data   RW         5194    .data               nrf_log_frontend.o
    0x20002cf8   0x00000040   Data   RW         5356    .data               nrf_log_str_formatter.o
    0x20002d38   0x00000003   Data   RW         5682    .data               nrf_sdh.o
    0x20002d3b   0x00000001   Data   RW         5804    .data               nrf_sdh_ble.o
    0x20002d3c   0x00000004   Data   RW         5888    .data               system_nrf52.o
    0x20002d40   0x00000004   Data   RW         5969    .data               mc_w.l(strtok.o)
    0x20002d44   0x00000004   Data   RW         6260    .data               mc_w.l(errno.o)
    0x20002d48   0x00000004   Data   RW         1635    log_dynamic_data    nrf_ble_gatt.o
    0x20002d4c   0x00000004   Data   RW         1784    log_dynamic_data    ble_nus.o
    0x20002d50   0x00000004   Data   RW         1866    log_dynamic_data    nrf_drv_clock.o
    0x20002d54   0x00000004   Data   RW         2060    log_dynamic_data    nrfx_clock.o
    0x20002d58   0x00000004   Data   RW         2218    log_dynamic_data    nrfx_gpiote.o
    0x20002d5c   0x00000004   Data   RW         2479    log_dynamic_data    nrfx_prs.o
    0x20002d60   0x00000004   Data   RW         2555    log_dynamic_data    nrfx_uart.o
    0x20002d64   0x00000004   Data   RW         2738    log_dynamic_data    nrfx_uarte.o
    0x20002d68   0x00000004   Data   RW         2930    log_dynamic_data    nrfx_spim.o
    0x20002d6c   0x00000004   Data   RW         3071    log_dynamic_data    nrfx_saadc.o
    0x20002d70   0x00000004   Data   RW         3353    log_dynamic_data    nrfx_timer.o
    0x20002d74   0x00000004   Data   RW         4585    log_dynamic_data    nrf_fstorage.o
    0x20002d78   0x00000004   Data   RW         4677    log_dynamic_data    nrf_fstorage_sd.o
    0x20002d7c   0x00000004   Data   RW         4859    log_dynamic_data    nrf_pwr_mgmt.o
    0x20002d80   0x00000008   Data   RW         5196    log_dynamic_data    nrf_log_frontend.o
    0x20002d88   0x00000004   Data   RW         5684    log_dynamic_data    nrf_sdh.o
    0x20002d8c   0x00000004   Data   RW         5806    log_dynamic_data    nrf_sdh_ble.o
    0x20002d90   0x00000004   Data   RW         5852    log_dynamic_data    nrf_sdh_soc.o
    0x20002d94   0x00006048   Zero   RW           42    .bss                main.o
    0x20008ddc   0x00000020   Zero   RW           43    .bss                main.o
    0x20008dfc   0x00000020   Zero   RW          890    .bss                bsp.o
    0x20008e1c   0x00000020   Zero   RW          891    .bss                bsp.o
    0x20008e3c   0x00000020   Zero   RW          892    .bss                bsp.o
    0x20008e5c   0x00000050   Zero   RW         1296    .bss                ble_conn_params.o
    0x20008eac   0x00000078   Zero   RW         1390    .bss                ble_conn_state.o
    0x20008f24   0x00000014   Zero   RW         1859    .bss                nrf_drv_clock.o
    0x20008f38   0x0000005c   Zero   RW         2211    .bss                nrfx_gpiote.o
    0x20008f94   0x0000002c   Zero   RW         2548    .bss                nrfx_uart.o
    0x20008fc0   0x00000024   Zero   RW         2731    .bss                nrfx_uarte.o
    0x20008fe4   0x00000018   Zero   RW         2864    .bss                nrf_drv_spi.o
    0x20008ffc   0x00000024   Zero   RW         2923    .bss                nrfx_spim.o
    0x20009020   0x00000030   Zero   RW         3060    .bss                nrfx_saadc.o
    0x20009050   0x0000003c   Zero   RW         3349    .bss                nrfx_timer.o
    0x2000908c   0x00000020   Zero   RW         3545    .bss                app_button.o
    0x200090ac   0x00000020   Zero   RW         3606    .bss                app_error.o
    0x200090cc   0x0000010c   Zero   RW         3840    .bss                app_timer.o
    0x200091d8   0x00000020   Zero   RW         3989    .bss                app_uart_fifo.o
    0x200091f8   0x0000000c   Zero   RW         4073    .bss                app_util_platform.o
    0x20009204   0x000000a0   Zero   RW         4670    .bss                nrf_fstorage_sd.o
    0x200092a4   0x0000000c   Zero   RW         4853    .bss                nrf_pwr_mgmt.o
    0x200092b0   0x00000040   Zero   RW         5032    .bss                nrf_log_backend_rtt.o
    0x200092f0   0x000000c0   Zero   RW         5190    .bss                nrf_log_frontend.o
    0x200093b0   0x00000424   Zero   RW         5191    .bss                nrf_log_frontend.o
    0x200097d4   0x00000288   Zero   RW         5432    .bss                segger_rtt.o
    0x20009a5c   0x00000004   PAD
    0x20009a60   0x00002000   Zero   RW         5876    STACK               arm_startup_nrf52.o


==============================================================================

Image component sizes


      Code (inc. data)   RO Data    RW Data    ZI Data      Debug   Object Name

       440         36          8         32         32      13110   app_button.o
       100          4          0          0         32       3418   app_error.o
        26          0          0          0          0        576   app_error_handler_keil.o
       372        190          0          0          0       4854   app_error_weak.o
       118          0          0          0          0       5054   app_fifo.o
       538        156         21         52          0      93334   app_getdata.o
      1506        118          6         20        268      48011   app_timer.o
       588        120         32         28         32      22966   app_uart_fifo.o
       124         14          0          0         12       9486   app_util_platform.o
        36          8        512          0       8192        932   arm_startup_nrf52.o
      1314          0          0          0          0      45348   ble_advdata.o
      1116          6          0          0          0      21856   ble_advertising.o
       636         44          8          8         80      12731   ble_conn_params.o
       424         70          8          0        120       6875   ble_conn_state.o
        72          0          0          0          0       2832   ble_link_ctx_manager.o
       920          4         32          4          0      10864   ble_nus.o
         8          0          0          0          0       1470   ble_srv_common.o
       358         40          4          0          0      47851   boards.o
       986         84         28         22         96      19872   bsp.o
       230         10          8          8          0      52840   bsp_btn_ble.o
      3282        906        128         68      24680     176052   main.o
       244          0          0          0          0       5697   nrf_atfifo.o
        64          0          0          0          0       2988   nrf_atflags.o
       306          0          0          0          0       8079   nrf_atomic.o
       164          0          0          0          0       3668   nrf_balloc.o
      1722        750        361          4          0      38302   nrf_ble_gatt.o
       276          0          0          0          0       6245   nrf_ble_qwr.o
       276         34         30          4         20      40026   nrf_drv_clock.o
        24          6          0          1          0        975   nrf_drv_ppi.o
       168         18         16          0         24      15755   nrf_drv_spi.o
       200         26          0         12          0      17744   nrf_drv_uart.o
        50          0          0          0          0       3557   nrf_fprintf.o
       850          4         16          0          0       5510   nrf_fprintf_format.o
        80         10         21          4          0       2676   nrf_fstorage.o
       484         42         62         32        160       9757   nrf_fstorage_sd.o
       112         18         18          1         64       6397   nrf_log_backend_rtt.o
       200          0          0          0          0      10819   nrf_log_backend_serial.o
        28          6          0         12          0       3218   nrf_log_default_backends.o
      1564        118         64         24       1252      32724   nrf_log_frontend.o
       566        108        102         64          0       5832   nrf_log_str_formatter.o
       330          0          0          0          0       9679   nrf_memobj.o
       108         16         53         12         12      37839   nrf_pwr_mgmt.o
       872        242        104          7          0      44076   nrf_sdh.o
       828        288        539          5          0       6053   nrf_sdh_ble.o
       128         68         56          4          0       2600   nrf_sdh_soc.o
        78          0          0          0          0       2804   nrf_section_iter.o
        76         10       1319          0          0       2767   nrf_strerror.o
       222         28         14         12          0      41400   nrfx_clock.o
      1226         92         19          4         92      58802   nrfx_gpiote.o
       622        232        304          8          0      19572   nrfx_ppi.o
        94         16         12         12          0       3877   nrfx_prs.o
       924         76         14          4         48      18645   nrfx_saadc.o
       882         22         17          4         36      21251   nrfx_spim.o
       530         64         14          4         60      18338   nrfx_timer.o
      1362         36         17          4         44      31446   nrfx_uart.o
      1200         38         18          4         36      24001   nrfx_uarte.o
        14          0          0          4          0       2890   retarget.o
       378         34          0          0        648       9053   segger_rtt.o
       796         70          0          4          0      29570   system_nrf52.o

    ----------------------------------------------------------------------
     31312       4282       4080        500      36044    1204964   Object Totals
         0          0         32          0          0          0   (incl. Generated)
        70          0         63          8          4          0   (incl. Padding)

    ----------------------------------------------------------------------

      Code (inc. data)   RO Data    RW Data    ZI Data      Debug   Library Member Name

        86          0          0          0          0          0   __dczerorl2.o
        28          0          0          0          0         68   _chval.o
       158          0          0          0          0         92   _strtoul.o
        26          0          0          0          0         80   atoi.o
         8          4        133          0          0         68   ctype_o.o
         0          0          0          0          0          0   entry.o
         0          0          0          0          0          0   entry10a.o
         0          0          0          0          0          0   entry11a.o
         8          4          0          0          0          0   entry2.o
         4          0          0          0          0          0   entry5.o
         0          0          0          0          0          0   entry7b.o
         0          0          0          0          0          0   entry8b.o
         8          4          0          0          0          0   entry9a.o
         8          4          0          4          0         68   errno.o
        30          0          0          0          0          0   handlers.o
        36          8          0          0          0         68   init.o
        30          0          0          0          0         68   llshl.o
        32          0          0          0          0         68   llushr.o
        36          0          0          0          0         68   memcpya.o
        36          0          0          0          0        108   memseta.o
       372         14          0          0          0        184   printf1.o
        18          0          0          0          0         68   strcpy.o
        14          0          0          0          0         68   strlen.o
        68          6          0          4          0         80   strtok.o
       112          0          0          0          0         88   strtol.o
        44          0          0          0          0         80   uidiv.o
        98          0          0          0          0         92   uldiv.o

    ----------------------------------------------------------------------
      1264         44        136          8          0       1416   Library Totals
         4          0          3          0          0          0   (incl. Padding)

    ----------------------------------------------------------------------

      Code (inc. data)   RO Data    RW Data    ZI Data      Debug   Library Name

      1260         44        133          8          0       1416   mc_w.l

    ----------------------------------------------------------------------
      1264         44        136          8          0       1416   Library Totals

    ----------------------------------------------------------------------

==============================================================================


      Code (inc. data)   RO Data    RW Data    ZI Data      Debug   

     32576       4326       4216        508      36044    1169288   Grand Totals
     32576       4326       4216        108      36044    1169288   ELF Image Totals (compressed)
     32576       4326       4216        108          0          0   ROM Totals

==============================================================================

    Total RO  Size (Code + RO Data)                36792 (  35.93kB)
    Total RW  Size (RW Data + ZI Data)             36552 (  35.70kB)
    Total ROM Size (Code + RO Data + RW Data)      36900 (  36.04kB)

==============================================================================

